[    0.000000] Linux version 5.0.5-1-MANJARO (builduser@development) (gcc version 8.2.1 20181127 (GCC)) #1 SMP PREEMPT Wed Mar 27 19:15:04 UTC 2019
[    0.000000] Command line: BOOT_IMAGE=/boot/vmlinuz-5.0-x86_64 root=UUID=4f4921ba-733d-4a2b-af0d-4267f8b83388 rw quiet
[    0.000000] KERNEL supported cpus:
[    0.000000]   Intel GenuineIntel
[    0.000000]   AMD AuthenticAMD
[    0.000000]   Hygon HygonGenuine
[    0.000000]   Centaur CentaurHauls
[    0.000000] x86/fpu: Supporting XSAVE feature 0x001: 'x87 floating point registers'
[    0.000000] x86/fpu: Supporting XSAVE feature 0x002: 'SSE registers'
[    0.000000] x86/fpu: Supporting XSAVE feature 0x004: 'AVX registers'
[    0.000000] x86/fpu: xstate_offset[2]:  576, xstate_sizes[2]:  256
[    0.000000] x86/fpu: Enabled xstate features 0x7, context size is 832 bytes, using 'standard' format.
[    0.000000] BIOS-provided physical RAM map:
[    0.000000] BIOS-e820: [mem 0x0000000000000000-0x0000000000057fff] usable
[    0.000000] BIOS-e820: [mem 0x0000000000058000-0x0000000000058fff] reserved
[    0.000000] BIOS-e820: [mem 0x0000000000059000-0x000000000008efff] usable
[    0.000000] BIOS-e820: [mem 0x000000000008f000-0x000000000008ffff] reserved
[    0.000000] BIOS-e820: [mem 0x0000000000090000-0x000000000009ffff] usable
[    0.000000] BIOS-e820: [mem 0x00000000000a0000-0x00000000000bffff] reserved
[    0.000000] BIOS-e820: [mem 0x0000000000100000-0x000000007ad13fff] usable
[    0.000000] BIOS-e820: [mem 0x000000007ad14000-0x000000007ad52fff] ACPI NVS
[    0.000000] BIOS-e820: [mem 0x000000007ad53000-0x000000007ad5efff] usable
[    0.000000] BIOS-e820: [mem 0x000000007ad5f000-0x000000007ad8efff] ACPI data
[    0.000000] BIOS-e820: [mem 0x000000007ad8f000-0x000000007ae38fff] usable
[    0.000000] BIOS-e820: [mem 0x000000007ae39000-0x000000007ae8efff] reserved
[    0.000000] BIOS-e820: [mem 0x000000007ae8f000-0x000000007aecffff] usable
[    0.000000] BIOS-e820: [mem 0x000000007aed0000-0x000000007aefefff] type 20
[    0.000000] BIOS-e820: [mem 0x000000007aeff000-0x000000007af77fff] usable
[    0.000000] BIOS-e820: [mem 0x000000007af78000-0x000000007afe4fff] reserved
[    0.000000] BIOS-e820: [mem 0x000000007afe5000-0x000000007affffff] usable
[    0.000000] BIOS-e820: [mem 0x000000007b000000-0x000000007f9fffff] reserved
[    0.000000] BIOS-e820: [mem 0x00000000e00f8000-0x00000000e00f8fff] reserved
[    0.000000] BIOS-e820: [mem 0x00000000fed1c000-0x00000000fed1ffff] reserved
[    0.000000] BIOS-e820: [mem 0x00000000ffe10000-0x00000000ffe3ffff] reserved
[    0.000000] BIOS-e820: [mem 0x0000000100000000-0x000000047f5fffff] usable
[    0.000000] NX (Execute Disable) protection: active
[    0.000000] efi: EFI v1.10 by Apple
[    0.000000] efi:  ACPI=0x7ad8e000  ACPI 2.0=0x7ad8e014  SMBIOS=0x7ad15000
[    0.000000] SMBIOS 2.4 present.
[    0.000000] DMI: Apple Inc. MacBookPro11,3/Mac-2BD1B31983FE1663, BIOS 151.0.0.0.0 02/14/2019
[    0.000000] tsc: Fast TSC calibration using PIT
[    0.000000] tsc: Detected 2793.423 MHz processor
[    0.000126] e820: update [mem 0x00000000-0x00000fff] usable ==> reserved
[    0.000127] e820: remove [mem 0x000a0000-0x000fffff] usable
[    0.000132] last_pfn = 0x47f600 max_arch_pfn = 0x400000000
[    0.000135] MTRR default type: write-back
[    0.000135] MTRR fixed ranges enabled:
[    0.000136]   00000-9FFFF write-back
[    0.000137]   A0000-BFFFF uncachable
[    0.000137]   C0000-DFFFF write-protect
[    0.000138]   E0000-FFFFF uncachable
[    0.000138] MTRR variable ranges enabled:
[    0.000139]   0 base 0080000000 mask 7F80000000 uncachable
[    0.000140]   1 base 007C000000 mask 7FFC000000 uncachable
[    0.000140]   2 base 007B800000 mask 7FFF800000 uncachable
[    0.000140]   3 disabled
[    0.000141]   4 disabled
[    0.000141]   5 disabled
[    0.000141]   6 disabled
[    0.000142]   7 disabled
[    0.000142]   8 disabled
[    0.000142]   9 disabled
[    0.008412] x86/PAT: Configuration [0-7]: WB  WC  UC- UC  WB  WP  UC- WT
[    0.008567] last_pfn = 0x7b000 max_arch_pfn = 0x400000000
[    0.020015] check: Scanning 1 areas for low memory corruption
[    0.020018] Base memory trampoline at [(____ptrval____)] 99000 size 24576
[    0.020026] Using GB pages for direct mapping
[    0.020028] BRK [0x40a801000, 0x40a801fff] PGTABLE
[    0.020029] BRK [0x40a802000, 0x40a802fff] PGTABLE
[    0.020030] BRK [0x40a803000, 0x40a803fff] PGTABLE
[    0.020044] BRK [0x40a804000, 0x40a804fff] PGTABLE
[    0.020045] BRK [0x40a805000, 0x40a805fff] PGTABLE
[    0.020046] BRK [0x40a806000, 0x40a806fff] PGTABLE
[    0.020161] BRK [0x40a807000, 0x40a807fff] PGTABLE
[    0.020172] BRK [0x40a808000, 0x40a808fff] PGTABLE
[    0.020193] BRK [0x40a809000, 0x40a809fff] PGTABLE
[    0.020270] Secure boot could not be determined
[    0.020270] RAMDISK: [mem 0x36ae3000-0x37568fff]
[    0.020280] ACPI: Early table checksum verification disabled
[    0.020282] ACPI: RSDP 0x000000007AD8E014 000024 (v02 APPLE )
[    0.020284] ACPI: XSDT 0x000000007AD8E1C0 00009C (v01 APPLE  Apple00  00000000      01000013)
[    0.020288] ACPI: FACP 0x000000007AD8C000 0000F4 (v05 APPLE  Apple00  00000000 Loki 0000005F)
[    0.020290] ACPI BIOS Warning (bug): 32/64X length mismatch in FADT/Gpe0Block: 128/0 (20181213/tbfadt-569)
[    0.020293] ACPI: DSDT 0x000000007AD80000 006C1F (v03 APPLE  MacBookP 00110002 INTL 20100915)
[    0.020294] ACPI: FACS 0x000000007AD1C000 000040
[    0.020296] ACPI: FACS 0x000000007AD1C000 000040
[    0.020297] ACPI: HPET 0x000000007AD8B000 000038 (v01 APPLE  Apple00  00000001 Loki 0000005F)
[    0.020299] ACPI: APIC 0x000000007AD8A000 0000BC (v02 APPLE  Apple00  00000001 Loki 0000005F)
[    0.020300] ACPI: SBST 0x000000007AD88000 000030 (v01 APPLE  Apple00  00000001 Loki 0000005F)
[    0.020302] ACPI: ECDT 0x000000007AD87000 000053 (v01 APPLE  Apple00  00000001 Loki 0000005F)
[    0.020304] ACPI: SSDT 0x000000007AD7F000 00010B (v01 APPLE  SataAhci 00001000 INTL 20100915)
[    0.020305] ACPI: SSDT 0x000000007AD7E000 000024 (v01 APPLE  SmcDppt  00001000 INTL 20100915)
[    0.020307] ACPI: SSDT 0x000000007AD7C000 000688 (v01 APPLE  SDUsbLpt 00001000 INTL 20100915)
[    0.020308] ACPI: SSDT 0x000000007AD79000 000032 (v01 APPLE  SsdtS3   00001000 INTL 20100915)
[    0.020310] ACPI: SSDT 0x000000007AD64000 009E2C (v01 APPLE  TbtPEG11 00001000 INTL 20100915)
[    0.020312] ACPI: SSDT 0x000000007AD63000 0000B8 (v01 APPLE  Sdxc     00001000 INTL 20100915)
[    0.020313] ACPI: SSDT 0x000000007AD61000 0006BD (v01 PmRef  Cpu0Ist  00003000 INTL 20100915)
[    0.020315] ACPI: SSDT 0x000000007AD60000 000B83 (v01 PmRef  CpuPm    00003000 INTL 20100915)
[    0.020317] ACPI: DMAR 0x000000007AD5F000 000088 (v01 APPLE  HSW      00000001 AAPL 00000001)
[    0.020318] ACPI: MCFG 0x000000007AD89000 00003C (v01 APPLE  Apple00  00000001 Loki 0000005F)
[    0.020323] ACPI: DMI detected to setup _OSI("Darwin"): Apple hardware
[    0.020325] ACPI: Local APIC address 0xfee00000
[    0.020385] No NUMA configuration found
[    0.020386] Faking a node at [mem 0x0000000000000000-0x000000047f5fffff]
[    0.020389] NODE_DATA(0) allocated [mem 0x47f5fc000-0x47f5fffff]
[    0.020408] Zone ranges:
[    0.020408]   DMA      [mem 0x0000000000001000-0x0000000000ffffff]
[    0.020409]   DMA32    [mem 0x0000000001000000-0x00000000ffffffff]
[    0.020410]   Normal   [mem 0x0000000100000000-0x000000047f5fffff]
[    0.020411]   Device   empty
[    0.020411] Movable zone start for each node
[    0.020411] Early memory node ranges
[    0.020412]   node   0: [mem 0x0000000000001000-0x0000000000057fff]
[    0.020412]   node   0: [mem 0x0000000000059000-0x000000000008efff]
[    0.020413]   node   0: [mem 0x0000000000090000-0x000000000009ffff]
[    0.020413]   node   0: [mem 0x0000000000100000-0x000000007ad13fff]
[    0.020414]   node   0: [mem 0x000000007ad53000-0x000000007ad5efff]
[    0.020414]   node   0: [mem 0x000000007ad8f000-0x000000007ae38fff]
[    0.020414]   node   0: [mem 0x000000007ae8f000-0x000000007aecffff]
[    0.020415]   node   0: [mem 0x000000007aeff000-0x000000007af77fff]
[    0.020415]   node   0: [mem 0x000000007afe5000-0x000000007affffff]
[    0.020416]   node   0: [mem 0x0000000100000000-0x000000047f5fffff]
[    0.020600] Zeroed struct page in unavailable ranges: 20932 pages
[    0.020601] Initmem setup node 0 [mem 0x0000000000001000-0x000000047f5fffff]
[    0.020602] On node 0 totalpages: 4170812
[    0.020603]   DMA zone: 64 pages used for memmap
[    0.020603]   DMA zone: 26 pages reserved
[    0.020604]   DMA zone: 3997 pages, LIFO batch:0
[    0.020662]   DMA32 zone: 7803 pages used for memmap
[    0.020663]   DMA32 zone: 499359 pages, LIFO batch:63
[    0.028600]   Normal zone: 57304 pages used for memmap
[    0.028601]   Normal zone: 3667456 pages, LIFO batch:63
[    0.084885] ACPI: PM-Timer IO Port: 0x408
[    0.084887] ACPI: Local APIC address 0xfee00000
[    0.084892] ACPI: LAPIC_NMI (acpi_id[0x01] high edge lint[0x1])
[    0.084892] ACPI: LAPIC_NMI (acpi_id[0x02] high edge lint[0x1])
[    0.084893] ACPI: LAPIC_NMI (acpi_id[0x03] high edge lint[0x1])
[    0.084893] ACPI: LAPIC_NMI (acpi_id[0x04] high edge lint[0x1])
[    0.084894] ACPI: LAPIC_NMI (acpi_id[0x05] high edge lint[0x1])
[    0.084894] ACPI: LAPIC_NMI (acpi_id[0x06] high edge lint[0x1])
[    0.084894] ACPI: LAPIC_NMI (acpi_id[0x07] high edge lint[0x1])
[    0.084895] ACPI: LAPIC_NMI (acpi_id[0x08] high edge lint[0x1])
[    0.084909] IOAPIC[0]: apic_id 2, version 32, address 0xfec00000, GSI 0-23
[    0.084910] ACPI: INT_SRC_OVR (bus 0 bus_irq 0 global_irq 2 dfl dfl)
[    0.084911] ACPI: INT_SRC_OVR (bus 0 bus_irq 9 global_irq 9 high level)
[    0.084912] ACPI: IRQ0 used by override.
[    0.084913] ACPI: IRQ9 used by override.
[    0.084914] Using ACPI (MADT) for SMP configuration information
[    0.084915] ACPI: HPET id: 0x8086a201 base: 0xfed00000
[    0.084918] smpboot: Allowing 8 CPUs, 0 hotplug CPUs
[    0.084936] PM: Registered nosave memory: [mem 0x00000000-0x00000fff]
[    0.084937] PM: Registered nosave memory: [mem 0x00058000-0x00058fff]
[    0.084938] PM: Registered nosave memory: [mem 0x0008f000-0x0008ffff]
[    0.084939] PM: Registered nosave memory: [mem 0x000a0000-0x000bffff]
[    0.084940] PM: Registered nosave memory: [mem 0x000c0000-0x000fffff]
[    0.084941] PM: Registered nosave memory: [mem 0x7ad14000-0x7ad52fff]
[    0.084942] PM: Registered nosave memory: [mem 0x7ad5f000-0x7ad8efff]
[    0.084943] PM: Registered nosave memory: [mem 0x7ae39000-0x7ae8efff]
[    0.084944] PM: Registered nosave memory: [mem 0x7aed0000-0x7aefefff]
[    0.084945] PM: Registered nosave memory: [mem 0x7af78000-0x7afe4fff]
[    0.084946] PM: Registered nosave memory: [mem 0x7b000000-0x7f9fffff]
[    0.084947] PM: Registered nosave memory: [mem 0x7fa00000-0xe00f7fff]
[    0.084947] PM: Registered nosave memory: [mem 0xe00f8000-0xe00f8fff]
[    0.084948] PM: Registered nosave memory: [mem 0xe00f9000-0xfed1bfff]
[    0.084948] PM: Registered nosave memory: [mem 0xfed1c000-0xfed1ffff]
[    0.084948] PM: Registered nosave memory: [mem 0xfed20000-0xffe0ffff]
[    0.084949] PM: Registered nosave memory: [mem 0xffe10000-0xffe3ffff]
[    0.084949] PM: Registered nosave memory: [mem 0xffe40000-0xffffffff]
[    0.084950] [mem 0x7fa00000-0xe00f7fff] available for PCI devices
[    0.084953] Booting paravirtualized kernel on bare hardware
[    0.084955] clocksource: refined-jiffies: mask: 0xffffffff max_cycles: 0xffffffff, max_idle_ns: 6370452778343963 ns
[    0.156969] random: get_random_bytes called from start_kernel+0x95/0x538 with crng_init=0
[    0.156974] setup_percpu: NR_CPUS:320 nr_cpumask_bits:320 nr_cpu_ids:8 nr_node_ids:1
[    0.157122] percpu: Embedded 45 pages/cpu @(____ptrval____) s147456 r8192 d28672 u262144
[    0.157128] pcpu-alloc: s147456 r8192 d28672 u262144 alloc=1*2097152
[    0.157129] pcpu-alloc: [0] 0 1 2 3 4 5 6 7
[    0.157143] Built 1 zonelists, mobility grouping on.  Total pages: 4105615
[    0.157143] Policy zone: Normal
[    0.157144] Kernel command line: BOOT_IMAGE=/boot/vmlinuz-5.0-x86_64 root=UUID=4f4921ba-733d-4a2b-af0d-4267f8b83388 rw quiet
[    0.160221] Calgary: detecting Calgary via BIOS EBDA area
[    0.160223] Calgary: Unable to locate Rio Grande table in EBDA - bailing!
[    0.196972] Memory: 16023332K/16683248K available (12291K kernel code, 1290K rwdata, 3772K rodata, 1540K init, 3888K bss, 659916K reserved, 0K cma-reserved)
[    0.197076] SLUB: HWalign=64, Order=0-3, MinObjects=0, CPUs=8, Nodes=1
[    0.197079] Kernel/User page tables isolation: enabled
[    0.197089] ftrace: allocating 36149 entries in 142 pages
[    0.206777] rcu: Preemptible hierarchical RCU implementation.
[    0.206778] rcu: 	CONFIG_RCU_FANOUT set to non-default value of 32.
[    0.206778] rcu: 	RCU dyntick-idle grace-period acceleration is enabled.
[    0.206779] rcu: 	RCU restricting CPUs from NR_CPUS=320 to nr_cpu_ids=8.
[    0.206779] rcu: 	RCU priority boosting: priority 1 delay 500 ms.
[    0.206780] 	Tasks RCU enabled.
[    0.206780] rcu: RCU calculated value of scheduler-enlistment delay is 30 jiffies.
[    0.206781] rcu: Adjusting geometry for rcu_fanout_leaf=16, nr_cpu_ids=8
[    0.207901] NR_IRQS: 20736, nr_irqs: 488, preallocated irqs: 16
[    0.208028] rcu: 	Offload RCU callbacks from CPUs: (none).
[    0.208071] Console: colour dummy device 80x25
[    0.208075] printk: console [tty0] enabled
[    0.208088] ACPI: Core revision 20181213
[    0.208260] clocksource: hpet: mask: 0xffffffff max_cycles: 0xffffffff, max_idle_ns: 133484882848 ns
[    0.208268] hpet clockevent registered
[    0.208272] APIC: Switch to symmetric I/O mode setup
[    0.208273] DMAR: Host address width 39
[    0.208274] DMAR: DRHD base: 0x000000fed90000 flags: 0x0
[    0.208277] DMAR: dmar0: reg_base_addr fed90000 ver 1:0 cap c0000020660462 ecap f0101a
[    0.208277] DMAR: DRHD base: 0x000000fed91000 flags: 0x1
[    0.208279] DMAR: dmar1: reg_base_addr fed91000 ver 1:0 cap d2008020660462 ecap f010da
[    0.208280] DMAR: RMRR base: 0x0000007b800000 end: 0x0000007f9fffff
[    0.208281] DMAR-IR: IOAPIC id 2 under DRHD base  0xfed91000 IOMMU 1
[    0.208282] DMAR-IR: HPET id 0 under DRHD base 0xfed91000
[    0.208282] DMAR-IR: Queued invalidation will be enabled to support x2apic and Intr-remapping.
[    0.208672] DMAR-IR: Enabled IRQ remapping in x2apic mode
[    0.208673] x2apic enabled
[    0.208678] Switched APIC routing to cluster x2apic.
[    0.209036] ..TIMER: vector=0x30 apic1=0 pin1=2 apic2=-1 pin2=-1
[    0.224945] clocksource: tsc-early: mask: 0xffffffffffffffff max_cycles: 0x2843fc00eca, max_idle_ns: 440795306134 ns
[    0.224953] Calibrating delay loop (skipped), value calculated using timer frequency.. 5589.63 BogoMIPS (lpj=9311410)
[    0.224955] pid_max: default: 32768 minimum: 301
[    0.240422] LSM: Security Framework initializing
[    0.240423] Yama: becoming mindful.
[    0.240427] AppArmor: AppArmor disabled by boot time parameter
[    0.242355] Dentry cache hash table entries: 2097152 (order: 12, 16777216 bytes)
[    0.243216] Inode-cache hash table entries: 1048576 (order: 11, 8388608 bytes)
[    0.243250] Mount-cache hash table entries: 32768 (order: 6, 262144 bytes)
[    0.243276] Mountpoint-cache hash table entries: 32768 (order: 6, 262144 bytes)
[    0.243430] ENERGY_PERF_BIAS: Set to 'normal', was 'performance'
[    0.243430] ENERGY_PERF_BIAS: View and update with x86_energy_perf_policy(8)
[    0.243433] mce: CPU supports 10 MCE banks
[    0.243441] mce: CPU0: Thermal monitoring enabled (TM1)
[    0.243452] process: using mwait in idle threads
[    0.243454] Last level iTLB entries: 4KB 1024, 2MB 1024, 4MB 1024
[    0.243454] Last level dTLB entries: 4KB 1024, 2MB 1024, 4MB 1024, 1GB 4
[    0.243455] Spectre V2 : Mitigation: Full generic retpoline
[    0.243456] Spectre V2 : Spectre v2 / SpectreRSB mitigation: Filling RSB on context switch
[    0.243456] Spectre V2 : Enabling Restricted Speculation for firmware calls
[    0.243461] Spectre V2 : mitigation: Enabling conditional Indirect Branch Prediction Barrier
[    0.243462] Spectre V2 : User space: Mitigation: STIBP via seccomp and prctl
[    0.243463] Speculative Store Bypass: Mitigation: Speculative Store Bypass disabled via prctl and seccomp
[    0.243584] Freeing SMP alternatives memory: 32K
[    0.244437] TSC deadline timer enabled
[    0.244439] smpboot: CPU0: Intel(R) Core(TM) i7-4980HQ CPU @ 2.80GHz (family: 0x6, model: 0x46, stepping: 0x1)
[    0.261630] Performance Events: PEBS fmt2+, Haswell events, 16-deep LBR, full-width counters, Intel PMU driver.
[    0.261660] ... version:                3
[    0.261660] ... bit width:              48
[    0.261660] ... generic registers:      4
[    0.261661] ... value mask:             0000ffffffffffff
[    0.261661] ... max period:             00007fffffffffff
[    0.261662] ... fixed-purpose events:   3
[    0.261662] ... event mask:             000000070000000f
[    0.268294] rcu: Hierarchical SRCU implementation.
[    0.291731] NMI watchdog: Enabled. Permanently consumes one hw-PMU counter.
[    0.298298] smp: Bringing up secondary CPUs ...
[    0.338301] x86: Booting SMP configuration:
[    0.338302] .... node  #0, CPUs:      #1 #2 #3 #4 #5 #6 #7
[    0.602610] smp: Brought up 1 node, 8 CPUs
[    0.602610] smpboot: Max logical packages: 1
[    0.602610] smpboot: Total of 8 processors activated (44712.05 BogoMIPS)
[    0.605273] devtmpfs: initialized
[    0.605273] x86/mm: Memory block size: 128MB
[    0.605704] PM: Registering ACPI NVS region [mem 0x7ad14000-0x7ad52fff] (258048 bytes)
[    0.605704] clocksource: jiffies: mask: 0xffffffff max_cycles: 0xffffffff, max_idle_ns: 6370867519511994 ns
[    0.605704] futex hash table entries: 2048 (order: 5, 131072 bytes)
[    0.605704] pinctrl core: initialized pinctrl subsystem
[    0.605704] RTC time: 11:04:45, date: 2019-04-17
[    0.605704] NET: Registered protocol family 16
[    0.605704] audit: initializing netlink subsys (disabled)
[    0.605704] audit: type=2000 audit(1555499085.396:1): state=initialized audit_enabled=0 res=1
[    0.605704] cpuidle: using governor ladder
[    0.608286] cpuidle: using governor menu
[    0.608307] ACPI: bus type PCI registered
[    0.608309] acpiphp: ACPI Hot Plug PCI Controller Driver version: 0.5
[    0.608370] PCI: MMCONFIG for domain 0000 [bus 00-9c] at [mem 0xe0000000-0xe9cfffff] (base 0xe0000000)
[    0.608376] PCI: not using MMCONFIG
[    0.608376] PCI: Using configuration type 1 for base access
[    0.608376] core: PMU erratum BJ122, BV98, HSD29 worked around, HT is on
[    0.609311] HugeTLB registered 1.00 GiB page size, pre-allocated 0 pages
[    0.609311] HugeTLB registered 2.00 MiB page size, pre-allocated 0 pages
[    0.609311] ACPI: Disabled all _OSI OS vendors
[    0.609311] ACPI: Added _OSI(Module Device)
[    0.609311] ACPI: Added _OSI(Processor Device)
[    0.609311] ACPI: Added _OSI(3.0 _SCP Extensions)
[    0.609311] ACPI: Added _OSI(Processor Aggregator Device)
[    0.609311] ACPI: Added _OSI(Linux-Dell-Video)
[    0.609311] ACPI: Added _OSI(Linux-Lenovo-NV-HDMI-Audio)
[    0.609311] ACPI: Added _OSI(Linux-HPI-Hybrid-Graphics)
[    0.609311] ACPI: Added _OSI(Darwin)
[    0.623044] ACPI: 9 ACPI AML tables successfully acquired and loaded
[    0.623828] ACPI: EC: EC started
[    0.623828] ACPI: EC: interrupt blocked
[    0.625956] ACPI: \: Used as first EC
[    0.625958] ACPI: \: GPE=0x17, EC_CMD/EC_SC=0x66, EC_DATA=0x62
[    0.625959] ACPI: \: Used as boot ECDT EC to handle transactions
[    0.626900] ACPI: BIOS _OSI(Darwin) query honored via DMI
[    0.627571] ACPI: [Firmware Bug]: BIOS _OSI(Linux) query ignored
[    0.627659] ACPI Error: Needed type [Reference], found [Integer] 00000000c1107ceb (20181213/exresop-69)
[    0.627662] ACPI Error: AE_AML_OPERAND_TYPE, While resolving operands for [Store] (20181213/dswexec-427)
[    0.627665] ACPI Error: Method parse/execution failed \_PR.CPU0._PDC, AE_AML_OPERAND_TYPE (20181213/psparse-531)
[    0.627799] ACPI: Dynamic OEM Table Load:
[    0.627799] ACPI: SSDT 0xFFFFA401AC87E800 00067C (v01 PmRef  ApIst    00003000 INTL 20100915)
[    0.628372] ACPI: Dynamic OEM Table Load:
[    0.628377] ACPI: SSDT 0xFFFFA401AC46E800 000119 (v01 PmRef  ApCst    00003000 INTL 20100915)
[    0.629832] ACPI: Interpreter enabled
[    0.629849] ACPI: (supports S0 S3 S4 S5)
[    0.629850] ACPI: Using IOAPIC for interrupt routing
[    0.629876] PCI: MMCONFIG for domain 0000 [bus 00-9c] at [mem 0xe0000000-0xe9cfffff] (base 0xe0000000)
[    0.630031] PCI: MMCONFIG at [mem 0xe0000000-0xe9cfffff] reserved in ACPI motherboard resources
[    0.630031] PCI: Using host bridge windows from ACPI; if necessary, use "pci=nocrs" and report a bug
[    0.630031] ACPI: Enabled 5 GPEs in block 00 to 3F
[    0.638955] ACPI: PCI Root Bridge [PCI0] (domain 0000 [bus 00-ff])
[    0.638958] acpi PNP0A08:00: _OSC: OS assumes control of [PCIeHotplug SHPCHotplug AER PCIeCapability LTR]
[    0.638968] acpi PNP0A08:00: [Firmware Info]: MMCONFIG for domain 0000 [bus 00-9c] only partially covers this bridge
[    0.639180] PCI host bridge to bus 0000:00
[    0.639182] pci_bus 0000:00: root bus resource [io  0x0000-0x0cf7 window]
[    0.639183] pci_bus 0000:00: root bus resource [io  0x0d00-0xffff window]
[    0.639184] pci_bus 0000:00: root bus resource [mem 0x000a0000-0x000bffff window]
[    0.639184] pci_bus 0000:00: root bus resource [mem 0x000c0000-0x000c3fff window]
[    0.639185] pci_bus 0000:00: root bus resource [mem 0x000c4000-0x000c7fff window]
[    0.639186] pci_bus 0000:00: root bus resource [mem 0x000c8000-0x000cbfff window]
[    0.639187] pci_bus 0000:00: root bus resource [mem 0x000cc000-0x000cffff window]
[    0.639187] pci_bus 0000:00: root bus resource [mem 0x000d0000-0x000d3fff window]
[    0.639188] pci_bus 0000:00: root bus resource [mem 0x000d4000-0x000d7fff window]
[    0.639189] pci_bus 0000:00: root bus resource [mem 0x000d8000-0x000dbfff window]
[    0.639190] pci_bus 0000:00: root bus resource [mem 0x000dc000-0x000dffff window]
[    0.639191] pci_bus 0000:00: root bus resource [mem 0x000e0000-0x000e3fff window]
[    0.639191] pci_bus 0000:00: root bus resource [mem 0x000e4000-0x000e7fff window]
[    0.639192] pci_bus 0000:00: root bus resource [mem 0x000e8000-0x000ebfff window]
[    0.639193] pci_bus 0000:00: root bus resource [mem 0x000ec000-0x000effff window]
[    0.639194] pci_bus 0000:00: root bus resource [mem 0x000f0000-0x000fffff window]
[    0.639195] pci_bus 0000:00: root bus resource [mem 0x7fa00000-0xfeafffff window]
[    0.639195] pci_bus 0000:00: root bus resource [mem 0xfed40000-0xfed44fff window]
[    0.639197] pci_bus 0000:00: root bus resource [bus 00-ff]
[    0.639202] pci 0000:00:00.0: [8086:0d04] type 00 class 0x060000
[    0.639266] pci 0000:00:01.0: [8086:0d01] type 01 class 0x060400
[    0.639295] pci 0000:00:01.0: PME# supported from D0 D3hot D3cold
[    0.639340] pci 0000:00:01.1: [8086:0d05] type 01 class 0x060400
[    0.639365] pci 0000:00:01.1: PME# supported from D0 D3hot D3cold
[    0.639432] pci 0000:00:14.0: [8086:8c31] type 00 class 0x0c0330
[    0.639450] pci 0000:00:14.0: reg 0x10: [mem 0xc1e00000-0xc1e0ffff 64bit]
[    0.639498] pci 0000:00:14.0: PME# supported from D3hot D3cold
[    0.639588] pci 0000:00:16.0: [8086:8c3a] type 00 class 0x078000
[    0.639607] pci 0000:00:16.0: reg 0x10: [mem 0xc1e19100-0xc1e1910f 64bit]
[    0.639659] pci 0000:00:16.0: PME# supported from D0 D3hot D3cold
[    0.639715] pci 0000:00:1b.0: [8086:8c20] type 00 class 0x040300
[    0.639732] pci 0000:00:1b.0: reg 0x10: [mem 0xc1e14000-0xc1e17fff 64bit]
[    0.639788] pci 0000:00:1b.0: PME# supported from D0 D3hot D3cold
[    0.639838] pci 0000:00:1c.0: [8086:8c10] type 01 class 0x060400
[    0.639912] pci 0000:00:1c.0: PME# supported from D0 D3hot D3cold
[    0.639969] pci 0000:00:1c.2: [8086:8c14] type 01 class 0x060400
[    0.640035] pci 0000:00:1c.2: PME# supported from D0 D3hot D3cold
[    0.640093] pci 0000:00:1c.3: [8086:8c16] type 01 class 0x060400
[    0.640159] pci 0000:00:1c.3: PME# supported from D0 D3hot D3cold
[    0.640217] pci 0000:00:1c.4: [8086:8c18] type 01 class 0x060400
[    0.640282] pci 0000:00:1c.4: PME# supported from D0 D3hot D3cold
[    0.640344] pci 0000:00:1f.0: [8086:8c4b] type 00 class 0x060100
[    0.640477] pci 0000:00:1f.3: [8086:8c22] type 00 class 0x0c0500
[    0.640492] pci 0000:00:1f.3: reg 0x10: [mem 0xc1e19000-0xc1e190ff 64bit]
[    0.640508] pci 0000:00:1f.3: reg 0x20: [io  0xefa0-0xefbf]
[    0.640620] pci 0000:01:00.0: [10de:0fe9] type 00 class 0x030000
[    0.640638] pci 0000:01:00.0: reg 0x10: [mem 0xc0000000-0xc0ffffff]
[    0.640647] pci 0000:01:00.0: reg 0x14: [mem 0x80000000-0x8fffffff 64bit pref]
[    0.640656] pci 0000:01:00.0: reg 0x1c: [mem 0x90000000-0x91ffffff 64bit pref]
[    0.640662] pci 0000:01:00.0: reg 0x24: [io  0x1000-0x107f]
[    0.640668] pci 0000:01:00.0: reg 0x30: [mem 0xc1000000-0xc107ffff pref]
[    0.640686] pci 0000:01:00.0: BAR 1: assigned to efifb
[    0.640737] pci 0000:01:00.0: 16.000 Gb/s available PCIe bandwidth, limited by 2.5 GT/s x8 link at 0000:00:01.0 (capable of 126.016 Gb/s with 8 GT/s x16 link)
[    0.640793] pci 0000:01:00.1: [10de:0e1b] type 00 class 0x040300
[    0.640805] pci 0000:01:00.1: reg 0x10: [mem 0xc1080000-0xc1083fff]
[    0.640934] pci 0000:00:01.0: ASPM: current common clock configuration is broken, reconfiguring
[    0.688302] pci 0000:00:01.0: PCI bridge to [bus 01]
[    0.688304] pci 0000:00:01.0:   bridge window [io  0x1000-0x1fff]
[    0.688306] pci 0000:00:01.0:   bridge window [mem 0xc0000000-0xc10fffff]
[    0.688309] pci 0000:00:01.0:   bridge window [mem 0x80000000-0x91ffffff 64bit pref]
[    0.688375] pci 0000:06:00.0: [8086:156d] type 01 class 0x060400
[    0.688461] pci 0000:06:00.0: supports D1 D2
[    0.688463] pci 0000:06:00.0: PME# supported from D0 D1 D2 D3hot D3cold
[    0.688573] pci 0000:00:01.1: PCI bridge to [bus 06-9c]
[    0.688575] pci 0000:00:01.1:   bridge window [io  0x3000-0x5fff]
[    0.688577] pci 0000:00:01.1:   bridge window [mem 0xc1f00000-0xcdffffff]
[    0.688579] pci 0000:00:01.1:   bridge window [mem 0xce000000-0xd9ffffff 64bit pref]
[    0.688691] pci 0000:07:00.0: [8086:156d] type 01 class 0x060400
[    0.688786] pci 0000:07:00.0: supports D1 D2
[    0.688787] pci 0000:07:00.0: PME# supported from D0 D1 D2 D3hot D3cold
[    0.688860] pci 0000:07:03.0: [8086:156d] type 01 class 0x060400
[    0.688949] pci 0000:07:03.0: supports D1 D2
[    0.688950] pci 0000:07:03.0: PME# supported from D0 D1 D2 D3hot D3cold
[    0.689019] pci 0000:07:04.0: [8086:156d] type 01 class 0x060400
[    0.689108] pci 0000:07:04.0: supports D1 D2
[    0.689109] pci 0000:07:04.0: PME# supported from D0 D1 D2 D3hot D3cold
[    0.689179] pci 0000:07:05.0: [8086:156d] type 01 class 0x060400
[    0.689268] pci 0000:07:05.0: supports D1 D2
[    0.689269] pci 0000:07:05.0: PME# supported from D0 D1 D2 D3hot D3cold
[    0.689339] pci 0000:07:06.0: [8086:156d] type 01 class 0x060400
[    0.689434] pci 0000:07:06.0: supports D1 D2
[    0.689435] pci 0000:07:06.0: PME# supported from D0 D1 D2 D3hot D3cold
[    0.689504] pci 0000:06:00.0: PCI bridge to [bus 07-6c]
[    0.689508] pci 0000:06:00.0:   bridge window [io  0x3000-0x4fff]
[    0.689510] pci 0000:06:00.0:   bridge window [mem 0xc1f00000-0xc9ffffff]
[    0.689514] pci 0000:06:00.0:   bridge window [mem 0xce000000-0xd5ffffff 64bit pref]
[    0.689557] pci 0000:08:00.0: [8086:156c] type 00 class 0x088000
[    0.689581] pci 0000:08:00.0: reg 0x10: [mem 0xc1f00000-0xc1f3ffff]
[    0.689589] pci 0000:08:00.0: reg 0x14: [mem 0xc1f40000-0xc1f40fff]
[    0.689704] pci 0000:08:00.0: supports D1 D2
[    0.689704] pci 0000:08:00.0: PME# supported from D0 D1 D2 D3hot D3cold
[    0.689851] pci 0000:07:00.0: PCI bridge to [bus 08]
[    0.689856] pci 0000:07:00.0:   bridge window [mem 0xc1f00000-0xc1ffffff]
[    0.689913] pci 0000:07:03.0: PCI bridge to [bus 09-39]
[    0.689917] pci 0000:07:03.0:   bridge window [io  0x3000-0x3fff]
[    0.689919] pci 0000:07:03.0:   bridge window [mem 0xc2000000-0xc5ffffff]
[    0.689923] pci 0000:07:03.0:   bridge window [mem 0xce000000-0xd1ffffff 64bit pref]
[    0.689973] pci 0000:07:04.0: PCI bridge to [bus 3a]
[    0.690032] pci 0000:07:05.0: PCI bridge to [bus 3b-6b]
[    0.690035] pci 0000:07:05.0:   bridge window [io  0x4000-0x4fff]
[    0.690038] pci 0000:07:05.0:   bridge window [mem 0xc6000000-0xc9ffffff]
[    0.690041] pci 0000:07:05.0:   bridge window [mem 0xd2000000-0xd5ffffff 64bit pref]
[    0.690068] pci 0000:07:06.0: PCI bridge to [bus 6c]
[    0.690133] pci 0000:00:1c.0: PCI bridge to [bus 02]
[    0.690244] pci 0000:03:00.0: [14e4:43a0] type 00 class 0x028000
[    0.690304] pci 0000:03:00.0: reg 0x10: [mem 0xc1a00000-0xc1a07fff 64bit]
[    0.690331] pci 0000:03:00.0: reg 0x18: [mem 0xc1800000-0xc19fffff 64bit]
[    0.690529] pci 0000:03:00.0: supports D1 D2
[    0.690530] pci 0000:03:00.0: PME# supported from D0 D1 D2 D3hot D3cold
[    0.690745] pci 0000:00:1c.2: PCI bridge to [bus 03]
[    0.690750] pci 0000:00:1c.2:   bridge window [mem 0xc1800000-0xc1afffff]
[    0.690810] pci 0000:04:00.0: [14e4:1570] type 00 class 0x048000
[    0.690841] pci 0000:04:00.0: reg 0x10: [mem 0xc1d00000-0xc1d0ffff 64bit]
[    0.690855] pci 0000:04:00.0: reg 0x18: [mem 0xa0000000-0xafffffff 64bit pref]
[    0.690869] pci 0000:04:00.0: reg 0x20: [mem 0xc1c00000-0xc1cfffff 64bit]
[    0.690952] pci 0000:04:00.0: supports D1
[    0.690953] pci 0000:04:00.0: PME# supported from D0 D3hot
[    0.691054] pci 0000:00:1c.3: PCI bridge to [bus 04]
[    0.691059] pci 0000:00:1c.3:   bridge window [mem 0xc1c00000-0xc1dfffff]
[    0.691063] pci 0000:00:1c.3:   bridge window [mem 0xa0000000-0xafffffff 64bit pref]
[    0.691169] pci 0000:05:00.0: [144d:1600] type 00 class 0x010601
[    0.691233] pci 0000:05:00.0: reg 0x24: [mem 0xc1b00000-0xc1b01fff]
[    0.691243] pci 0000:05:00.0: reg 0x30: [mem 0xffff0000-0xffffffff pref]
[    0.691306] pci 0000:05:00.0: PME# supported from D3hot D3cold
[    0.691340] pci 0000:05:00.0: 8.000 Gb/s available PCIe bandwidth, limited by 5 GT/s x2 link at 0000:00:1c.4 (capable of 16.000 Gb/s with 5 GT/s x4 link)
[    0.691436] pci 0000:00:1c.4: PCI bridge to [bus 05]
[    0.691441] pci 0000:00:1c.4:   bridge window [mem 0xc1b00000-0xc1bfffff]
[    0.692320] ACPI: PCI Interrupt Link [LNKA] (IRQs 1 3 4 5 6 7 10 12 14 15) *0, disabled.
[    0.692376] ACPI: PCI Interrupt Link [LNKB] (IRQs 1 3 4 5 6 7 11 12 14 15) *0, disabled.
[    0.692426] ACPI: PCI Interrupt Link [LNKC] (IRQs 1 3 4 5 6 7 10 12 14 15) *0, disabled.
[    0.692482] ACPI: PCI Interrupt Link [LNKD] (IRQs 1 3 4 5 6 7 11 12 14 15) *0, disabled.
[    0.692537] ACPI: PCI Interrupt Link [LNKE] (IRQs 1 3 4 5 6 7 10 12 14 15) *0, disabled.
[    0.692588] ACPI: PCI Interrupt Link [LNKF] (IRQs 1 3 4 5 6 7 11 12 14 15) *0, disabled.
[    0.692644] ACPI: PCI Interrupt Link [LNKG] (IRQs 1 3 4 5 6 7 10 12 14 15) *0, disabled.
[    0.692699] ACPI: PCI Interrupt Link [LNKH] (IRQs 1 3 4 5 6 7 11 12 14 15) *0, disabled.
[    0.692853] ACPI: EC: interrupt unblocked
[    0.692870] ACPI: EC: event unblocked
[    0.692875] ACPI: \_SB_.PCI0.LPCB.EC__: GPE=0x17, EC_CMD/EC_SC=0x66, EC_DATA=0x62
[    0.692876] ACPI: \_SB_.PCI0.LPCB.EC__: Used as boot DSDT EC to handle transactions and events
[    0.692917] pci 0000:01:00.0: vgaarb: VGA device added: decodes=io+mem,owns=none,locks=none
[    0.692917] pci 0000:01:00.0: vgaarb: bridge control possible
[    0.692917] pci 0000:01:00.0: vgaarb: setting as boot device
[    0.692917] vgaarb: loaded
[    0.692917] ACPI: bus type USB registered
[    0.692917] usbcore: registered new interface driver usbfs
[    0.692917] usbcore: registered new interface driver hub
[    0.692917] usbcore: registered new device driver usb
[    0.692917] pps_core: LinuxPPS API ver. 1 registered
[    0.692917] pps_core: Software ver. 5.3.6 - Copyright 2005-2007 Rodolfo Giometti <giometti@linux.it>
[    0.692917] PTP clock support registered
[    0.692917] EDAC MC: Ver: 3.0.0
[    0.692917] Registered efivars operations
[    0.976043] PCI: Using ACPI for IRQ routing
[    0.976866] PCI: pci_cache_line_size set to 64 bytes
[    0.976866] e820: reserve RAM buffer [mem 0x00058000-0x0005ffff]
[    0.976866] e820: reserve RAM buffer [mem 0x0008f000-0x0008ffff]
[    0.976866] e820: reserve RAM buffer [mem 0x7ad14000-0x7bffffff]
[    0.976866] e820: reserve RAM buffer [mem 0x7ad5f000-0x7bffffff]
[    0.976866] e820: reserve RAM buffer [mem 0x7ae39000-0x7bffffff]
[    0.976866] e820: reserve RAM buffer [mem 0x7aed0000-0x7bffffff]
[    0.976866] e820: reserve RAM buffer [mem 0x7af78000-0x7bffffff]
[    0.976866] e820: reserve RAM buffer [mem 0x7b000000-0x7bffffff]
[    0.976866] e820: reserve RAM buffer [mem 0x47f600000-0x47fffffff]
[    0.978282] NetLabel: Initializing
[    0.978282] NetLabel:  domain hash size = 128
[    0.978282] NetLabel:  protocols = UNLABELED CIPSOv4 CALIPSO
[    0.978282] NetLabel:  unlabeled traffic allowed by default
[    0.978573] hpet0: at MMIO 0xfed00000, IRQs 2, 8, 0, 0, 0, 0, 0, 0
[    0.978576] hpet0: 8 comparators, 64-bit 14.318180 MHz counter
[    0.981630] clocksource: Switched to clocksource tsc-early
[    0.988599] VFS: Disk quotas dquot_6.6.0
[    0.988612] VFS: Dquot-cache hash table entries: 512 (order 0, 4096 bytes)
[    0.988657] pnp: PnP ACPI init
[    0.989367] system 00:00: [mem 0xfed00000-0xfed03fff] has been reserved
[    0.989371] system 00:00: Plug and Play ACPI device, IDs PNP0103 PNP0c01 (active)
[    0.989402] system 00:01: [io  0xffff] has been reserved
[    0.989403] system 00:01: [io  0x0400-0x047f] has been reserved
[    0.989404] system 00:01: [io  0x0800-0x087f] has been reserved
[    0.989407] system 00:01: Plug and Play ACPI device, IDs PNP0c02 (active)
[    0.989419] pnp 00:02: Plug and Play ACPI device, IDs PNP0b00 (active)
[    0.989469] pnp 00:03: Plug and Play ACPI device, IDs APP000b (active)
[    0.989592] system 00:04: [mem 0xfed1c000-0xfed1ffff] has been reserved
[    0.989593] system 00:04: [mem 0xfed10000-0xfed17fff] has been reserved
[    0.989594] system 00:04: [mem 0xfed18000-0xfed18fff] has been reserved
[    0.989595] system 00:04: [mem 0xfed19000-0xfed19fff] has been reserved
[    0.989596] system 00:04: [mem 0xe0000000-0xefffffff] could not be reserved
[    0.989597] system 00:04: [mem 0xfed20000-0xfed3ffff] has been reserved
[    0.989599] system 00:04: [mem 0xfed90000-0xfed93fff] could not be reserved
[    0.989600] system 00:04: [mem 0xfed45000-0xfed8ffff] has been reserved
[    0.989601] system 00:04: [mem 0xff000000-0xffffffff] could not be reserved
[    0.989602] system 00:04: [mem 0xfee00000-0xfeefffff] has been reserved
[    0.989604] system 00:04: Plug and Play ACPI device, IDs PNP0c02 (active)
[    0.989635] system 00:05: [mem 0x20000000-0x201fffff] could not be reserved
[    0.989636] system 00:05: [mem 0x40000000-0x401fffff] could not be reserved
[    0.989638] system 00:05: Plug and Play ACPI device, IDs PNP0c01 (active)
[    0.989777] pnp: PnP ACPI: found 6 devices
[    0.995104] clocksource: acpi_pm: mask: 0xffffff max_cycles: 0xffffff, max_idle_ns: 2085701024 ns
[    0.995108] pci 0000:05:00.0: can't claim BAR 6 [mem 0xffff0000-0xffffffff pref]: no compatible bridge window
[    0.995118] pci 0000:07:00.0: bridge window [io  0x1000-0x0fff] to [bus 08] add_size 1000
[    0.995119] pci 0000:07:00.0: bridge window [mem 0x00100000-0x000fffff 64bit pref] to [bus 08] add_size 200000 add_align 100000
[    0.995129] pci 0000:07:04.0: bridge window [io  0x1000-0x0fff] to [bus 3a] add_size 1000
[    0.995130] pci 0000:07:04.0: bridge window [mem 0x00100000-0x000fffff 64bit pref] to [bus 3a] add_size 200000 add_align 100000
[    0.995132] pci 0000:07:04.0: bridge window [mem 0x00100000-0x000fffff] to [bus 3a] add_size 200000 add_align 100000
[    0.995141] pci 0000:07:06.0: bridge window [io  0x1000-0x0fff] to [bus 6c] add_size 1000
[    0.995142] pci 0000:07:06.0: bridge window [mem 0x00100000-0x000fffff 64bit pref] to [bus 6c] add_size 200000 add_align 100000
[    0.995143] pci 0000:07:06.0: bridge window [mem 0x00100000-0x000fffff] to [bus 6c] add_size 200000 add_align 100000
[    0.995160] pci 0000:00:1c.0: bridge window [io  0x1000-0x0fff] to [bus 02] add_size 1000
[    0.995161] pci 0000:00:1c.0: bridge window [mem 0x00100000-0x000fffff 64bit pref] to [bus 02] add_size 200000 add_align 100000
[    0.995162] pci 0000:00:1c.0: bridge window [mem 0x00100000-0x000fffff] to [bus 02] add_size 200000 add_align 100000
[    0.995183] pci 0000:00:1c.0: BAR 14: assigned [mem 0x7fa00000-0x7fbfffff]
[    0.995190] pci 0000:00:1c.0: BAR 15: assigned [mem 0x7fc00000-0x7fdfffff 64bit pref]
[    0.995191] pci 0000:00:1c.0: BAR 13: assigned [io  0x2000-0x2fff]
[    0.995193] pci 0000:00:01.0: PCI bridge to [bus 01]
[    0.995195] pci 0000:00:01.0:   bridge window [io  0x1000-0x1fff]
[    0.995196] pci 0000:00:01.0:   bridge window [mem 0xc0000000-0xc10fffff]
[    0.995198] pci 0000:00:01.0:   bridge window [mem 0x80000000-0x91ffffff 64bit pref]
[    0.995203] pci 0000:07:00.0: BAR 15: no space for [mem size 0x00200000 64bit pref]
[    0.995204] pci 0000:07:00.0: BAR 15: failed to assign [mem size 0x00200000 64bit pref]
[    0.995205] pci 0000:07:04.0: BAR 14: no space for [mem size 0x00200000]
[    0.995206] pci 0000:07:04.0: BAR 14: failed to assign [mem size 0x00200000]
[    0.995208] pci 0000:07:04.0: BAR 15: no space for [mem size 0x00200000 64bit pref]
[    0.995208] pci 0000:07:04.0: BAR 15: failed to assign [mem size 0x00200000 64bit pref]
[    0.995209] pci 0000:07:06.0: BAR 14: no space for [mem size 0x00200000]
[    0.995210] pci 0000:07:06.0: BAR 14: failed to assign [mem size 0x00200000]
[    0.995212] pci 0000:07:06.0: BAR 15: no space for [mem size 0x00200000 64bit pref]
[    0.995213] pci 0000:07:06.0: BAR 15: failed to assign [mem size 0x00200000 64bit pref]
[    0.995214] pci 0000:07:00.0: BAR 13: no space for [io  size 0x1000]
[    0.995214] pci 0000:07:00.0: BAR 13: failed to assign [io  size 0x1000]
[    0.995216] pci 0000:07:04.0: BAR 13: no space for [io  size 0x1000]
[    0.995217] pci 0000:07:04.0: BAR 13: failed to assign [io  size 0x1000]
[    0.995218] pci 0000:07:06.0: BAR 13: no space for [io  size 0x1000]
[    0.995219] pci 0000:07:06.0: BAR 13: failed to assign [io  size 0x1000]
[    0.995221] pci 0000:07:06.0: BAR 14: no space for [mem size 0x00200000]
[    0.995221] pci 0000:07:06.0: BAR 14: failed to assign [mem size 0x00200000]
[    0.995223] pci 0000:07:06.0: BAR 15: no space for [mem size 0x00200000 64bit pref]
[    0.995224] pci 0000:07:06.0: BAR 15: failed to assign [mem size 0x00200000 64bit pref]
[    0.995225] pci 0000:07:06.0: BAR 13: no space for [io  size 0x1000]
[    0.995225] pci 0000:07:06.0: BAR 13: failed to assign [io  size 0x1000]
[    0.995226] pci 0000:07:04.0: BAR 14: no space for [mem size 0x00200000]
[    0.995227] pci 0000:07:04.0: BAR 14: failed to assign [mem size 0x00200000]
[    0.995229] pci 0000:07:04.0: BAR 15: no space for [mem size 0x00200000 64bit pref]
[    0.995230] pci 0000:07:04.0: BAR 15: failed to assign [mem size 0x00200000 64bit pref]
[    0.995231] pci 0000:07:04.0: BAR 13: no space for [io  size 0x1000]
[    0.995231] pci 0000:07:04.0: BAR 13: failed to assign [io  size 0x1000]
[    0.995233] pci 0000:07:00.0: BAR 15: no space for [mem size 0x00200000 64bit pref]
[    0.995234] pci 0000:07:00.0: BAR 15: failed to assign [mem size 0x00200000 64bit pref]
[    0.995235] pci 0000:07:00.0: BAR 13: no space for [io  size 0x1000]
[    0.995235] pci 0000:07:00.0: BAR 13: failed to assign [io  size 0x1000]
[    0.995237] pci 0000:07:00.0: PCI bridge to [bus 08]
[    0.995240] pci 0000:07:00.0:   bridge window [mem 0xc1f00000-0xc1ffffff]
[    0.995245] pci 0000:07:03.0: PCI bridge to [bus 09-39]
[    0.995247] pci 0000:07:03.0:   bridge window [io  0x3000-0x3fff]
[    0.995250] pci 0000:07:03.0:   bridge window [mem 0xc2000000-0xc5ffffff]
[    0.995252] pci 0000:07:03.0:   bridge window [mem 0xce000000-0xd1ffffff 64bit pref]
[    0.995256] pci 0000:07:04.0: PCI bridge to [bus 3a]
[    0.995264] pci 0000:07:05.0: PCI bridge to [bus 3b-6b]
[    0.995265] pci 0000:07:05.0:   bridge window [io  0x4000-0x4fff]
[    0.995268] pci 0000:07:05.0:   bridge window [mem 0xc6000000-0xc9ffffff]
[    0.995270] pci 0000:07:05.0:   bridge window [mem 0xd2000000-0xd5ffffff 64bit pref]
[    0.995274] pci 0000:07:06.0: PCI bridge to [bus 6c]
[    0.995282] pci 0000:06:00.0: PCI bridge to [bus 07-6c]
[    0.995283] pci 0000:06:00.0:   bridge window [io  0x3000-0x4fff]
[    0.995286] pci 0000:06:00.0:   bridge window [mem 0xc1f00000-0xc9ffffff]
[    0.995288] pci 0000:06:00.0:   bridge window [mem 0xce000000-0xd5ffffff 64bit pref]
[    0.995292] pci 0000:00:01.1: PCI bridge to [bus 06-9c]
[    0.995293] pci 0000:00:01.1:   bridge window [io  0x3000-0x5fff]
[    0.995295] pci 0000:00:01.1:   bridge window [mem 0xc1f00000-0xcdffffff]
[    0.995296] pci 0000:00:01.1:   bridge window [mem 0xce000000-0xd9ffffff 64bit pref]
[    0.995298] pci 0000:00:1c.0: PCI bridge to [bus 02]
[    0.995305] pci 0000:00:1c.0:   bridge window [io  0x2000-0x2fff]
[    0.995309] pci 0000:00:1c.0:   bridge window [mem 0x7fa00000-0x7fbfffff]
[    0.995312] pci 0000:00:1c.0:   bridge window [mem 0x7fc00000-0x7fdfffff 64bit pref]
[    0.995317] pci 0000:00:1c.2: PCI bridge to [bus 03]
[    0.995321] pci 0000:00:1c.2:   bridge window [mem 0xc1800000-0xc1afffff]
[    0.995327] pci 0000:00:1c.3: PCI bridge to [bus 04]
[    0.995331] pci 0000:00:1c.3:   bridge window [mem 0xc1c00000-0xc1dfffff]
[    0.995334] pci 0000:00:1c.3:   bridge window [mem 0xa0000000-0xafffffff 64bit pref]
[    0.995339] pci 0000:05:00.0: BAR 6: assigned [mem 0xc1b10000-0xc1b1ffff pref]
[    0.995340] pci 0000:00:1c.4: PCI bridge to [bus 05]
[    0.995344] pci 0000:00:1c.4:   bridge window [mem 0xc1b00000-0xc1bfffff]
[    0.995351] pci_bus 0000:00: resource 4 [io  0x0000-0x0cf7 window]
[    0.995352] pci_bus 0000:00: resource 5 [io  0x0d00-0xffff window]
[    0.995353] pci_bus 0000:00: resource 6 [mem 0x000a0000-0x000bffff window]
[    0.995354] pci_bus 0000:00: resource 7 [mem 0x000c0000-0x000c3fff window]
[    0.995355] pci_bus 0000:00: resource 8 [mem 0x000c4000-0x000c7fff window]
[    0.995355] pci_bus 0000:00: resource 9 [mem 0x000c8000-0x000cbfff window]
[    0.995356] pci_bus 0000:00: resource 10 [mem 0x000cc000-0x000cffff window]
[    0.995357] pci_bus 0000:00: resource 11 [mem 0x000d0000-0x000d3fff window]
[    0.995358] pci_bus 0000:00: resource 12 [mem 0x000d4000-0x000d7fff window]
[    0.995359] pci_bus 0000:00: resource 13 [mem 0x000d8000-0x000dbfff window]
[    0.995360] pci_bus 0000:00: resource 14 [mem 0x000dc000-0x000dffff window]
[    0.995360] pci_bus 0000:00: resource 15 [mem 0x000e0000-0x000e3fff window]
[    0.995361] pci_bus 0000:00: resource 16 [mem 0x000e4000-0x000e7fff window]
[    0.995362] pci_bus 0000:00: resource 17 [mem 0x000e8000-0x000ebfff window]
[    0.995363] pci_bus 0000:00: resource 18 [mem 0x000ec000-0x000effff window]
[    0.995364] pci_bus 0000:00: resource 19 [mem 0x000f0000-0x000fffff window]
[    0.995365] pci_bus 0000:00: resource 20 [mem 0x7fa00000-0xfeafffff window]
[    0.995365] pci_bus 0000:00: resource 21 [mem 0xfed40000-0xfed44fff window]
[    0.995366] pci_bus 0000:01: resource 0 [io  0x1000-0x1fff]
[    0.995367] pci_bus 0000:01: resource 1 [mem 0xc0000000-0xc10fffff]
[    0.995368] pci_bus 0000:01: resource 2 [mem 0x80000000-0x91ffffff 64bit pref]
[    0.995369] pci_bus 0000:06: resource 0 [io  0x3000-0x5fff]
[    0.995370] pci_bus 0000:06: resource 1 [mem 0xc1f00000-0xcdffffff]
[    0.995371] pci_bus 0000:06: resource 2 [mem 0xce000000-0xd9ffffff 64bit pref]
[    0.995372] pci_bus 0000:07: resource 0 [io  0x3000-0x4fff]
[    0.995372] pci_bus 0000:07: resource 1 [mem 0xc1f00000-0xc9ffffff]
[    0.995373] pci_bus 0000:07: resource 2 [mem 0xce000000-0xd5ffffff 64bit pref]
[    0.995374] pci_bus 0000:08: resource 1 [mem 0xc1f00000-0xc1ffffff]
[    0.995375] pci_bus 0000:09: resource 0 [io  0x3000-0x3fff]
[    0.995376] pci_bus 0000:09: resource 1 [mem 0xc2000000-0xc5ffffff]
[    0.995377] pci_bus 0000:09: resource 2 [mem 0xce000000-0xd1ffffff 64bit pref]
[    0.995378] pci_bus 0000:3b: resource 0 [io  0x4000-0x4fff]
[    0.995379] pci_bus 0000:3b: resource 1 [mem 0xc6000000-0xc9ffffff]
[    0.995379] pci_bus 0000:3b: resource 2 [mem 0xd2000000-0xd5ffffff 64bit pref]
[    0.995381] pci_bus 0000:02: resource 0 [io  0x2000-0x2fff]
[    0.995381] pci_bus 0000:02: resource 1 [mem 0x7fa00000-0x7fbfffff]
[    0.995382] pci_bus 0000:02: resource 2 [mem 0x7fc00000-0x7fdfffff 64bit pref]
[    0.995383] pci_bus 0000:03: resource 1 [mem 0xc1800000-0xc1afffff]
[    0.995384] pci_bus 0000:04: resource 1 [mem 0xc1c00000-0xc1dfffff]
[    0.995385] pci_bus 0000:04: resource 2 [mem 0xa0000000-0xafffffff 64bit pref]
[    0.995386] pci_bus 0000:05: resource 1 [mem 0xc1b00000-0xc1bfffff]
[    0.995499] NET: Registered protocol family 2
[    0.995591] tcp_listen_portaddr_hash hash table entries: 8192 (order: 5, 131072 bytes)
[    0.995628] TCP established hash table entries: 131072 (order: 8, 1048576 bytes)
[    0.995753] TCP bind hash table entries: 65536 (order: 8, 1048576 bytes)
[    0.995857] TCP: Hash tables configured (established 131072 bind 65536)
[    0.995882] UDP hash table entries: 8192 (order: 6, 262144 bytes)
[    0.995916] UDP-Lite hash table entries: 8192 (order: 6, 262144 bytes)
[    0.995968] NET: Registered protocol family 1
[    0.995972] NET: Registered protocol family 44
[    0.996174] pci 0000:01:00.1: Linked as a consumer to 0000:01:00.0
[    0.996263] PCI: CLS 256 bytes, default 64
[    0.996286] Unpacking initramfs...
[    1.074342] Freeing initrd memory: 10776K
[    1.091652] PCI-DMA: Using software bounce buffering for IO (SWIOTLB)
[    1.091655] software IO TLB: mapped [mem 0x63df7000-0x67df7000] (64MB)
[    1.091808] check: Scanning for low memory corruption every 60 seconds
[    1.092306] Initialise system trusted keyrings
[    1.092315] Key type blacklist registered
[    1.092357] workingset: timestamp_bits=41 max_order=22 bucket_order=0
[    1.093372] zbud: loaded
[    1.120996] Key type asymmetric registered
[    1.120997] Asymmetric key parser 'x509' registered
[    1.121005] Block layer SCSI generic (bsg) driver version 0.4 loaded (major 244)
[    1.121029] io scheduler mq-deadline registered
[    1.121030] io scheduler kyber registered
[    1.121061] io scheduler bfq registered
[    1.121385] pcieport 0000:00:1c.0: enabling device (0000 -> 0003)
[    1.121489] pciehp 0000:00:1c.0:pcie004: Slot #0 AttnBtn- PwrCtrl- MRL- AttnInd- PwrInd- HotPlug+ Surprise+ Interlock- NoCompl+ LLActRep+
[    1.122022] pciehp 0000:07:00.0:pcie204: Slot #0 AttnBtn- PwrCtrl- MRL- AttnInd- PwrInd- HotPlug+ Surprise+ Interlock- NoCompl+ LLActRep+
[    1.122091] pcieport 0000:07:03.0: enabling device (0000 -> 0003)
[    1.122169] pciehp 0000:07:03.0:pcie204: Slot #3 AttnBtn- PwrCtrl- MRL- AttnInd- PwrInd- HotPlug+ Surprise+ Interlock- NoCompl+ LLActRep+
[    1.122320] pciehp 0000:07:04.0:pcie204: Slot #4 AttnBtn- PwrCtrl- MRL- AttnInd- PwrInd- HotPlug+ Surprise+ Interlock- NoCompl+ LLActRep+
[    1.122386] pcieport 0000:07:05.0: enabling device (0000 -> 0003)
[    1.122465] pciehp 0000:07:05.0:pcie204: Slot #5 AttnBtn- PwrCtrl- MRL- AttnInd- PwrInd- HotPlug+ Surprise+ Interlock- NoCompl+ LLActRep+
[    1.122611] pciehp 0000:07:06.0:pcie204: Slot #6 AttnBtn- PwrCtrl- MRL- AttnInd- PwrInd- HotPlug+ Surprise+ Interlock- NoCompl+ LLActRep+
[    1.122686] shpchp: Standard Hot Plug PCI Controller Driver version: 0.4
[    1.122737] efifb: probing for efifb
[    1.122765] efifb: No BGRT, not showing boot graphics
[    1.122766] efifb: framebuffer at 0x80020000, using 28800k, total 28800k
[    1.122767] efifb: mode is 2880x1800x32, linelength=16384, pages=1
[    1.122767] efifb: scrolling: redraw
[    1.122768] efifb: Truecolor: size=8:8:8:8, shift=24:16:8:0
[    1.122798] fbcon: Deferring console take-over
[    1.122799] fb0: EFI VGA frame buffer device
[    1.122803] intel_idle: MWAIT substates: 0x42120
[    1.122804] intel_idle: v0.4.1 model 0x46
[    1.123038] intel_idle: lapic_timer_reliable_states 0xffffffff
[    1.123107] input: Lid Switch as /devices/LNXSYSTM:00/LNXSYBUS:00/PNP0C0D:00/input/input0
[    1.124988] ACPI: Lid Switch [LID0]
[    1.125039] input: Power Button as /devices/LNXSYSTM:00/LNXSYBUS:00/PNP0C0C:00/input/input1
[    1.125045] ACPI: Power Button [PWRB]
[    1.125064] input: Sleep Button as /devices/LNXSYSTM:00/LNXSYBUS:00/PNP0C0E:00/input/input2
[    1.125068] ACPI: Sleep Button [SLPB]
[    1.125084] input: Power Button as /devices/LNXSYSTM:00/LNXPWRBN:00/input/input3
[    1.128362] ACPI: Power Button [PWRF]
[    1.128461] [Firmware Bug]: ACPI(GFX0) defines _DOD but not _DOS
[    1.128480] ACPI: Video Device [GFX0] (multi-head: yes  rom: yes  post: no)
[    1.129831] acpi device:02: registered as cooling_device0
[    1.129852] input: Video Bus as /devices/LNXSYSTM:00/LNXSYBUS:00/PNP0A08:00/device:01/LNXVIDEO:00/input/input4
[    1.130800] Serial: 8250/16550 driver, 4 ports, IRQ sharing enabled
[    1.131956] usbcore: registered new interface driver usbserial_generic
[    1.131960] usbserial: USB Serial support registered for generic
[    1.131982] rtc_cmos 00:02: RTC can wake from S4
[    1.132144] rtc_cmos 00:02: registered as rtc0
[    1.132157] rtc_cmos 00:02: alarms up to one month, y3k, 242 bytes nvram, hpet irqs
[    1.132197] intel_pstate: Intel P-state driver initializing
[    1.132787] ledtrig-cpu: registered to indicate activity on CPUs
[    1.133390] NET: Registered protocol family 10
[    1.147356] Segment Routing with IPv6
[    1.147376] NET: Registered protocol family 17
[    1.147852] RAS: Correctable Errors collector initialized.
[    1.147897] microcode: sig=0x40661, pf=0x20, revision=0x1a
[    1.147987] microcode: Microcode Update Driver: v2.2.
[    1.147996] sched_clock: Marking stable (1147758564, 224836)->(1218303097, -70319697)
[    1.148173] registered taskstats version 1
[    1.148179] Loading compiled-in X.509 certificates
[    1.151219] Loaded X.509 cert 'Build time autogenerated kernel key: 4c3f80d63f8d4acf2383dffca437d3264cfe1533'
[    1.151240] zswap: loaded using pool lzo/zbud
[    1.157672] Key type big_key registered
[    1.158289]   Magic number: 15:941:74
[    1.158412] rtc_cmos 00:02: setting system clock to 2019-04-17T11:04:46 UTC (1555499086)
[    1.159398] Freeing unused decrypted memory: 2040K
[    1.159692] Freeing unused kernel image memory: 1540K
[    1.181778] Write protecting the kernel read-only data: 18432k
[    1.182565] Freeing unused kernel image memory: 2016K
[    1.182746] Freeing unused kernel image memory: 324K
[    1.197430] x86/mm: Checked W+X mappings: passed, no W+X pages found.
[    1.197431] x86/mm: Checking user space page tables
[    1.203373] x86/mm: Checked W+X mappings: passed, no W+X pages found.
[    1.203374] Run /init as init process
[    1.795417] xhci_hcd 0000:00:14.0: xHCI Host Controller
[    1.795423] xhci_hcd 0000:00:14.0: new USB bus registered, assigned bus number 1
[    1.795657] SCSI subsystem initialized
[    1.796504] xhci_hcd 0000:00:14.0: hcc params 0x200077c1 hci version 0x100 quirks 0x0000000000009810
[    1.796509] xhci_hcd 0000:00:14.0: cache line size of 256 is not supported
[    1.796684] usb usb1: New USB device found, idVendor=1d6b, idProduct=0002, bcdDevice= 5.00
[    1.796685] usb usb1: New USB device strings: Mfr=3, Product=2, SerialNumber=1
[    1.796687] usb usb1: Product: xHCI Host Controller
[    1.796688] usb usb1: Manufacturer: Linux 5.0.5-1-MANJARO xhci-hcd
[    1.796689] usb usb1: SerialNumber: 0000:00:14.0
[    1.796790] hub 1-0:1.0: USB hub found
[    1.796812] hub 1-0:1.0: 14 ports detected
[    1.797277] xhci_hcd 0000:00:14.0: xHCI Host Controller
[    1.797279] xhci_hcd 0000:00:14.0: new USB bus registered, assigned bus number 2
[    1.797281] xhci_hcd 0000:00:14.0: Host supports USB 3.0  SuperSpeed
[    1.797317] usb usb2: New USB device found, idVendor=1d6b, idProduct=0003, bcdDevice= 5.00
[    1.797318] usb usb2: New USB device strings: Mfr=3, Product=2, SerialNumber=1
[    1.797318] usb usb2: Product: xHCI Host Controller
[    1.797319] usb usb2: Manufacturer: Linux 5.0.5-1-MANJARO xhci-hcd
[    1.797320] usb usb2: SerialNumber: 0000:00:14.0
[    1.797395] hub 2-0:1.0: USB hub found
[    1.797410] hub 2-0:1.0: 6 ports detected
[    1.800949] libata version 3.00 loaded.
[    1.803118] ahci 0000:05:00.0: version 3.0
[    1.813441] ahci 0000:05:00.0: AHCI 0001.0300 32 slots 1 ports 6 Gbps 0x1 impl SATA mode
[    1.813443] ahci 0000:05:00.0: flags: 64bit ncq led clo only pio ccc
[    1.813691] scsi host0: ahci
[    1.813779] ata1: SATA max UDMA/133 abar m8192@0xc1b00000 port 0xc1b00100 irq 16
[    2.101725] tsc: Refined TSC clocksource calibration: 2793.514 MHz
[    2.101737] clocksource: tsc: mask: 0xffffffffffffffff max_cycles: 0x28445181651, max_idle_ns: 440795239273 ns
[    2.101778] clocksource: Switched to clocksource tsc
[    2.125065] usb 1-8: new full-speed USB device number 2 using xhci_hcd
[    2.129769] ata1: SATA link up 6.0 Gbps (SStatus 133 SControl 300)
[    2.130301] ata1.00: unexpected _GTF length (8)
[    2.130610] ata1.00: ATA-8: APPLE SSD SM0512F, UXM2JA1Q, max UDMA/133
[    2.130614] ata1.00: 977105060 sectors, multi 16: LBA48 NCQ (depth 32), AA
[    2.131218] ata1.00: unexpected _GTF length (8)
[    2.131526] ata1.00: configured for UDMA/133
[    2.131815] scsi 0:0:0:0: Direct-Access     ATA      APPLE SSD SM0512 JA1Q PQ: 0 ANSI: 5
[    2.138368] sd 0:0:0:0: [sda] 977105060 512-byte logical blocks: (500 GB/466 GiB)
[    2.138371] sd 0:0:0:0: [sda] 4096-byte physical blocks
[    2.138395] sd 0:0:0:0: [sda] Write Protect is off
[    2.138399] sd 0:0:0:0: [sda] Mode Sense: 00 3a 00 00
[    2.138490] sd 0:0:0:0: [sda] Write cache: enabled, read cache: enabled, doesn't support DPO or FUA
[    2.138595] sd 0:0:0:0: [sda] Optimal transfer size 0 bytes < PAGE_SIZE (4096 bytes)
[    2.141483]  sda: sda1 sda2
[    2.142304] sd 0:0:0:0: [sda] Attached SCSI disk
[    2.266305] usb 1-8: New USB device found, idVendor=0a5c, idProduct=4500, bcdDevice= 1.00
[    2.266310] usb 1-8: New USB device strings: Mfr=1, Product=2, SerialNumber=0
[    2.266312] usb 1-8: Product: BRCM20702 Hub
[    2.266315] usb 1-8: Manufacturer: Apple Inc.
[    2.267073] hub 1-8:1.0: USB hub found
[    2.267184] hub 1-8:1.0: 3 ports detected
[    2.388483] usb 2-2: new SuperSpeed Gen 1 USB device number 2 using xhci_hcd
[    2.406373] usb 2-2: New USB device found, idVendor=0781, idProduct=5583, bcdDevice= 1.00
[    2.406377] usb 2-2: New USB device strings: Mfr=1, Product=2, SerialNumber=3
[    2.406380] usb 2-2: Product: Ultra Fit
[    2.406383] usb 2-2: Manufacturer: SanDisk
[    2.406385] usb 2-2: SerialNumber: 4C530001080406103332
[    2.413532] usb-storage 2-2:1.0: USB Mass Storage device detected
[    2.413816] scsi host1: usb-storage 2-2:1.0
[    2.413955] usbcore: registered new interface driver usb-storage
[    2.416805] usbcore: registered new interface driver uas
[    2.528417] usb 1-12: new full-speed USB device number 3 using xhci_hcd
[    2.674780] usb 1-12: New USB device found, idVendor=05ac, idProduct=0263, bcdDevice= 2.25
[    2.674785] usb 1-12: New USB device strings: Mfr=1, Product=2, SerialNumber=0
[    2.674789] usb 1-12: Product: Apple Internal Keyboard / Trackpad
[    2.674792] usb 1-12: Manufacturer: Apple Inc.
[    2.687993] hidraw: raw HID events driver (C) Jiri Kosina
[    2.696449] usbcore: registered new interface driver usbhid
[    2.696450] usbhid: USB HID core driver
[    2.791991] usb 2-4: new SuperSpeed Gen 1 USB device number 3 using xhci_hcd
[    2.811727] usb 2-4: New USB device found, idVendor=05ac, idProduct=8406, bcdDevice= 8.20
[    2.811730] usb 2-4: New USB device strings: Mfr=3, Product=4, SerialNumber=5
[    2.811732] usb 2-4: Product: Card Reader
[    2.811734] usb 2-4: Manufacturer: Apple
[    2.811736] usb 2-4: SerialNumber: 000000000820
[    2.815300] usb-storage 2-4:1.0: USB Mass Storage device detected
[    2.815543] scsi host2: usb-storage 2-4:1.0
[    2.825359] random: fast init done
[    2.881721] usb 1-8.1: new full-speed USB device number 4 using xhci_hcd
[    2.973871] usb 1-8.1: New USB device found, idVendor=05ac, idProduct=820a, bcdDevice= 1.00
[    2.973875] usb 1-8.1: New USB device strings: Mfr=0, Product=0, SerialNumber=0
[    2.975877] input: HID 05ac:820a as /devices/pci0000:00/0000:00:14.0/usb1/1-8/1-8.1/1-8.1:1.0/0003:05AC:820A.0003/input/input5
[    3.031811] hid-generic 0003:05AC:820A.0003: input,hidraw0: USB HID v1.11 Keyboard [HID 05ac:820a] on usb-0000:00:14.0-8.1/input0
[    3.105056] usb 1-8.2: new full-speed USB device number 5 using xhci_hcd
[    3.197080] usb 1-8.2: New USB device found, idVendor=05ac, idProduct=820b, bcdDevice= 1.00
[    3.197084] usb 1-8.2: New USB device strings: Mfr=0, Product=0, SerialNumber=0
[    3.199120] input: HID 05ac:820b as /devices/pci0000:00/0000:00:14.0/usb1/1-8/1-8.2/1-8.2:1.0/0003:05AC:820B.0004/input/input6
[    3.199185] hid-generic 0003:05AC:820B.0004: input,hidraw1: USB HID v1.11 Mouse [HID 05ac:820b] on usb-0000:00:14.0-8.2/input0
[    3.271722] usb 1-8.3: new full-speed USB device number 6 using xhci_hcd
[    3.364422] usb 1-8.3: New USB device found, idVendor=05ac, idProduct=8289, bcdDevice= 1.50
[    3.364426] usb 1-8.3: New USB device strings: Mfr=1, Product=2, SerialNumber=0
[    3.364428] usb 1-8.3: Product: Bluetooth USB Host Controller
[    3.364429] usb 1-8.3: Manufacturer: Apple Inc.
[    3.436307] scsi 1:0:0:0: Direct-Access     SanDisk  Ultra Fit        1.00 PQ: 0 ANSI: 6
[    3.437058] sd 1:0:0:0: [sdb] 121307136 512-byte logical blocks: (62.1 GB/57.8 GiB)
[    3.438212] sd 1:0:0:0: [sdb] Write Protect is off
[    3.438216] sd 1:0:0:0: [sdb] Mode Sense: 43 00 00 00
[    3.438563] sd 1:0:0:0: [sdb] Write cache: disabled, read cache: enabled, doesn't support DPO or FUA
[    3.438568] sd 1:0:0:0: [sdb] Optimal transfer size 0 bytes < PAGE_SIZE (4096 bytes)
[    3.459594]  sdb: sdb1 sdb2
[    3.461512] sd 1:0:0:0: [sdb] Attached SCSI removable disk
[    3.783679] EXT4-fs (sdb2): mounted filesystem with ordered data mode. Opts: (null)
[    3.837349] scsi 2:0:0:0: Direct-Access     APPLE    SD Card Reader   3.00 PQ: 0 ANSI: 6
[    3.838236] sd 2:0:0:0: [sdc] Optimal transfer size 0 bytes < PAGE_SIZE (4096 bytes)
[    3.839110] sd 2:0:0:0: [sdc] Attached SCSI removable disk
[    4.340093] systemd[1]: systemd 241.607-1-manjaro running in system mode. (+PAM +AUDIT -SELINUX -IMA -APPARMOR +SMACK -SYSVINIT +UTMP +LIBCRYPTSETUP +GCRYPT +GNUTLS +ACL +XZ +LZ4 +SECCOMP +BLKID +ELFUTILS +KMOD +IDN2 -IDN +PCRE2 default-hierarchy=hybrid)
[    4.355223] systemd[1]: Detected architecture x86-64.
[    4.368866] systemd[1]: Set hostname to <manjaro-usb>.
[    5.257312] systemd[1]: Listening on LVM2 poll daemon socket.
[    5.257573] systemd[1]: Listening on LVM2 metadata daemon socket.
[    5.257652] systemd[1]: Started Dispatch Password Requests to Console Directory Watch.
[    5.257840] systemd[1]: Listening on Journal Audit Socket.
[    5.257902] systemd[1]: Started Forward Password Requests to Wall Directory Watch.
[    5.257918] systemd[1]: Reached target Login Prompts.
[    5.257982] systemd[1]: Listening on initctl Compatibility Named Pipe.
[    5.298568] EXT4-fs (sdb2): re-mounted. Opts: (null)
[    5.359178] random: systemd-random-: uninitialized urandom read (512 bytes read)
[    5.371457] IPMI message handler: version 39.2
[    5.377029] ipmi device interface
[    5.398528] random: lvm: uninitialized urandom read (4 bytes read)
[    5.514371] audit: type=1130 audit(1555499090.850:2): pid=1 uid=0 auid=4294967295 ses=4294967295 msg='unit=systemd-journald comm="systemd" exe="/usr/lib/systemd/systemd" hostname=? addr=? terminal=? res=success'
[    5.536864] audit: type=1130 audit(1555499090.873:3): pid=1 uid=0 auid=4294967295 ses=4294967295 msg='unit=systemd-sysusers comm="systemd" exe="/usr/lib/systemd/systemd" hostname=? addr=? terminal=? res=success'
[    5.549627] systemd-journald[320]: Received request to flush runtime journal from PID 1
[    5.885855] nvidia: loading out-of-tree module taints kernel.
[    5.885865] nvidia: module license 'NVIDIA' taints kernel.
[    5.885866] Disabling lock debugging due to kernel taint
[    5.890210] nvidia: module verification failed: signature and/or required key missing - tainting kernel
[    5.897165] nvidia-nvlink: Nvlink Core is being initialized, major device number 240
[    5.897324] nvidia 0000:01:00.0: enabling device (0006 -> 0007)
[    5.897427] nvidia 0000:01:00.0: vgaarb: changed VGA decodes: olddecodes=io+mem,decodes=none:owns=io+mem
[    5.907718] audit: type=1130 audit(1555499091.243:4): pid=1 uid=0 auid=4294967295 ses=4294967295 msg='unit=systemd-tmpfiles-setup-dev comm="systemd" exe="/usr/lib/systemd/systemd" hostname=? addr=? terminal=? res=success'
[    5.998488] NVRM: loading NVIDIA UNIX x86_64 Kernel Module  418.43  Tue Feb 19 01:12:11 CST 2019
[    6.184730] Linux agpgart interface v0.103
[    6.344405] nvidia-modeset: Loading NVIDIA Kernel Mode Setting Driver for UNIX platforms  418.43  Tue Feb 19 01:05:14 CST 2019
[    6.362263] [drm] [nvidia-drm] [GPU ID 0x00000100] Loading driver
[    6.362266] [drm] Initialized nvidia-drm 0.0.0 20160202 for 0000:01:00.0 on minor 0
[    6.447386] audit: type=1130 audit(1555499091.783:5): pid=1 uid=0 auid=4294967295 ses=4294967295 msg='unit=systemd-modules-load comm="systemd" exe="/usr/lib/systemd/systemd" hostname=? addr=? terminal=? res=success'
[    6.512424] audit: type=1130 audit(1555499091.850:6): pid=1 uid=0 auid=4294967295 ses=4294967295 msg='unit=systemd-sysctl comm="systemd" exe="/usr/lib/systemd/systemd" hostname=? addr=? terminal=? res=success'
[    6.954259] random: crng init done
[    7.323355] audit: type=1130 audit(1555499092.660:7): pid=1 uid=0 auid=4294967295 ses=4294967295 msg='unit=systemd-journal-flush comm="systemd" exe="/usr/lib/systemd/systemd" hostname=? addr=? terminal=? res=success'
[    7.324332] audit: type=1130 audit(1555499092.660:8): pid=1 uid=0 auid=4294967295 ses=4294967295 msg='unit=systemd-udevd comm="systemd" exe="/usr/lib/systemd/systemd" hostname=? addr=? terminal=? res=success'
[    7.477918] input: PC Speaker as /devices/platform/pcspkr/input/input7
[    7.487555] smbus_hc ACPI0001:00: SBS HC: offset = 0x20, query_bit = 0x10
[    7.522074] ACPI: AC Adapter [ADP1] (on-line)
[    7.538586] RAPL PMU: API unit is 2^-32 Joules, 4 fixed counters, 655360 ms ovfl timer
[    7.538587] RAPL PMU: hw unit of domain pp0-core 2^-14 Joules
[    7.538588] RAPL PMU: hw unit of domain package 2^-14 Joules
[    7.538589] RAPL PMU: hw unit of domain dram 2^-14 Joules
[    7.538589] RAPL PMU: hw unit of domain pp1-gpu 2^-14 Joules
[    7.597361] apple_gmux: gmux device not present
[    7.602386] applesmc: key=661 fan=2 temp=41 index=40 acc=0 lux=2 kbd=1
[    7.602511] applesmc applesmc.768: hwmon_device_register() is deprecated. Please convert the driver to use hwmon_device_register_with_info().
[    7.669001] cryptd: max_cpu_qlen set to 1000
[    7.675733] ACPI: Smart Battery System [SBS0]: Battery Slot [BAT0] (battery present)
[    7.681854] i801_smbus 0000:00:1f.3: SMBus using PCI interrupt
[    7.758341] AVX2 version of gcm_enc/dec engaged.
[    7.758343] AES CTR mode by8 optimization enabled
[    7.769193] audit: type=1130 audit(1555499093.106:9): pid=1 uid=0 auid=4294967295 ses=4294967295 msg='unit=systemd-backlight@leds:smc::kbd_backlight comm="systemd" exe="/usr/lib/systemd/systemd" hostname=? addr=? terminal=? res=success'
[    7.800366] ACPI Warning: SystemIO range 0x0000000000000840-0x000000000000084F conflicts with OpRegion 0x0000000000000800-0x0000000000000863 (\GPIO) (20181213/utaddress-213)
[    7.800371] ACPI: If an ACPI driver is available for this device, you should use it instead of the native driver
[    7.800372] ACPI Warning: SystemIO range 0x0000000000000830-0x000000000000083F conflicts with OpRegion 0x0000000000000800-0x0000000000000863 (\GPIO) (20181213/utaddress-213)
[    7.800375] ACPI: If an ACPI driver is available for this device, you should use it instead of the native driver
[    7.800376] ACPI Warning: SystemIO range 0x0000000000000800-0x000000000000082F conflicts with OpRegion 0x0000000000000800-0x0000000000000863 (\GPIO) (20181213/utaddress-213)
[    7.800378] ACPI Warning: SystemIO range 0x0000000000000800-0x000000000000082F conflicts with OpRegion 0x0000000000000810-0x0000000000000813 (\IO_D) (20181213/utaddress-213)
[    7.800381] ACPI Warning: SystemIO range 0x0000000000000800-0x000000000000082F conflicts with OpRegion 0x0000000000000800-0x000000000000080F (\IO_T) (20181213/utaddress-213)
[    7.800393] ACPI: If an ACPI driver is available for this device, you should use it instead of the native driver
[    7.800393] lpc_ich: Resource conflict(s) found affecting gpio_ich
[    7.815311] thunderbolt 0000:08:00.0: 0:1: is unplugged (state: 7)
[    7.815437] thunderbolt 0000:08:00.0: 0:3: is unplugged (state: 7)
[    7.852120] iTCO_vendor_support: vendor-support=0
[    7.877127] cfg80211: Loading compiled-in X.509 certificates for regulatory database
[    7.878259] iTCO_wdt: Intel TCO WatchDog Timer Driver v1.11
[    7.878316] iTCO_wdt: unable to reset NO_REBOOT flag, device disabled by hardware/BIOS
[    7.880669] cfg80211: Loaded X.509 cert 'sforshee: 00b28ddf47aef9cea7'
[    7.966896] audit: type=1130 audit(1555499093.303:10): pid=1 uid=0 auid=4294967295 ses=4294967295 msg='unit=systemd-backlight@backlight:acpi_video0 comm="systemd" exe="/usr/lib/systemd/systemd" hostname=? addr=? terminal=? res=success'
[    8.001730] intel-spi intel-spi: mx25l6405d (8192 Kbytes)
[    8.034148] Creating 1 MTD partitions on "intel-spi":
[    8.034152] 0x000000000000-0x000000800000 : "BIOS"
[    8.065715] snd_hda_intel 0000:01:00.1: enabling device (0000 -> 0002)
[    8.065782] snd_hda_intel 0000:01:00.1: Disabling MSI
[    8.065787] snd_hda_intel 0000:01:00.1: Handle vga_switcheroo audio client
[    8.109897] mousedev: PS/2 mouse device common for all mice
[    8.114037] input: Apple Inc. Apple Internal Keyboard / Trackpad as /devices/pci0000:00/0000:00:14.0/usb1/1-12/1-12:1.0/0003:05AC:0263.0001/input/input8
[    8.147238] input: bcm5974 as /devices/pci0000:00/0000:00:14.0/usb1/1-12/1-12:1.2/input/input9
[    8.168228] intel_rapl: Found RAPL domain package
[    8.168230] intel_rapl: Found RAPL domain core
[    8.168231] intel_rapl: Found RAPL domain uncore
[    8.168232] intel_rapl: Found RAPL domain dram
[    8.171750] apple 0003:05AC:0263.0001: input,hidraw2: USB HID v1.11 Keyboard [Apple Inc. Apple Internal Keyboard / Trackpad] on usb-0000:00:14.0-12/input0
[    8.171869] apple 0003:05AC:0263.0002: hidraw3: USB HID v1.11 Device [Apple Inc. Apple Internal Keyboard / Trackpad] on usb-0000:00:14.0-12/input1
[    8.171945] snd_hda_codec_cirrus hdaudioC0D0: autoconfig for CS4208: line_outs=2 (0x12/0x13/0x0/0x0/0x0) type:speaker
[    8.171948] snd_hda_codec_cirrus hdaudioC0D0:    speaker_outs=0 (0x0/0x0/0x0/0x0/0x0)
[    8.171949] snd_hda_codec_cirrus hdaudioC0D0:    hp_outs=1 (0x10/0x0/0x0/0x0/0x0)
[    8.171950] snd_hda_codec_cirrus hdaudioC0D0:    mono: mono_out=0x0
[    8.171951] snd_hda_codec_cirrus hdaudioC0D0:    dig-out=0x21/0x0
[    8.171951] snd_hda_codec_cirrus hdaudioC0D0:    inputs:
[    8.171953] snd_hda_codec_cirrus hdaudioC0D0:      Internal Mic=0x1c
[    8.171954] snd_hda_codec_cirrus hdaudioC0D0:      Mic=0x18
[    8.172380] usbcore: registered new interface driver bcm5974
[    8.191180] wlan0: Broadcom BCM43a0 802.11 Hybrid Wireless Controller 6.30.223.271 (r587334)

[    8.198849] input: HDA Intel PCH Mic as /devices/pci0000:00/0000:00:1b.0/sound/card0/input10
[    8.198916] input: HDA Intel PCH Headphone as /devices/pci0000:00/0000:00:1b.0/sound/card0/input11
[    8.198975] input: HDA Intel PCH SPDIF as /devices/pci0000:00/0000:00:1b.0/sound/card0/input12
[    8.215413] wl 0000:03:00.0 wlp3s0: renamed from wlan0
[    8.225252] Bluetooth: Core ver 2.22
[    8.225264] NET: Registered protocol family 31
[    8.225265] Bluetooth: HCI device and connection manager initialized
[    8.225267] Bluetooth: HCI socket layer initialized
[    8.225269] Bluetooth: L2CAP socket layer initialized
[    8.225271] Bluetooth: SCO socket layer initialized
[    8.320933] audit: type=1130 audit(1555499093.656:11): pid=1 uid=0 auid=4294967295 ses=4294967295 msg='unit=systemd-rfkill comm="systemd" exe="/usr/lib/systemd/systemd" hostname=? addr=? terminal=? res=success'
[    8.331781] usbcore: registered new interface driver btusb
[    8.422338] usb 1-8.1: USB disconnect, device number 4
[    8.442227] Bluetooth: hci0: BCM: chip id 73 build 1127
[    8.443226] Bluetooth: hci0: BCM: product 05ac:8289
[    8.444223] Bluetooth: hci0: BCM: features 0x07
[    8.460184] Bluetooth: hci0: BCM20702B0 Generic USB Class 1 @ 20 MHz
[    8.610550] audit: type=1130 audit(1555499093.946:12): pid=1 uid=0 auid=4294967295 ses=4294967295 msg='unit=lvm2-monitor comm="systemd" exe="/usr/lib/systemd/systemd" hostname=? addr=? terminal=? res=success'
[    8.641984] usb 1-8.2: USB disconnect, device number 5
[    8.662412] loop: module loaded
[    8.713398] input: HDA NVidia HDMI/DP,pcm=3 as /devices/pci0000:00/0000:00:01.0/0000:01:00.1/sound/card1/input13
[    8.713470] input: HDA NVidia HDMI/DP,pcm=7 as /devices/pci0000:00/0000:00:01.0/0000:01:00.1/sound/card1/input14
[    8.713529] input: HDA NVidia HDMI/DP,pcm=8 as /devices/pci0000:00/0000:00:01.0/0000:01:00.1/sound/card1/input15
[    8.743120] squashfs: version 4.0 (2009/01/31) Phillip Lougher
[    9.024895] audit: type=1130 audit(1555499094.360:13): pid=1 uid=0 auid=4294967295 ses=4294967295 msg='unit=systemd-fsck@dev-disk-by\x2duuid-F90F\x2d0346 comm="systemd" exe="/usr/lib/systemd/systemd" hostname=? addr=? terminal=? res=success'
[   10.006894] Bluetooth: BNEP (Ethernet Emulation) ver 1.3
[   10.006895] Bluetooth: BNEP filters: protocol multicast
[   10.006897] Bluetooth: BNEP socket layer initialized
[   10.913031] kauditd_printk_skb: 26 callbacks suppressed
[   10.913032] audit: type=1325 audit(1555499096.250:40): table=filter family=2 entries=4
[   10.917296] audit: type=1325 audit(1555499096.253:41): table=filter family=10 entries=4
[   10.921635] audit: type=1325 audit(1555499096.256:42): table=filter family=2 entries=6
[   10.922374] audit: type=1130 audit(1555499096.260:43): pid=1 uid=0 auid=4294967295 ses=4294967295 msg='unit=ModemManager comm="systemd" exe="/usr/lib/systemd/systemd" hostname=? addr=? terminal=? res=success'
[   10.926380] audit: type=1130 audit(1555499096.263:44): pid=1 uid=0 auid=4294967295 ses=4294967295 msg='unit=wpa_supplicant comm="systemd" exe="/usr/lib/systemd/systemd" hostname=? addr=? terminal=? res=success'
[   10.935049] audit: type=1325 audit(1555499096.273:45): table=filter family=2 entries=8
[   10.938200] audit: type=1325 audit(1555499096.273:46): table=filter family=2 entries=9
[   10.941112] audit: type=1325 audit(1555499096.276:47): table=filter family=2 entries=11
[   10.944079] audit: type=1325 audit(1555499096.280:48): table=filter family=10 entries=6
[   10.948587] audit: type=1325 audit(1555499096.286:49): table=filter family=10 entries=8
[   12.099474] ACPI Warning: \_SB.PCI0.P0P2.GFX0._DSM: Argument #4 type mismatch - Found [Buffer], ACPI requires [Package] (20181213/nsarguments-66)
[   17.753422] kauditd_printk_skb: 82 callbacks suppressed
[   17.753423] audit: type=1130 audit(1555499103.090:132): pid=1 uid=0 auid=4294967295 ses=4294967295 msg='unit=systemd-localed comm="systemd" exe="/usr/lib/systemd/systemd" hostname=? addr=? terminal=? res=success'
[   18.569973] audit: type=1130 audit(1555499103.906:133): pid=1 uid=0 auid=4294967295 ses=4294967295 msg='unit=rtkit-daemon comm="systemd" exe="/usr/lib/systemd/systemd" hostname=? addr=? terminal=? res=success'
[   18.624700] audit: type=1130 audit(1555499103.960:134): pid=1 uid=0 auid=4294967295 ses=4294967295 msg='unit=geoclue comm="systemd" exe="/usr/lib/systemd/systemd" hostname=? addr=? terminal=? res=success'
[   18.624906] audit: type=1130 audit(1555499103.960:135): pid=1 uid=0 auid=4294967295 ses=4294967295 msg='unit=upower comm="systemd" exe="/usr/lib/systemd/systemd" hostname=? addr=? terminal=? res=success'
[   18.901863] IPv6: ADDRCONF(NETDEV_CHANGE): wlp3s0: link becomes ready
[   19.005440] audit: type=1130 audit(1555499104.343:136): pid=1 uid=0 auid=4294967295 ses=4294967295 msg='unit=colord comm="systemd" exe="/usr/lib/systemd/systemd" hostname=? addr=? terminal=? res=success'
[   19.395489] audit: type=1130 audit(1555499104.733:137): pid=1 uid=0 auid=4294967295 ses=4294967295 msg='unit=fprintd comm="systemd" exe="/usr/lib/systemd/systemd" hostname=? addr=? terminal=? res=success'
[   21.002423] audit: type=1131 audit(1555499106.340:138): pid=1 uid=0 auid=4294967295 ses=4294967295 msg='unit=NetworkManager-dispatcher comm="systemd" exe="/usr/lib/systemd/systemd" hostname=? addr=? terminal=? res=success'
[   21.156427] Bluetooth: RFCOMM TTY layer initialized
[   21.156431] Bluetooth: RFCOMM socket layer initialized
[   21.156436] Bluetooth: RFCOMM ver 1.11
[   48.713395] audit: type=1131 audit(1555499133.271:139): pid=1 uid=0 auid=4294967295 ses=4294967295 msg='unit=systemd-localed comm="systemd" exe="/usr/lib/systemd/systemd" hostname=? addr=? terminal=? res=success'
[   49.588885] audit: type=1131 audit(1555499134.148:140): pid=1 uid=0 auid=4294967295 ses=4294967295 msg='unit=systemd-hostnamed comm="systemd" exe="/usr/lib/systemd/systemd" hostname=? addr=? terminal=? res=success'
[   49.803568] audit: type=1006 audit(1555499134.361:141): pid=1410 uid=0 old-auid=4294967295 auid=1000 tty=(none) old-ses=4294967295 ses=2 res=1
[   49.821045] audit: type=1130 audit(1555499134.378:142): pid=1 uid=0 auid=4294967295 ses=4294967295 msg='unit=user-runtime-dir@1000 comm="systemd" exe="/usr/lib/systemd/systemd" hostname=? addr=? terminal=? res=success'
[   49.825967] audit: type=1006 audit(1555499134.384:143): pid=1423 uid=0 old-auid=4294967295 auid=1000 tty=(none) old-ses=4294967295 ses=3 res=1
[   49.874983] audit: type=1130 audit(1555499134.434:144): pid=1 uid=0 auid=4294967295 ses=4294967295 msg='unit=user@1000 comm="systemd" exe="/usr/lib/systemd/systemd" hostname=? addr=? terminal=? res=success'
[   49.995599] audit: type=1112 audit(1555499134.554:145): pid=1410 uid=0 auid=1000 ses=2 msg='uid=1000 exe="/usr/lib/gdm-session-worker" hostname=? addr=? terminal=? res=success'
[   50.002988] audit: type=1131 audit(1555499134.561:146): pid=1 uid=0 auid=4294967295 ses=4294967295 msg='unit=fprintd comm="systemd" exe="/usr/lib/systemd/systemd" hostname=? addr=? terminal=? res=success'
[   52.721776] fuse init (API version 7.28)
[   53.916008] audit: type=1130 audit(1555499138.474:147): pid=1 uid=0 auid=4294967295 ses=4294967295 msg='unit=udisks2 comm="systemd" exe="/usr/lib/systemd/systemd" hostname=? addr=? terminal=? res=success'
[   54.334387] audit: type=1130 audit(1555499138.891:148): pid=1 uid=0 auid=4294967295 ses=4294967295 msg='unit=org.cups.cupsd comm="systemd" exe="/usr/lib/systemd/systemd" hostname=? addr=? terminal=? res=success'
[   54.383651] mce: CPU0: Core temperature above threshold, cpu clock throttled (total events = 1)
[   54.383652] mce: CPU4: Core temperature above threshold, cpu clock throttled (total events = 1)
[   54.383653] mce: CPU7: Package temperature above threshold, cpu clock throttled (total events = 1)
[   54.383654] mce: CPU3: Package temperature above threshold, cpu clock throttled (total events = 1)
[   54.383656] mce: CPU1: Package temperature above threshold, cpu clock throttled (total events = 1)
[   54.383657] mce: CPU2: Package temperature above threshold, cpu clock throttled (total events = 1)
[   54.383658] mce: CPU5: Package temperature above threshold, cpu clock throttled (total events = 1)
[   54.383659] mce: CPU6: Package temperature above threshold, cpu clock throttled (total events = 1)
[   54.383659] mce: CPU4: Package temperature above threshold, cpu clock throttled (total events = 1)
[   54.383661] mce: CPU0: Package temperature above threshold, cpu clock throttled (total events = 1)
[   54.384627] mce: CPU0: Core temperature/speed normal
[   54.384628] mce: CPU4: Core temperature/speed normal
[   54.384629] mce: CPU3: Package temperature/speed normal
[   54.384630] mce: CPU1: Package temperature/speed normal
[   54.384631] mce: CPU6: Package temperature/speed normal
[   54.384631] mce: CPU5: Package temperature/speed normal
[   54.384632] mce: CPU2: Package temperature/speed normal
[   54.384633] mce: CPU7: Package temperature/speed normal
[   54.384634] mce: CPU4: Package temperature/speed normal
[   54.384634] mce: CPU0: Package temperature/speed normal
[   54.496292] audit: type=1130 audit(1555499139.054:149): pid=1 uid=0 auid=4294967295 ses=4294967295 msg='unit=systemd-localed comm="systemd" exe="/usr/lib/systemd/systemd" hostname=? addr=? terminal=? res=success'
[   54.499176] audit: type=1130 audit(1555499139.058:150): pid=1 uid=0 auid=4294967295 ses=4294967295 msg='unit=systemd-hostnamed comm="systemd" exe="/usr/lib/systemd/systemd" hostname=? addr=? terminal=? res=success'
[   54.517276] rfkill: input handler disabled
[   54.551317] audit: type=1130 audit(1555499139.108:151): pid=1 uid=0 auid=4294967295 ses=4294967295 msg='unit=systemd-timedated comm="systemd" exe="/usr/lib/systemd/systemd" hostname=? addr=? terminal=? res=success'
[   79.021626] audit: type=1131 audit(1555499163.578:152): pid=1 uid=0 auid=4294967295 ses=4294967295 msg='unit=geoclue comm="systemd" exe="/usr/lib/systemd/systemd" hostname=? addr=? terminal=? res=success'
[   84.617050] audit: type=1131 audit(1555499169.174:153): pid=1 uid=0 auid=4294967295 ses=4294967295 msg='unit=systemd-timedated comm="systemd" exe="/usr/lib/systemd/systemd" hostname=? addr=? terminal=? res=success'
[   87.290709] audit: type=1131 audit(1555499171.847:154): pid=1 uid=0 auid=4294967295 ses=4294967295 msg='unit=systemd-hostnamed comm="systemd" exe="/usr/lib/systemd/systemd" hostname=? addr=? terminal=? res=success'
[   87.583516] audit: type=1131 audit(1555499172.141:155): pid=1 uid=0 auid=4294967295 ses=4294967295 msg='unit=systemd-localed comm="systemd" exe="/usr/lib/systemd/systemd" hostname=? addr=? terminal=? res=success'
