smartctl 6.6 2016-05-31 r4324 [x86_64-linux-4.15.0-46-generic] (local build)
Copyright (C) 2002-16, Bruce Allen, Christian Franke, www.smartmontools.org

=== START OF INFORMATION SECTION ===
Model Family:     Crucial/Micron MX100/MX200/M5x0/M600 Client SSDs
Device Model:     Crucial_CT128M550SSD3
Serial Number:    14110C323F00
LU WWN Device Id: 5 00a075 01d3243de
Firmware Version: MU02
User Capacity:    128.035.676.160 bytes [128 GB]
Sector Sizes:     512 bytes logical, 4096 bytes physical
Rotation Rate:    Solid State Device
Form Factor:      < 1.8 inches
Device is:        In smartctl database [for details use: -P show]
ATA Version is:   ACS-2, ATA8-ACS T13/1699-D revision 6
SATA Version is:  SATA 3.1, 6.0 Gb/s (current: 3.0 Gb/s)
Local Time is:    Tue Apr  2 17:47:26 2019 CEST
SMART support is: Available - device has SMART capability.
SMART support is: Enabled
AAM feature is:   Unavailable
APM level is:     128 (minimum power consumption without standby)
Rd look-ahead is: Enabled
Write cache is:   Enabled
ATA Security is:  Disabled, NOT FROZEN [SEC1]
Wt Cache Reorder: Enabled

=== START OF READ SMART DATA SECTION ===
SMART overall-health self-assessment test result: PASSED

General SMART Values:
Offline data collection status:  (0x80)	Offline data collection activity
					was never started.
					Auto Offline Data Collection: Enabled.
Self-test execution status:      (   0)	The previous self-test routine completed
					without error or no self-test has ever 
					been run.
Total time to complete Offline 
data collection: 		(  595) seconds.
Offline data collection
capabilities: 			 (0x7b) SMART execute Offline immediate.
					Auto Offline data collection on/off support.
					Suspend Offline collection upon new
					command.
					Offline surface scan supported.
					Self-test supported.
					Conveyance Self-test supported.
					Selective Self-test supported.
SMART capabilities:            (0x0003)	Saves SMART data before entering
					power-saving mode.
					Supports SMART auto save timer.
Error logging capability:        (0x01)	Error logging supported.
					General Purpose Logging supported.
Short self-test routine 
recommended polling time: 	 (   2) minutes.
Extended self-test routine
recommended polling time: 	 (   3) minutes.
Conveyance self-test routine
recommended polling time: 	 (   3) minutes.
SCT capabilities: 	       (0x0035)	SCT Status supported.
					SCT Feature Control supported.
					SCT Data Table supported.

SMART Attributes Data Structure revision number: 16
Vendor Specific SMART Attributes with Thresholds:
ID# ATTRIBUTE_NAME          FLAGS    VALUE WORST THRESH FAIL RAW_VALUE
  1 Raw_Read_Error_Rate     POSR-K   100   100   000    -    2
  5 Reallocate_NAND_Blk_Cnt PO--CK   100   100   000    -    0
  9 Power_On_Hours          -O--CK   100   100   000    -    4767
 12 Power_Cycle_Count       -O--CK   100   100   000    -    7869
171 Program_Fail_Count      -O--CK   100   100   000    -    0
172 Erase_Fail_Count        -O--CK   100   100   000    -    0
173 Ave_Block-Erase_Count   -O--CK   095   095   000    -    177
174 Unexpect_Power_Loss_Ct  -O--CK   100   100   000    -    366
180 Unused_Reserve_NAND_Blk PO--CK   000   000   000    -    1036
183 SATA_Interfac_Downshift -O--CK   100   100   000    -    0
184 Error_Correction_Count  -O--CK   100   100   000    -    0
187 Reported_Uncorrect      -O--CK   100   100   000    -    0
194 Temperature_Celsius     -O---K   034   006   000    -    66 (Min/Max 17/94)
196 Reallocated_Event_Count -O--CK   100   100   000    -    0
197 Current_Pending_Sector  -O--CK   100   100   000    -    0
198 Offline_Uncorrectable   ----CK   100   100   000    -    0
199 UDMA_CRC_Error_Count    -O--CK   100   100   000    -    0
202 Percent_Lifetime_Used   P---CK   095   095   000    -    5
206 Write_Error_Rate        -OSR--   100   100   000    -    0
210 Success_RAIN_Recov_Cnt  -O--CK   100   100   000    -    0
246 Total_Host_Sector_Write -O--CK   100   100   000    -    14546033643
247 Host_Program_Page_Count -O--CK   100   100   000    -    463669262
248 Bckgnd_Program_Page_Cnt -O--CK   100   100   000    -    910054629
                            ||||||_ K auto-keep
                            |||||__ C event count
                            ||||___ R error rate
                            |||____ S speed/performance
                            ||_____ O updated online
                            |______ P prefailure warning

General Purpose Log Directory Version 1
SMART           Log Directory Version 1 [multi-sector log support]
Address    Access  R/W   Size  Description
0x00       GPL,SL  R/O      1  Log Directory
0x01           SL  R/O      1  Summary SMART error log
0x02           SL  R/O     51  Comprehensive SMART error log
0x03       GPL     R/O  16383  Ext. Comprehensive SMART error log
0x04       GPL,SL  R/O    255  Device Statistics log
0x06           SL  R/O      1  SMART self-test log
0x07       GPL     R/O      1  Extended self-test log
0x09           SL  R/W      1  Selective self-test log
0x10       GPL     R/O      1  SATA NCQ Queued Error log
0x11       GPL     R/O      1  SATA Phy Event Counters log
0x13       GPL     R/O      1  SATA NCQ Send and Receive log
0x24       GPL     R/O    429  Current Device Internal Status Data log
0x25       GPL     R/O    145  Saved Device Internal Status Data log
0x30       GPL,SL  R/O      9  IDENTIFY DEVICE data log
0x80-0x9f  GPL,SL  R/W     16  Host vendor specific log
0xa0       GPL     VS    2000  Device vendor specific log
0xa0       SL      VS     208  Device vendor specific log
0xa1-0xbf  GPL,SL  VS       1  Device vendor specific log
0xc0       GPL,SL  VS      80  Device vendor specific log
0xc1-0xdf  GPL,SL  VS       1  Device vendor specific log
0xe0       GPL,SL  R/W      1  SCT Command/Status
0xe1       GPL,SL  R/W      1  SCT Data Transfer

SMART Extended Comprehensive Error Log Version: 1 (16383 sectors)
No Errors Logged

SMART Extended Self-test Log Version: 1 (1 sectors)
Num  Test_Description    Status                  Remaining  LifeTime(hours)  LBA_of_first_error
# 1  Short offline       Aborted by host               00%      4683         -
# 2  Short offline       Aborted by host               00%      4683         -
# 3  Vendor (0xff)       Completed without error       00%      4545         -
# 4  Vendor (0xff)       Completed without error       00%      4308         -
# 5  Vendor (0xff)       Completed without error       00%      4180         -
# 6  Vendor (0xff)       Completed without error       00%      4026         -
# 7  Vendor (0xff)       Completed without error       00%      2833         -
# 8  Extended offline    Aborted by host               00%      2657         -
# 9  Vendor (0xff)       Completed without error       00%      1785         -
#10  Vendor (0xff)       Completed without error       00%      1614         -
#11  Vendor (0xff)       Completed without error       00%      1153         -
#12  Vendor (0xff)       Completed without error       00%       957         -
#13  Vendor (0xff)       Completed without error       00%       770         -

SMART Selective self-test log data structure revision number 1
 SPAN  MIN_LBA  MAX_LBA  CURRENT_TEST_STATUS
    1        0        0  Not_testing
    2        0        0  Not_testing
    3        0        0  Not_testing
    4        0        0  Not_testing
    5        0        0  Not_testing
Selective self-test flags (0x0):
  After scanning selected spans, do NOT read-scan remainder of disk.
If Selective self-test is pending on power-up, resume after 0 minute delay.

SCT Status Version:                  3
SCT Version (vendor specific):       1 (0x0001)
SCT Support Level:                   0
Device State:                        Active (0)
Current Temperature:                    66 Celsius
Power Cycle Min/Max Temperature:     51/66 Celsius
Lifetime    Min/Max Temperature:     17/94 Celsius
Under/Over Temperature Limit Count:   0/0

SCT Temperature History Version:     2
Temperature Sampling Period:         1 minute
Temperature Logging Interval:        1 minute
Min/Max recommended Temperature:      0/70 Celsius
Min/Max Temperature Limit:           -5/75 Celsius
Temperature History Size (Index):    478 (290)

Index    Estimated Time   Temperature Celsius
 291    2019-04-02 09:50    72  ***************************************+
 292    2019-04-02 09:51    73  ***************************************+
 ...    ..(  6 skipped).    ..  ***************************************+
 299    2019-04-02 09:58    73  ***************************************+
 300    2019-04-02 09:59    74  ***************************************+
 ...    ..(  4 skipped).    ..  ***************************************+
 305    2019-04-02 10:04    74  ***************************************+
 306    2019-04-02 10:05    75  ***************************************+
 ...    ..( 11 skipped).    ..  ***************************************+
 318    2019-04-02 10:17    75  ***************************************+
 319    2019-04-02 10:18    76  ***************************************+
 320    2019-04-02 10:19    75  ***************************************+
 ...    ..(  4 skipped).    ..  ***************************************+
 325    2019-04-02 10:24    75  ***************************************+
 326    2019-04-02 10:25    74  ***************************************+
 ...    ..(  7 skipped).    ..  ***************************************+
 334    2019-04-02 10:33    74  ***************************************+
 335    2019-04-02 10:34    73  ***************************************+
 ...    ..(  5 skipped).    ..  ***************************************+
 341    2019-04-02 10:40    73  ***************************************+
 342    2019-04-02 10:41    74  ***************************************+
 ...    ..(  4 skipped).    ..  ***************************************+
 347    2019-04-02 10:46    74  ***************************************+
 348    2019-04-02 10:47    75  ***************************************+
 ...    ..(  9 skipped).    ..  ***************************************+
 358    2019-04-02 10:57    75  ***************************************+
 359    2019-04-02 10:58    74  ***************************************+
 ...    ..(  5 skipped).    ..  ***************************************+
 365    2019-04-02 11:04    74  ***************************************+
 366    2019-04-02 11:05    73  ***************************************+
 367    2019-04-02 11:06    74  ***************************************+
 ...    ..(  3 skipped).    ..  ***************************************+
 371    2019-04-02 11:10    74  ***************************************+
 372    2019-04-02 11:11    75  ***************************************+
 ...    ..(  4 skipped).    ..  ***************************************+
 377    2019-04-02 11:16    75  ***************************************+
 378    2019-04-02 11:17     ?  -
 379    2019-04-02 11:18    30  ***********
 380    2019-04-02 11:19    35  ****************
 381    2019-04-02 11:20    38  *******************
 382    2019-04-02 11:21    41  **********************
 383    2019-04-02 11:22    43  ************************
 384    2019-04-02 11:23    45  **************************
 385    2019-04-02 11:24    46  ***************************
 386    2019-04-02 11:25    47  ****************************
 387    2019-04-02 11:26    47  ****************************
 388    2019-04-02 11:27    48  *****************************
 389    2019-04-02 11:28    49  ******************************
 390    2019-04-02 11:29    49  ******************************
 391    2019-04-02 11:30    50  *******************************
 392    2019-04-02 11:31    50  *******************************
 393    2019-04-02 11:32    50  *******************************
 394    2019-04-02 11:33    51  ********************************
 395    2019-04-02 11:34    51  ********************************
 396    2019-04-02 11:35    52  *********************************
 397    2019-04-02 11:36    52  *********************************
 398    2019-04-02 11:37    52  *********************************
 399    2019-04-02 11:38    53  **********************************
 ...    ..(  2 skipped).    ..  **********************************
 402    2019-04-02 11:41    53  **********************************
 403    2019-04-02 11:42    54  ***********************************
 404    2019-04-02 11:43    59  ****************************************
 405    2019-04-02 11:44    61  ***************************************+
 406    2019-04-02 11:45    58  ***************************************
 407    2019-04-02 11:46    62  ***************************************+
 408    2019-04-02 11:47    66  ***************************************+
 409    2019-04-02 11:48    63  ***************************************+
 410    2019-04-02 11:49    60  ***************************************+
 411    2019-04-02 11:50    58  ***************************************
 412    2019-04-02 11:51    57  **************************************
 413    2019-04-02 11:52    56  *************************************
 414    2019-04-02 11:53    56  *************************************
 415    2019-04-02 11:54    55  ************************************
 ...    ..( 10 skipped).    ..  ************************************
 426    2019-04-02 12:05    55  ************************************
 427    2019-04-02 12:06    58  ***************************************
 428    2019-04-02 12:07    57  **************************************
 429    2019-04-02 12:08    56  *************************************
 ...    ..(  3 skipped).    ..  *************************************
 433    2019-04-02 12:12    56  *************************************
 434    2019-04-02 12:13    55  ************************************
 ...    ..(  5 skipped).    ..  ************************************
 440    2019-04-02 12:19    55  ************************************
 441    2019-04-02 12:20    56  *************************************
 442    2019-04-02 12:21    56  *************************************
 443    2019-04-02 12:22    56  *************************************
 444    2019-04-02 12:23     ?  -
 445    2019-04-02 12:24    51  ********************************
 446    2019-04-02 12:25    52  *********************************
 447    2019-04-02 12:26    53  **********************************
 448    2019-04-02 12:27    54  ***********************************
 449    2019-04-02 12:28    55  ************************************
 450    2019-04-02 12:29    55  ************************************
 451    2019-04-02 12:30    56  *************************************
 452    2019-04-02 12:31    56  *************************************
 453    2019-04-02 12:32    57  **************************************
 454    2019-04-02 12:33    57  **************************************
 455    2019-04-02 12:34    58  ***************************************
 ...    ..(  2 skipped).    ..  ***************************************
 458    2019-04-02 12:37    58  ***************************************
 459    2019-04-02 12:38    59  ****************************************
 ...    ..(  2 skipped).    ..  ****************************************
 462    2019-04-02 12:41    59  ****************************************
 463    2019-04-02 12:42    60  ***************************************+
 ...    ..(  4 skipped).    ..  ***************************************+
 468    2019-04-02 12:47    60  ***************************************+
 469    2019-04-02 12:48    61  ***************************************+
 ...    ..(  4 skipped).    ..  ***************************************+
 474    2019-04-02 12:53    61  ***************************************+
 475    2019-04-02 12:54    62  ***************************************+
 476    2019-04-02 12:55    62  ***************************************+
 477    2019-04-02 12:56    66  ***************************************+
   0    2019-04-02 12:57    65  ***************************************+
 ...    ..( 10 skipped).    ..  ***************************************+
  11    2019-04-02 13:08    65  ***************************************+
  12    2019-04-02 13:09    66  ***************************************+
 ...    ..( 10 skipped).    ..  ***************************************+
  23    2019-04-02 13:20    66  ***************************************+
  24    2019-04-02 13:21    65  ***************************************+
  25    2019-04-02 13:22    65  ***************************************+
  26    2019-04-02 13:23    65  ***************************************+
  27    2019-04-02 13:24    64  ***************************************+
  28    2019-04-02 13:25    65  ***************************************+
 ...    ..( 10 skipped).    ..  ***************************************+
  39    2019-04-02 13:36    65  ***************************************+
  40    2019-04-02 13:37    66  ***************************************+
 ...    ..( 13 skipped).    ..  ***************************************+
  54    2019-04-02 13:51    66  ***************************************+
  55    2019-04-02 13:52    67  ***************************************+
 ...    ..( 22 skipped).    ..  ***************************************+
  78    2019-04-02 14:15    67  ***************************************+
  79    2019-04-02 14:16    68  ***************************************+
  80    2019-04-02 14:17    68  ***************************************+
  81    2019-04-02 14:18    67  ***************************************+
 ...    ..(  2 skipped).    ..  ***************************************+
  84    2019-04-02 14:21    67  ***************************************+
  85    2019-04-02 14:22    66  ***************************************+
 ...    ..(  6 skipped).    ..  ***************************************+
  92    2019-04-02 14:29    66  ***************************************+
  93    2019-04-02 14:30    65  ***************************************+
 ...    ..( 19 skipped).    ..  ***************************************+
 113    2019-04-02 14:50    65  ***************************************+
 114    2019-04-02 14:51    66  ***************************************+
 ...    ..(  3 skipped).    ..  ***************************************+
 118    2019-04-02 14:55    66  ***************************************+
 119    2019-04-02 14:56     ?  -
 120    2019-04-02 14:57    31  ************
 121    2019-04-02 14:58    35  ****************
 122    2019-04-02 14:59    38  *******************
 123    2019-04-02 15:00    41  **********************
 124    2019-04-02 15:01    43  ************************
 125    2019-04-02 15:02    45  **************************
 126    2019-04-02 15:03    46  ***************************
 127    2019-04-02 15:04    47  ****************************
 128    2019-04-02 15:05    48  *****************************
 129    2019-04-02 15:06    49  ******************************
 130    2019-04-02 15:07    50  *******************************
 131    2019-04-02 15:08    51  ********************************
 132    2019-04-02 15:09    51  ********************************
 133    2019-04-02 15:10    52  *********************************
 134    2019-04-02 15:11    58  ***************************************
 135    2019-04-02 15:12    57  **************************************
 136    2019-04-02 15:13    56  *************************************
 137    2019-04-02 15:14    55  ************************************
 138    2019-04-02 15:15    55  ************************************
 139    2019-04-02 15:16    55  ************************************
 140    2019-04-02 15:17    56  *************************************
 ...    ..(  2 skipped).    ..  *************************************
 143    2019-04-02 15:20    56  *************************************
 144    2019-04-02 15:21    57  **************************************
 145    2019-04-02 15:22    57  **************************************
 146    2019-04-02 15:23    58  ***************************************
 147    2019-04-02 15:24    58  ***************************************
 148    2019-04-02 15:25    59  ****************************************
 149    2019-04-02 15:26    59  ****************************************
 150    2019-04-02 15:27    60  ***************************************+
 151    2019-04-02 15:28    60  ***************************************+
 152    2019-04-02 15:29    60  ***************************************+
 153    2019-04-02 15:30    61  ***************************************+
 154    2019-04-02 15:31    61  ***************************************+
 155    2019-04-02 15:32    61  ***************************************+
 156    2019-04-02 15:33    62  ***************************************+
 157    2019-04-02 15:34    62  ***************************************+
 158    2019-04-02 15:35    63  ***************************************+
 159    2019-04-02 15:36    63  ***************************************+
 160    2019-04-02 15:37    64  ***************************************+
 161    2019-04-02 15:38    64  ***************************************+
 162    2019-04-02 15:39    65  ***************************************+
 ...    ..(  2 skipped).    ..  ***************************************+
 165    2019-04-02 15:42    65  ***************************************+
 166    2019-04-02 15:43    66  ***************************************+
 167    2019-04-02 15:44    66  ***************************************+
 168    2019-04-02 15:45    66  ***************************************+
 169    2019-04-02 15:46    67  ***************************************+
 ...    ..(  2 skipped).    ..  ***************************************+
 172    2019-04-02 15:49    67  ***************************************+
 173    2019-04-02 15:50    68  ***************************************+
 174    2019-04-02 15:51    68  ***************************************+
 175    2019-04-02 15:52    69  ***************************************+
 176    2019-04-02 15:53    69  ***************************************+
 177    2019-04-02 15:54    69  ***************************************+
 178    2019-04-02 15:55    70  ***************************************+
 ...    ..(  3 skipped).    ..  ***************************************+
 182    2019-04-02 15:59    70  ***************************************+
 183    2019-04-02 16:00    71  ***************************************+
 ...    ..(  3 skipped).    ..  ***************************************+
 187    2019-04-02 16:04    71  ***************************************+
 188    2019-04-02 16:05    72  ***************************************+
 ...    ..( 11 skipped).    ..  ***************************************+
 200    2019-04-02 16:17    72  ***************************************+
 201    2019-04-02 16:18    73  ***************************************+
 202    2019-04-02 16:19    73  ***************************************+
 203    2019-04-02 16:20    73  ***************************************+
 204    2019-04-02 16:21    72  ***************************************+
 205    2019-04-02 16:22    71  ***************************************+
 ...    ..(  9 skipped).    ..  ***************************************+
 215    2019-04-02 16:32    71  ***************************************+
 216    2019-04-02 16:33    72  ***************************************+
 ...    ..( 10 skipped).    ..  ***************************************+
 227    2019-04-02 16:44    72  ***************************************+
 228    2019-04-02 16:45    73  ***************************************+
 229    2019-04-02 16:46    73  ***************************************+
 230    2019-04-02 16:47    78  ***************************************+
 231    2019-04-02 16:48    85  ***************************************+
 232    2019-04-02 16:49    86  ***************************************+
 233    2019-04-02 16:50    82  ***************************************+
 234    2019-04-02 16:51    83  ***************************************+
 235    2019-04-02 16:52    80  ***************************************+
 236    2019-04-02 16:53    79  ***************************************+
 237    2019-04-02 16:54    78  ***************************************+
 238    2019-04-02 16:55    78  ***************************************+
 239    2019-04-02 16:56    82  ***************************************+
 240    2019-04-02 16:57    79  ***************************************+
 241    2019-04-02 16:58    79  ***************************************+
 242    2019-04-02 16:59    78  ***************************************+
 243    2019-04-02 17:00    77  ***************************************+
 244    2019-04-02 17:01    82  ***************************************+
 245    2019-04-02 17:02    78  ***************************************+
 246    2019-04-02 17:03    75  ***************************************+
 247    2019-04-02 17:04    73  ***************************************+
 248    2019-04-02 17:05    72  ***************************************+
 249    2019-04-02 17:06    71  ***************************************+
 250    2019-04-02 17:07    71  ***************************************+
 251    2019-04-02 17:08    72  ***************************************+
 252    2019-04-02 17:09    71  ***************************************+
 ...    ..(  7 skipped).    ..  ***************************************+
 260    2019-04-02 17:17    71  ***************************************+
 261    2019-04-02 17:18    70  ***************************************+
 262    2019-04-02 17:19    69  ***************************************+
 ...    ..(  4 skipped).    ..  ***************************************+
 267    2019-04-02 17:24    69  ***************************************+
 268    2019-04-02 17:25    70  ***************************************+
 269    2019-04-02 17:26    70  ***************************************+
 270    2019-04-02 17:27    71  ***************************************+
 271    2019-04-02 17:28    71  ***************************************+
 272    2019-04-02 17:29    71  ***************************************+
 273    2019-04-02 17:30    72  ***************************************+
 ...    ..(  2 skipped).    ..  ***************************************+
 276    2019-04-02 17:33    72  ***************************************+
 277    2019-04-02 17:34    73  ***************************************+
 ...    ..(  3 skipped).    ..  ***************************************+
 281    2019-04-02 17:38    73  ***************************************+
 282    2019-04-02 17:39    72  ***************************************+
 ...    ..(  7 skipped).    ..  ***************************************+
 290    2019-04-02 17:47    72  ***************************************+

SCT Error Recovery Control command not supported

Device Statistics (GP Log 0x04)
Page  Offset Size        Value Flags Description
0x01  =====  =               =  ===  == General Statistics (rev 2) ==
0x01  0x008  4            7869  ---  Lifetime Power-On Resets
0x01  0x010  4            4767  ---  Power-on Hours
0x01  0x018  6     14546033643  ---  Logical Sectors Written
0x01  0x020  6       227295754  ---  Number of Write Commands
0x01  0x028  6     17379261957  ---  Logical Sectors Read
0x01  0x030  6       311698184  ---  Number of Read Commands
0x04  =====  =               =  ===  == General Errors Statistics (rev 1) ==
0x04  0x008  4               0  ---  Number of Reported Uncorrectable Errors
0x04  0x010  4            7852  ---  Resets Between Cmd Acceptance and Completion
0x05  =====  =               =  ===  == Temperature Statistics (rev 1) ==
0x05  0x008  1              66  ---  Current Temperature
0x05  0x010  1              61  ---  Average Short Term Temperature
0x05  0x018  1              59  ---  Average Long Term Temperature
0x05  0x020  1              94  ---  Highest Temperature
0x05  0x028  1              17  ---  Lowest Temperature
0x05  0x030  1              81  ---  Highest Average Short Term Temperature
0x05  0x038  1              39  ---  Lowest Average Short Term Temperature
0x05  0x040  1              69  ---  Highest Average Long Term Temperature
0x05  0x048  1              47  ---  Lowest Average Long Term Temperature
0x05  0x050  4            6446  ---  Time in Over-Temperature
0x05  0x058  1              70  ---  Specified Maximum Operating Temperature
0x05  0x060  4               -  ---  Time in Under-Temperature
0x05  0x068  1               0  ---  Specified Minimum Operating Temperature
0x06  =====  =               =  ===  == Transport Statistics (rev 1) ==
0x06  0x008  4            1620  ---  Number of Hardware Resets
0x06  0x010  4               0  ---  Number of ASR Events
0x06  0x018  4               0  ---  Number of Interface CRC Errors
0x07  =====  =               =  ===  == Solid State Device Statistics (rev 1) ==
0x07  0x008  1              24  N--  Percentage Used Endurance Indicator
                                |||_ C monitored condition met
                                ||__ D supports DSN
                                |___ N normalized value

SATA Phy Event Counters (GP Log 0x11)
ID      Size     Value  Description
0x0001  4            0  Command failed due to ICRC error
0x000a  4            2  Device-to-host register FISes sent due to a COMRESET

