[    0.000000] microcode: microcode updated early to revision 0xc6, date = 2018-04-17
[    0.000000] Linux version 5.0.5-1-MANJARO (builduser@development) (gcc version 8.2.1 20181127 (GCC)) #1 SMP PREEMPT Wed Mar 27 19:15:04 UTC 2019
[    0.000000] Command line: BOOT_IMAGE=/boot/vmlinuz-5.0-x86_64 root=UUID=5a6a947f-c9b3-4c7b-b7ff-2181b8d65c44 rw quiet
[    0.000000] KERNEL supported cpus:
[    0.000000]   Intel GenuineIntel
[    0.000000]   AMD AuthenticAMD
[    0.000000]   Hygon HygonGenuine
[    0.000000]   Centaur CentaurHauls
[    0.000000] x86/fpu: Supporting XSAVE feature 0x001: 'x87 floating point registers'
[    0.000000] x86/fpu: Supporting XSAVE feature 0x002: 'SSE registers'
[    0.000000] x86/fpu: Supporting XSAVE feature 0x004: 'AVX registers'
[    0.000000] x86/fpu: Supporting XSAVE feature 0x008: 'MPX bounds registers'
[    0.000000] x86/fpu: Supporting XSAVE feature 0x010: 'MPX CSR'
[    0.000000] x86/fpu: xstate_offset[2]:  576, xstate_sizes[2]:  256
[    0.000000] x86/fpu: xstate_offset[3]:  832, xstate_sizes[3]:   64
[    0.000000] x86/fpu: xstate_offset[4]:  896, xstate_sizes[4]:   64
[    0.000000] x86/fpu: Enabled xstate features 0x1f, context size is 960 bytes, using 'compacted' format.
[    0.000000] BIOS-provided physical RAM map:
[    0.000000] BIOS-e820: [mem 0x0000000000000000-0x0000000000057fff] usable
[    0.000000] BIOS-e820: [mem 0x0000000000058000-0x0000000000058fff] reserved
[    0.000000] BIOS-e820: [mem 0x0000000000059000-0x000000000009efff] usable
[    0.000000] BIOS-e820: [mem 0x000000000009f000-0x000000000009ffff] reserved
[    0.000000] BIOS-e820: [mem 0x0000000000100000-0x000000007ad65fff] usable
[    0.000000] BIOS-e820: [mem 0x000000007ad66000-0x000000007ad66fff] ACPI NVS
[    0.000000] BIOS-e820: [mem 0x000000007ad67000-0x000000007ad90fff] reserved
[    0.000000] BIOS-e820: [mem 0x000000007ad91000-0x000000007ade1fff] usable
[    0.000000] BIOS-e820: [mem 0x000000007ade2000-0x000000007b36efff] reserved
[    0.000000] BIOS-e820: [mem 0x000000007b36f000-0x0000000086e59fff] usable
[    0.000000] BIOS-e820: [mem 0x0000000086e5a000-0x0000000086eb0fff] type 20
[    0.000000] BIOS-e820: [mem 0x0000000086eb1000-0x00000000877b2fff] reserved
[    0.000000] BIOS-e820: [mem 0x00000000877b3000-0x0000000087f99fff] ACPI NVS
[    0.000000] BIOS-e820: [mem 0x0000000087f9a000-0x0000000087ffefff] ACPI data
[    0.000000] BIOS-e820: [mem 0x0000000087fff000-0x0000000087ffffff] usable
[    0.000000] BIOS-e820: [mem 0x0000000088000000-0x00000000880fffff] reserved
[    0.000000] BIOS-e820: [mem 0x00000000e0000000-0x00000000efffffff] reserved
[    0.000000] BIOS-e820: [mem 0x00000000fe000000-0x00000000fe010fff] reserved
[    0.000000] BIOS-e820: [mem 0x00000000fec00000-0x00000000fec00fff] reserved
[    0.000000] BIOS-e820: [mem 0x00000000fee00000-0x00000000fee00fff] reserved
[    0.000000] BIOS-e820: [mem 0x00000000ff000000-0x00000000ffffffff] reserved
[    0.000000] BIOS-e820: [mem 0x0000000100000000-0x00000003767fffff] usable
[    0.000000] NX (Execute Disable) protection: active
[    0.000000] efi: EFI v2.40 by American Megatrends
[    0.000000] efi:  ACPI=0x87f31000  ACPI 2.0=0x87f31000  SMBIOS=0xf05e0  MPS=0xfc410
[    0.000000] SMBIOS 2.8 present.
[    0.000000] DMI: To Be Filled By O.E.M. To Be Filled By O.E.M./H110M-ITX/ac, BIOS P1.50 07/28/2016
[    0.000000] tsc: Detected 3200.000 MHz processor
[    0.001239] tsc: Detected 3192.000 MHz TSC
[    0.001239] e820: update [mem 0x00000000-0x00000fff] usable ==> reserved
[    0.001241] e820: remove [mem 0x000a0000-0x000fffff] usable
[    0.001247] last_pfn = 0x376800 max_arch_pfn = 0x400000000
[    0.001249] MTRR default type: write-back
[    0.001250] MTRR fixed ranges enabled:
[    0.001251]   00000-9FFFF write-back
[    0.001252]   A0000-BFFFF uncachable
[    0.001252]   C0000-FFFFF write-protect
[    0.001253] MTRR variable ranges enabled:
[    0.001254]   0 base 00C0000000 mask 7FC0000000 uncachable
[    0.001254]   1 base 00A0000000 mask 7FE0000000 uncachable
[    0.001255]   2 base 0090000000 mask 7FF0000000 uncachable
[    0.001256]   3 base 008C000000 mask 7FFC000000 uncachable
[    0.001256]   4 base 008A000000 mask 7FFE000000 uncachable
[    0.001257]   5 base 0089000000 mask 7FFF000000 uncachable
[    0.001257]   6 base 0088800000 mask 7FFF800000 uncachable
[    0.001258]   7 disabled
[    0.001258]   8 disabled
[    0.001259]   9 disabled
[    0.001925] x86/PAT: Configuration [0-7]: WB  WC  UC- UC  WB  WP  UC- WT
[    0.002079] last_pfn = 0x88000 max_arch_pfn = 0x400000000
[    0.008320] found SMP MP-table at [mem 0x000fc670-0x000fc67f] mapped at [(____ptrval____)]
[    0.008334] check: Scanning 1 areas for low memory corruption
[    0.008336] Base memory trampoline at [(____ptrval____)] 96000 size 24576
[    0.008340] Using GB pages for direct mapping
[    0.008342] BRK [0x329601000, 0x329601fff] PGTABLE
[    0.008343] BRK [0x329602000, 0x329602fff] PGTABLE
[    0.008344] BRK [0x329603000, 0x329603fff] PGTABLE
[    0.008361] BRK [0x329604000, 0x329604fff] PGTABLE
[    0.008363] BRK [0x329605000, 0x329605fff] PGTABLE
[    0.008425] BRK [0x329606000, 0x329606fff] PGTABLE
[    0.008441] BRK [0x329607000, 0x329607fff] PGTABLE
[    0.008461] BRK [0x329608000, 0x329608fff] PGTABLE
[    0.008467] BRK [0x329609000, 0x329609fff] PGTABLE
[    0.008496] BRK [0x32960a000, 0x32960afff] PGTABLE
[    0.008545] BRK [0x32960b000, 0x32960bfff] PGTABLE
[    0.008577] Secure boot could not be determined
[    0.008578] RAMDISK: [mem 0x36ae9000-0x3756bfff]
[    0.008582] ACPI: Early table checksum verification disabled
[    0.008585] ACPI: RSDP 0x0000000087F31000 000024 (v02 ALASKA)
[    0.008587] ACPI: XSDT 0x0000000087F31098 0000B4 (v01 ALASKA A M I    01072009 AMI  00010013)
[    0.008591] ACPI: FACP 0x0000000087F52088 00010C (v05 ALASKA A M I    01072009 AMI  00010013)
[    0.008595] ACPI: DSDT 0x0000000087F311E8 020E9D (v02 ALASKA A M I    01072009 INTL 20120913)
[    0.008597] ACPI: FACS 0x0000000087F99F80 000040
[    0.008599] ACPI: APIC 0x0000000087F52198 000084 (v03 ALASKA A M I    01072009 AMI  00010013)
[    0.008600] ACPI: FPDT 0x0000000087F52220 000044 (v01 ALASKA A M I    01072009 AMI  00010013)
[    0.008602] ACPI: FIDT 0x0000000087F52268 00009C (v01 ALASKA A M I    01072009 AMI  00010013)
[    0.008604] ACPI: MCFG 0x0000000087F52308 00003C (v01 ALASKA A M I    01072009 MSFT 00000097)
[    0.008606] ACPI: HPET 0x0000000087F52348 000038 (v01 ALASKA A M I    01072009 AMI. 0005000B)
[    0.008608] ACPI: SSDT 0x0000000087F52380 00036D (v01 SataRe SataTabl 00001000 INTL 20120913)
[    0.008610] ACPI: LPIT 0x0000000087F526F0 000094 (v01 INTEL  SKL      00000000 MSFT 0000005F)
[    0.008612] ACPI: SSDT 0x0000000087F52788 00002B (v02 INTEL  UsbCTabl 00001000 INTL 20120913)
[    0.008613] ACPI: DBGP 0x0000000087F527B8 000034 (v01 INTEL           00000000 MSFT 0000005F)
[    0.008615] ACPI: DBG2 0x0000000087F527F0 000054 (v00 INTEL           00000000 MSFT 0000005F)
[    0.008617] ACPI: SSDT 0x0000000087F52848 0005EF (v02 INTEL  xh_rvp08 00000000 INTL 20120913)
[    0.008619] ACPI: AAFT 0x0000000087F52E38 00023D (v01 ALASKA OEMAAFT  01072009 MSFT 00000097)
[    0.008621] ACPI: SSDT 0x0000000087F53078 005212 (v02 SaSsdt SaSsdt   00003000 INTL 20120913)
[    0.008623] ACPI: UEFI 0x0000000087F58290 000042 (v01                 00000000      00000000)
[    0.008625] ACPI: SSDT 0x0000000087F582D8 000E58 (v02 CpuRef CpuSsdt  00003000 INTL 20120913)
[    0.008626] ACPI: BGRT 0x0000000087F59130 000038 (v01 ALASKA A M I    01072009 AMI  00010013)
[    0.008628] ACPI: DMAR 0x0000000087F59168 000070 (v01 INTEL  SKL      00000001 INTL 00000001)
[    0.008634] ACPI: Local APIC address 0xfee00000
[    0.008776] No NUMA configuration found
[    0.008777] Faking a node at [mem 0x0000000000000000-0x00000003767fffff]
[    0.008779] NODE_DATA(0) allocated [mem 0x3767fc000-0x3767fffff]
[    0.008796] Zone ranges:
[    0.008796]   DMA      [mem 0x0000000000001000-0x0000000000ffffff]
[    0.008797]   DMA32    [mem 0x0000000001000000-0x00000000ffffffff]
[    0.008798]   Normal   [mem 0x0000000100000000-0x00000003767fffff]
[    0.008799]   Device   empty
[    0.008799] Movable zone start for each node
[    0.008800] Early memory node ranges
[    0.008801]   node   0: [mem 0x0000000000001000-0x0000000000057fff]
[    0.008801]   node   0: [mem 0x0000000000059000-0x000000000009efff]
[    0.008802]   node   0: [mem 0x0000000000100000-0x000000007ad65fff]
[    0.008802]   node   0: [mem 0x000000007ad91000-0x000000007ade1fff]
[    0.008803]   node   0: [mem 0x000000007b36f000-0x0000000086e59fff]
[    0.008803]   node   0: [mem 0x0000000087fff000-0x0000000087ffffff]
[    0.008803]   node   0: [mem 0x0000000100000000-0x00000003767fffff]
[    0.008871] Zeroed struct page in unavailable ranges: 6080 pages
[    0.008872] Initmem setup node 0 [mem 0x0000000000001000-0x00000003767fffff]
[    0.008873] On node 0 totalpages: 3133504
[    0.008873]   DMA zone: 64 pages used for memmap
[    0.008874]   DMA zone: 26 pages reserved
[    0.008875]   DMA zone: 3997 pages, LIFO batch:0
[    0.008941]   DMA32 zone: 8547 pages used for memmap
[    0.008942]   DMA32 zone: 546979 pages, LIFO batch:63
[    0.018488]   Normal zone: 40352 pages used for memmap
[    0.018489]   Normal zone: 2582528 pages, LIFO batch:63
[    0.059919] ACPI: PM-Timer IO Port: 0x1808
[    0.059921] ACPI: Local APIC address 0xfee00000
[    0.059925] ACPI: LAPIC_NMI (acpi_id[0x01] high edge lint[0x1])
[    0.059926] ACPI: LAPIC_NMI (acpi_id[0x02] high edge lint[0x1])
[    0.059926] ACPI: LAPIC_NMI (acpi_id[0x03] high edge lint[0x1])
[    0.059927] ACPI: LAPIC_NMI (acpi_id[0x04] high edge lint[0x1])
[    0.059952] IOAPIC[0]: apic_id 2, version 32, address 0xfec00000, GSI 0-119
[    0.059954] ACPI: INT_SRC_OVR (bus 0 bus_irq 0 global_irq 2 dfl dfl)
[    0.059955] ACPI: INT_SRC_OVR (bus 0 bus_irq 9 global_irq 9 high level)
[    0.059956] ACPI: IRQ0 used by override.
[    0.059956] ACPI: IRQ9 used by override.
[    0.059958] Using ACPI (MADT) for SMP configuration information
[    0.059959] ACPI: HPET id: 0x8086a701 base: 0xfed00000
[    0.059965] smpboot: Allowing 4 CPUs, 0 hotplug CPUs
[    0.059980] PM: Registered nosave memory: [mem 0x00000000-0x00000fff]
[    0.059981] PM: Registered nosave memory: [mem 0x00058000-0x00058fff]
[    0.059982] PM: Registered nosave memory: [mem 0x0009f000-0x0009ffff]
[    0.059983] PM: Registered nosave memory: [mem 0x000a0000-0x000fffff]
[    0.059984] PM: Registered nosave memory: [mem 0x7ad66000-0x7ad66fff]
[    0.059984] PM: Registered nosave memory: [mem 0x7ad67000-0x7ad90fff]
[    0.059985] PM: Registered nosave memory: [mem 0x7ade2000-0x7b36efff]
[    0.059986] PM: Registered nosave memory: [mem 0x86e5a000-0x86eb0fff]
[    0.059987] PM: Registered nosave memory: [mem 0x86eb1000-0x877b2fff]
[    0.059987] PM: Registered nosave memory: [mem 0x877b3000-0x87f99fff]
[    0.059987] PM: Registered nosave memory: [mem 0x87f9a000-0x87ffefff]
[    0.059988] PM: Registered nosave memory: [mem 0x88000000-0x880fffff]
[    0.059989] PM: Registered nosave memory: [mem 0x88100000-0xdfffffff]
[    0.059989] PM: Registered nosave memory: [mem 0xe0000000-0xefffffff]
[    0.059990] PM: Registered nosave memory: [mem 0xf0000000-0xfdffffff]
[    0.059990] PM: Registered nosave memory: [mem 0xfe000000-0xfe010fff]
[    0.059991] PM: Registered nosave memory: [mem 0xfe011000-0xfebfffff]
[    0.059991] PM: Registered nosave memory: [mem 0xfec00000-0xfec00fff]
[    0.059991] PM: Registered nosave memory: [mem 0xfec01000-0xfedfffff]
[    0.059992] PM: Registered nosave memory: [mem 0xfee00000-0xfee00fff]
[    0.059992] PM: Registered nosave memory: [mem 0xfee01000-0xfeffffff]
[    0.059993] PM: Registered nosave memory: [mem 0xff000000-0xffffffff]
[    0.059994] [mem 0x88100000-0xdfffffff] available for PCI devices
[    0.059995] Booting paravirtualized kernel on bare hardware
[    0.059997] clocksource: refined-jiffies: mask: 0xffffffff max_cycles: 0xffffffff, max_idle_ns: 6370452778343963 ns
[    0.145129] random: get_random_bytes called from start_kernel+0x95/0x538 with crng_init=0
[    0.145134] setup_percpu: NR_CPUS:320 nr_cpumask_bits:320 nr_cpu_ids:4 nr_node_ids:1
[    0.145233] percpu: Embedded 45 pages/cpu @(____ptrval____) s147456 r8192 d28672 u524288
[    0.145237] pcpu-alloc: s147456 r8192 d28672 u524288 alloc=1*2097152
[    0.145238] pcpu-alloc: [0] 0 1 2 3
[    0.145251] Built 1 zonelists, mobility grouping on.  Total pages: 3084515
[    0.145251] Policy zone: Normal
[    0.145252] Kernel command line: BOOT_IMAGE=/boot/vmlinuz-5.0-x86_64 root=UUID=5a6a947f-c9b3-4c7b-b7ff-2181b8d65c44 rw quiet
[    0.147677] Calgary: detecting Calgary via BIOS EBDA area
[    0.147678] Calgary: Unable to locate Rio Grande table in EBDA - bailing!
[    0.168169] Memory: 12187528K/12534016K available (12291K kernel code, 1290K rwdata, 3772K rodata, 1540K init, 3888K bss, 346488K reserved, 0K cma-reserved)
[    0.168275] SLUB: HWalign=64, Order=0-3, MinObjects=0, CPUs=4, Nodes=1
[    0.168279] Kernel/User page tables isolation: enabled
[    0.168289] ftrace: allocating 36149 entries in 142 pages
[    0.179075] rcu: Preemptible hierarchical RCU implementation.
[    0.179076] rcu: 	CONFIG_RCU_FANOUT set to non-default value of 32.
[    0.179076] rcu: 	RCU dyntick-idle grace-period acceleration is enabled.
[    0.179077] rcu: 	RCU restricting CPUs from NR_CPUS=320 to nr_cpu_ids=4.
[    0.179077] rcu: 	RCU priority boosting: priority 1 delay 500 ms.
[    0.179078] 	Tasks RCU enabled.
[    0.179078] rcu: RCU calculated value of scheduler-enlistment delay is 30 jiffies.
[    0.179079] rcu: Adjusting geometry for rcu_fanout_leaf=16, nr_cpu_ids=4
[    0.180397] NR_IRQS: 20736, nr_irqs: 1024, preallocated irqs: 16
[    0.180570] rcu: 	Offload RCU callbacks from CPUs: (none).
[    0.180687] spurious 8259A interrupt: IRQ7.
[    0.180710] Console: colour dummy device 80x25
[    0.180712] printk: console [tty0] enabled
[    0.180725] ACPI: Core revision 20181213
[    0.180991] clocksource: hpet: mask: 0xffffffff max_cycles: 0xffffffff, max_idle_ns: 79635855245 ns
[    0.181020] hpet clockevent registered
[    0.181088] APIC: Switch to symmetric I/O mode setup
[    0.181090] DMAR: Host address width 39
[    0.181091] DMAR: DRHD base: 0x000000fed90000 flags: 0x1
[    0.181094] DMAR: dmar0: reg_base_addr fed90000 ver 1:0 cap d2008c40660462 ecap f050da
[    0.181095] DMAR: RMRR base: 0x00000087555000 end: 0x00000087574fff
[    0.181096] DMAR-IR: IOAPIC id 2 under DRHD base  0xfed90000 IOMMU 0
[    0.181097] DMAR-IR: HPET id 0 under DRHD base 0xfed90000
[    0.181097] DMAR-IR: x2apic is disabled because BIOS sets x2apic opt out bit.
[    0.181098] DMAR-IR: Use 'intremap=no_x2apic_optout' to override the BIOS setting.
[    0.182400] DMAR-IR: Enabled IRQ remapping in xapic mode
[    0.182401] x2apic: IRQ remapping doesn't support X2APIC mode
[    0.186596] ..TIMER: vector=0x30 apic1=0 pin1=2 apic2=-1 pin2=-1
[    0.201031] clocksource: tsc-early: mask: 0xffffffffffffffff max_cycles: 0x2e02c4a121d, max_idle_ns: 440795236083 ns
[    0.201041] Calibrating delay loop (skipped), value calculated using timer frequency.. 6386.00 BogoMIPS (lpj=10640000)
[    0.201043] pid_max: default: 32768 minimum: 301
[    0.202298] LSM: Security Framework initializing
[    0.202299] Yama: becoming mindful.
[    0.202302] AppArmor: AppArmor disabled by boot time parameter
[    0.203752] Dentry cache hash table entries: 2097152 (order: 12, 16777216 bytes)
[    0.204483] Inode-cache hash table entries: 1048576 (order: 11, 8388608 bytes)
[    0.204513] Mount-cache hash table entries: 32768 (order: 6, 262144 bytes)
[    0.204536] Mountpoint-cache hash table entries: 32768 (order: 6, 262144 bytes)
[    0.204689] ENERGY_PERF_BIAS: Set to 'normal', was 'performance'
[    0.204690] ENERGY_PERF_BIAS: View and update with x86_energy_perf_policy(8)
[    0.204694] mce: CPU supports 10 MCE banks
[    0.204701] mce: CPU0: Thermal monitoring enabled (TM1)
[    0.204716] process: using mwait in idle threads
[    0.204718] Last level iTLB entries: 4KB 128, 2MB 8, 4MB 8
[    0.204718] Last level dTLB entries: 4KB 64, 2MB 0, 4MB 0, 1GB 4
[    0.204719] Spectre V2 : Mitigation: Full generic retpoline
[    0.204720] Spectre V2 : Spectre v2 / SpectreRSB mitigation: Filling RSB on context switch
[    0.204720] Spectre V2 : Enabling Restricted Speculation for firmware calls
[    0.204724] Spectre V2 : mitigation: Enabling conditional Indirect Branch Prediction Barrier
[    0.204725] Speculative Store Bypass: Mitigation: Speculative Store Bypass disabled via prctl and seccomp
[    0.204904] Freeing SMP alternatives memory: 32K
[    0.205801] TSC deadline timer enabled
[    0.205805] smpboot: CPU0: Intel(R) Core(TM) i5-6500 CPU @ 3.20GHz (family: 0x6, model: 0x5e, stepping: 0x3)
[    0.224384] Performance Events: PEBS fmt3+, Skylake events, 32-deep LBR, full-width counters, Intel PMU driver.
[    0.224428] ... version:                4
[    0.224429] ... bit width:              48
[    0.224429] ... generic registers:      8
[    0.224430] ... value mask:             0000ffffffffffff
[    0.224430] ... max period:             00007fffffffffff
[    0.224430] ... fixed-purpose events:   3
[    0.224431] ... event mask:             00000007000000ff
[    0.231041] rcu: Hierarchical SRCU implementation.
[    0.254469] NMI watchdog: Enabled. Permanently consumes one hw-PMU counter.
[    0.261056] smp: Bringing up secondary CPUs ...
[    0.301074] x86: Booting SMP configuration:
[    0.301075] .... node  #0, CPUs:      #1 #2 #3
[    0.382624] smp: Brought up 1 node, 4 CPUs
[    0.382624] smpboot: Max logical packages: 1
[    0.382624] smpboot: Total of 4 processors activated (25546.00 BogoMIPS)
[    0.384576] devtmpfs: initialized
[    0.384576] x86/mm: Memory block size: 128MB
[    0.385037] PM: Registering ACPI NVS region [mem 0x7ad66000-0x7ad66fff] (4096 bytes)
[    0.385037] PM: Registering ACPI NVS region [mem 0x877b3000-0x87f99fff] (8286208 bytes)
[    0.385037] clocksource: jiffies: mask: 0xffffffff max_cycles: 0xffffffff, max_idle_ns: 6370867519511994 ns
[    0.385037] futex hash table entries: 1024 (order: 4, 65536 bytes)
[    0.385037] pinctrl core: initialized pinctrl subsystem
[    0.385037] RTC time: 11:03:38, date: 2019-04-17
[    0.385037] NET: Registered protocol family 16
[    0.385037] audit: initializing netlink subsys (disabled)
[    0.385037] audit: type=2000 audit(1555499018.206:1): state=initialized audit_enabled=0 res=1
[    0.385037] cpuidle: using governor ladder
[    0.391040] cpuidle: using governor menu
[    0.391065] ACPI FADT declares the system doesn't support PCIe ASPM, so disable it
[    0.391065] ACPI: bus type PCI registered
[    0.391065] acpiphp: ACPI Hot Plug PCI Controller Driver version: 0.5
[    0.391099] PCI: MMCONFIG for domain 0000 [bus 00-ff] at [mem 0xe0000000-0xefffffff] (base 0xe0000000)
[    0.391101] PCI: MMCONFIG at [mem 0xe0000000-0xefffffff] reserved in E820
[    0.391110] PCI: Using configuration type 1 for base access
[    0.391882] HugeTLB registered 1.00 GiB page size, pre-allocated 0 pages
[    0.391882] HugeTLB registered 2.00 MiB page size, pre-allocated 0 pages
[    0.391882] ACPI: Added _OSI(Module Device)
[    0.391882] ACPI: Added _OSI(Processor Device)
[    0.391882] ACPI: Added _OSI(3.0 _SCP Extensions)
[    0.391882] ACPI: Added _OSI(Processor Aggregator Device)
[    0.391882] ACPI: Added _OSI(Linux-Dell-Video)
[    0.391882] ACPI: Added _OSI(Linux-Lenovo-NV-HDMI-Audio)
[    0.391882] ACPI: Added _OSI(Linux-HPI-Hybrid-Graphics)
[    0.422145] ACPI: 6 ACPI AML tables successfully acquired and loaded
[    0.425434] ACPI: [Firmware Bug]: BIOS _OSI(Linux) query ignored
[    0.428537] ACPI: Dynamic OEM Table Load:
[    0.428542] ACPI: SSDT 0xFFFF93EF67F77800 0006A2 (v02 PmRef  Cpu0Ist  00003000 INTL 20120913)
[    0.429011] ACPI: \_PR_.CPU0: _OSC native thermal LVT Acked
[    0.430501] ACPI: Dynamic OEM Table Load:
[    0.430505] ACPI: SSDT 0xFFFF93EF67F98000 00037F (v02 PmRef  Cpu0Cst  00003001 INTL 20120913)
[    0.431281] ACPI: Dynamic OEM Table Load:
[    0.431285] ACPI: SSDT 0xFFFF93EF67F71800 0005AA (v02 PmRef  ApIst    00003000 INTL 20120913)
[    0.431946] ACPI: Dynamic OEM Table Load:
[    0.431948] ACPI: SSDT 0xFFFF93EF67F86600 000119 (v02 PmRef  ApCst    00003000 INTL 20120913)
[    0.435001] ACPI: Interpreter enabled
[    0.435033] ACPI: (supports S0 S3 S4 S5)
[    0.435034] ACPI: Using IOAPIC for interrupt routing
[    0.435109] PCI: Using host bridge windows from ACPI; if necessary, use "pci=nocrs" and report a bug
[    0.435980] ACPI: Enabled 7 GPEs in block 00 to 7F
[    0.440446] ACPI: Power Resource [WRST] (off)
[    0.440794] ACPI: Power Resource [WRST] (off)
[    0.441117] ACPI: Power Resource [WRST] (off)
[    0.441438] ACPI: Power Resource [WRST] (off)
[    0.441759] ACPI: Power Resource [WRST] (off)
[    0.442079] ACPI: Power Resource [WRST] (off)
[    0.442397] ACPI: Power Resource [WRST] (off)
[    0.442716] ACPI: Power Resource [WRST] (off)
[    0.443037] ACPI: Power Resource [WRST] (off)
[    0.443358] ACPI: Power Resource [WRST] (off)
[    0.443677] ACPI: Power Resource [WRST] (off)
[    0.444003] ACPI: Power Resource [WRST] (off)
[    0.444324] ACPI: Power Resource [WRST] (off)
[    0.444646] ACPI: Power Resource [WRST] (off)
[    0.444965] ACPI: Power Resource [WRST] (off)
[    0.445287] ACPI: Power Resource [WRST] (off)
[    0.445605] ACPI: Power Resource [WRST] (off)
[    0.445924] ACPI: Power Resource [WRST] (off)
[    0.446243] ACPI: Power Resource [WRST] (off)
[    0.446561] ACPI: Power Resource [WRST] (off)
[    0.458182] ACPI: PCI Root Bridge [PCI0] (domain 0000 [bus 00-fe])
[    0.458187] acpi PNP0A08:00: _OSC: OS supports [ExtendedConfig ASPM ClockPM Segments MSI]
[    0.459692] acpi PNP0A08:00: _OSC: OS now controls [PCIeHotplug SHPCHotplug PME AER PCIeCapability LTR]
[    0.459693] acpi PNP0A08:00: FADT indicates ASPM is unsupported, using BIOS configuration
[    0.460411] PCI host bridge to bus 0000:00
[    0.460413] pci_bus 0000:00: root bus resource [io  0x0000-0x0cf7 window]
[    0.460414] pci_bus 0000:00: root bus resource [io  0x0d00-0xffff window]
[    0.460415] pci_bus 0000:00: root bus resource [mem 0x000a0000-0x000bffff window]
[    0.460416] pci_bus 0000:00: root bus resource [mem 0x88800000-0xdfffffff window]
[    0.460417] pci_bus 0000:00: root bus resource [mem 0xfd000000-0xfe7fffff window]
[    0.460418] pci_bus 0000:00: root bus resource [bus 00-fe]
[    0.460425] pci 0000:00:00.0: [8086:191f] type 00 class 0x060000
[    0.460726] pci 0000:00:01.0: [8086:1901] type 01 class 0x060400
[    0.460762] pci 0000:00:01.0: PME# supported from D0 D3hot D3cold
[    0.460997] pci 0000:00:14.0: [8086:a12f] type 00 class 0x0c0330
[    0.461018] pci 0000:00:14.0: reg 0x10: [mem 0xdf230000-0xdf23ffff 64bit]
[    0.461083] pci 0000:00:14.0: PME# supported from D3hot D3cold
[    0.461222] pci 0000:00:14.2: [8086:a131] type 00 class 0x118000
[    0.461242] pci 0000:00:14.2: reg 0x10: [mem 0xdf24e000-0xdf24efff 64bit]
[    0.461410] pci 0000:00:16.0: [8086:a13a] type 00 class 0x078000
[    0.461428] pci 0000:00:16.0: reg 0x10: [mem 0xdf24d000-0xdf24dfff 64bit]
[    0.461479] pci 0000:00:16.0: PME# supported from D3hot
[    0.461626] pci 0000:00:17.0: [8086:a102] type 00 class 0x010601
[    0.461642] pci 0000:00:17.0: reg 0x10: [mem 0xdf248000-0xdf249fff]
[    0.461649] pci 0000:00:17.0: reg 0x14: [mem 0xdf24c000-0xdf24c0ff]
[    0.461656] pci 0000:00:17.0: reg 0x18: [io  0xf050-0xf057]
[    0.461663] pci 0000:00:17.0: reg 0x1c: [io  0xf040-0xf043]
[    0.461669] pci 0000:00:17.0: reg 0x20: [io  0xf020-0xf03f]
[    0.461676] pci 0000:00:17.0: reg 0x24: [mem 0xdf24b000-0xdf24b7ff]
[    0.461713] pci 0000:00:17.0: PME# supported from D3hot
[    0.461855] pci 0000:00:1c.0: [8086:a114] type 01 class 0x060400
[    0.461926] pci 0000:00:1c.0: PME# supported from D0 D3hot D3cold
[    0.462111] pci 0000:00:1d.0: [8086:a118] type 01 class 0x060400
[    0.462175] pci 0000:00:1d.0: PME# supported from D0 D3hot D3cold
[    0.462358] pci 0000:00:1f.0: [8086:a143] type 00 class 0x060100
[    0.462587] pci 0000:00:1f.2: [8086:a121] type 00 class 0x058000
[    0.462602] pci 0000:00:1f.2: reg 0x10: [mem 0xdf244000-0xdf247fff]
[    0.462777] pci 0000:00:1f.3: [8086:a170] type 00 class 0x040300
[    0.462804] pci 0000:00:1f.3: reg 0x10: [mem 0xdf240000-0xdf243fff 64bit]
[    0.462835] pci 0000:00:1f.3: reg 0x20: [mem 0xdf220000-0xdf22ffff 64bit]
[    0.462882] pci 0000:00:1f.3: PME# supported from D3hot D3cold
[    0.463074] pci 0000:00:1f.4: [8086:a123] type 00 class 0x0c0500
[    0.463133] pci 0000:00:1f.4: reg 0x10: [mem 0xdf24a000-0xdf24a0ff 64bit]
[    0.463201] pci 0000:00:1f.4: reg 0x20: [io  0xf000-0xf01f]
[    0.463402] pci 0000:00:1f.6: [8086:15b8] type 00 class 0x020000
[    0.463429] pci 0000:00:1f.6: reg 0x10: [mem 0xdf200000-0xdf21ffff]
[    0.463536] pci 0000:00:1f.6: PME# supported from D0 D3hot D3cold
[    0.463701] pci 0000:01:00.0: [10de:1c03] type 00 class 0x030000
[    0.463719] pci 0000:01:00.0: reg 0x10: [mem 0xde000000-0xdeffffff]
[    0.463728] pci 0000:01:00.0: reg 0x14: [mem 0xc0000000-0xcfffffff 64bit pref]
[    0.463737] pci 0000:01:00.0: reg 0x1c: [mem 0xd0000000-0xd1ffffff 64bit pref]
[    0.463743] pci 0000:01:00.0: reg 0x24: [io  0xe000-0xe07f]
[    0.463749] pci 0000:01:00.0: reg 0x30: [mem 0xdf000000-0xdf07ffff pref]
[    0.463764] pci 0000:01:00.0: BAR 3: assigned to efifb
[    0.463820] pci 0000:01:00.0: 32.000 Gb/s available PCIe bandwidth, limited by 2.5 GT/s x16 link at 0000:00:01.0 (capable of 126.016 Gb/s with 8 GT/s x16 link)
[    0.463857] pci 0000:01:00.1: [10de:10f1] type 00 class 0x040300
[    0.463870] pci 0000:01:00.1: reg 0x10: [mem 0xdf080000-0xdf083fff]
[    0.463982] pci 0000:00:01.0: ASPM: current common clock configuration is broken, reconfiguring
[    0.471068] pci 0000:00:01.0: PCI bridge to [bus 01]
[    0.471070] pci 0000:00:01.0:   bridge window [io  0xe000-0xefff]
[    0.471072] pci 0000:00:01.0:   bridge window [mem 0xde000000-0xdf0fffff]
[    0.471074] pci 0000:00:01.0:   bridge window [mem 0xc0000000-0xd1ffffff 64bit pref]
[    0.471122] pci 0000:00:1c.0: PCI bridge to [bus 02]
[    0.471199] pci 0000:03:00.0: [8086:08b3] type 00 class 0x028000
[    0.471251] pci 0000:03:00.0: reg 0x10: [mem 0xdf100000-0xdf101fff 64bit]
[    0.471417] pci 0000:03:00.0: PME# supported from D0 D3hot D3cold
[    0.471577] pci 0000:00:1d.0: PCI bridge to [bus 03]
[    0.471581] pci 0000:00:1d.0:   bridge window [mem 0xdf100000-0xdf1fffff]
[    0.473286] ACPI: PCI Interrupt Link [LNKA] (IRQs 3 4 5 6 10 *11 12 14 15)
[    0.473340] ACPI: PCI Interrupt Link [LNKB] (IRQs 3 4 5 6 *10 11 12 14 15)
[    0.473392] ACPI: PCI Interrupt Link [LNKC] (IRQs 3 4 5 6 10 *11 12 14 15)
[    0.473444] ACPI: PCI Interrupt Link [LNKD] (IRQs 3 4 5 6 10 *11 12 14 15)
[    0.473495] ACPI: PCI Interrupt Link [LNKE] (IRQs 3 4 5 6 10 *11 12 14 15)
[    0.473547] ACPI: PCI Interrupt Link [LNKF] (IRQs 3 4 5 6 10 *11 12 14 15)
[    0.473598] ACPI: PCI Interrupt Link [LNKG] (IRQs 3 4 5 6 10 *11 12 14 15)
[    0.473649] ACPI: PCI Interrupt Link [LNKH] (IRQs 3 4 5 6 10 *11 12 14 15)
[    0.473901] pci 0000:01:00.0: vgaarb: setting as boot VGA device
[    0.473901] pci 0000:01:00.0: vgaarb: VGA device added: decodes=io+mem,owns=io+mem,locks=none
[    0.473901] pci 0000:01:00.0: vgaarb: bridge control possible
[    0.473901] vgaarb: loaded
[    0.473901] ACPI: bus type USB registered
[    0.473901] usbcore: registered new interface driver usbfs
[    0.473901] usbcore: registered new interface driver hub
[    0.473904] usbcore: registered new device driver usb
[    0.473904] pps_core: LinuxPPS API ver. 1 registered
[    0.473904] pps_core: Software ver. 5.3.6 - Copyright 2005-2007 Rodolfo Giometti <giometti@linux.it>
[    0.473904] PTP clock support registered
[    0.473904] EDAC MC: Ver: 3.0.0
[    0.473904] Registered efivars operations
[    0.477764] PCI: Using ACPI for IRQ routing
[    0.505324] PCI: pci_cache_line_size set to 64 bytes
[    0.505368] e820: reserve RAM buffer [mem 0x00058000-0x0005ffff]
[    0.505369] e820: reserve RAM buffer [mem 0x0009f000-0x0009ffff]
[    0.505369] e820: reserve RAM buffer [mem 0x7ad66000-0x7bffffff]
[    0.505370] e820: reserve RAM buffer [mem 0x7ade2000-0x7bffffff]
[    0.505371] e820: reserve RAM buffer [mem 0x86e5a000-0x87ffffff]
[    0.505372] e820: reserve RAM buffer [mem 0x376800000-0x377ffffff]
[    0.505439] NetLabel: Initializing
[    0.505439] NetLabel:  domain hash size = 128
[    0.505440] NetLabel:  protocols = UNLABELED CIPSOv4 CALIPSO
[    0.505448] NetLabel:  unlabeled traffic allowed by default
[    0.505451] hpet0: at MMIO 0xfed00000, IRQs 2, 8, 0, 0, 0, 0, 0, 0
[    0.505451] hpet0: 8 comparators, 64-bit 24.000000 MHz counter
[    0.507713] clocksource: Switched to clocksource tsc-early
[    0.515052] VFS: Disk quotas dquot_6.6.0
[    0.515063] VFS: Dquot-cache hash table entries: 512 (order 0, 4096 bytes)
[    0.515104] pnp: PnP ACPI init
[    0.515398] system 00:00: [io  0x0280-0x028f] has been reserved
[    0.515399] system 00:00: [io  0x0290-0x029f] has been reserved
[    0.515400] system 00:00: [io  0x02a0-0x02af] has been reserved
[    0.515401] system 00:00: [io  0x02b0-0x02bf] has been reserved
[    0.515405] system 00:00: Plug and Play ACPI device, IDs PNP0c02 (active)
[    0.515550] system 00:01: [io  0x0680-0x069f] has been reserved
[    0.515551] system 00:01: [io  0xffff] has been reserved
[    0.515552] system 00:01: [io  0xffff] has been reserved
[    0.515554] system 00:01: [io  0xffff] has been reserved
[    0.515555] system 00:01: [io  0x1800-0x18fe] has been reserved
[    0.515556] system 00:01: [io  0x164e-0x164f] has been reserved
[    0.515558] system 00:01: Plug and Play ACPI device, IDs PNP0c02 (active)
[    0.515635] system 00:02: [io  0x0800-0x087f] has been reserved
[    0.515637] system 00:02: Plug and Play ACPI device, IDs PNP0c02 (active)
[    0.515651] pnp 00:03: Plug and Play ACPI device, IDs PNP0b00 (active)
[    0.515682] system 00:04: [io  0x1854-0x1857] has been reserved
[    0.515685] system 00:04: Plug and Play ACPI device, IDs INT3f0d PNP0c02 (active)
[    0.515895] system 00:05: [mem 0xfed10000-0xfed17fff] has been reserved
[    0.515897] system 00:05: [mem 0xfed18000-0xfed18fff] has been reserved
[    0.515898] system 00:05: [mem 0xfed19000-0xfed19fff] has been reserved
[    0.515899] system 00:05: [mem 0xe0000000-0xefffffff] has been reserved
[    0.515900] system 00:05: [mem 0xfed20000-0xfed3ffff] has been reserved
[    0.515901] system 00:05: [mem 0xfed90000-0xfed93fff] could not be reserved
[    0.515902] system 00:05: [mem 0xfed45000-0xfed8ffff] has been reserved
[    0.515904] system 00:05: [mem 0xff000000-0xffffffff] has been reserved
[    0.515905] system 00:05: [mem 0xfee00000-0xfeefffff] could not be reserved
[    0.515906] system 00:05: [mem 0xdffc0000-0xdffdffff] has been reserved
[    0.515909] system 00:05: Plug and Play ACPI device, IDs PNP0c02 (active)
[    0.515943] system 00:06: [mem 0xfd000000-0xfdabffff] has been reserved
[    0.515944] system 00:06: [mem 0xfdad0000-0xfdadffff] has been reserved
[    0.515945] system 00:06: [mem 0xfdb00000-0xfdffffff] has been reserved
[    0.515947] system 00:06: [mem 0xfe000000-0xfe01ffff] could not be reserved
[    0.515948] system 00:06: [mem 0xfe036000-0xfe03bfff] has been reserved
[    0.515949] system 00:06: [mem 0xfe03d000-0xfe3fffff] has been reserved
[    0.515950] system 00:06: [mem 0xfe410000-0xfe7fffff] has been reserved
[    0.515952] system 00:06: Plug and Play ACPI device, IDs PNP0c02 (active)
[    0.516211] system 00:07: [io  0xff00-0xfffe] has been reserved
[    0.516214] system 00:07: Plug and Play ACPI device, IDs PNP0c02 (active)
[    0.517268] system 00:08: [mem 0xfdaf0000-0xfdafffff] has been reserved
[    0.517271] system 00:08: [mem 0xfdae0000-0xfdaeffff] has been reserved
[    0.517272] system 00:08: [mem 0xfdac0000-0xfdacffff] has been reserved
[    0.517275] system 00:08: Plug and Play ACPI device, IDs PNP0c02 (active)
[    0.518059] pnp: PnP ACPI: found 9 devices
[    0.523469] clocksource: acpi_pm: mask: 0xffffff max_cycles: 0xffffff, max_idle_ns: 2085701024 ns
[    0.523487] pci 0000:00:01.0: PCI bridge to [bus 01]
[    0.523489] pci 0000:00:01.0:   bridge window [io  0xe000-0xefff]
[    0.523491] pci 0000:00:01.0:   bridge window [mem 0xde000000-0xdf0fffff]
[    0.523493] pci 0000:00:01.0:   bridge window [mem 0xc0000000-0xd1ffffff 64bit pref]
[    0.523495] pci 0000:00:1c.0: PCI bridge to [bus 02]
[    0.523504] pci 0000:00:1d.0: PCI bridge to [bus 03]
[    0.523507] pci 0000:00:1d.0:   bridge window [mem 0xdf100000-0xdf1fffff]
[    0.523513] pci_bus 0000:00: resource 4 [io  0x0000-0x0cf7 window]
[    0.523514] pci_bus 0000:00: resource 5 [io  0x0d00-0xffff window]
[    0.523515] pci_bus 0000:00: resource 6 [mem 0x000a0000-0x000bffff window]
[    0.523516] pci_bus 0000:00: resource 7 [mem 0x88800000-0xdfffffff window]
[    0.523517] pci_bus 0000:00: resource 8 [mem 0xfd000000-0xfe7fffff window]
[    0.523518] pci_bus 0000:01: resource 0 [io  0xe000-0xefff]
[    0.523519] pci_bus 0000:01: resource 1 [mem 0xde000000-0xdf0fffff]
[    0.523520] pci_bus 0000:01: resource 2 [mem 0xc0000000-0xd1ffffff 64bit pref]
[    0.523521] pci_bus 0000:03: resource 1 [mem 0xdf100000-0xdf1fffff]
[    0.523652] NET: Registered protocol family 2
[    0.523769] tcp_listen_portaddr_hash hash table entries: 8192 (order: 5, 131072 bytes)
[    0.523807] TCP established hash table entries: 131072 (order: 8, 1048576 bytes)
[    0.523921] TCP bind hash table entries: 65536 (order: 8, 1048576 bytes)
[    0.523997] TCP: Hash tables configured (established 131072 bind 65536)
[    0.524021] UDP hash table entries: 8192 (order: 6, 262144 bytes)
[    0.524051] UDP-Lite hash table entries: 8192 (order: 6, 262144 bytes)
[    0.524097] NET: Registered protocol family 1
[    0.524100] NET: Registered protocol family 44
[    0.525032] pci 0000:01:00.0: Video device with shadowed ROM at [mem 0x000c0000-0x000dffff]
[    0.525041] pci 0000:01:00.1: Linked as a consumer to 0000:01:00.0
[    0.525072] PCI: CLS 0 bytes, default 64
[    0.525093] Unpacking initramfs...
[    0.619411] Freeing initrd memory: 10764K
[    0.637753] PCI-DMA: Using software bounce buffering for IO (SWIOTLB)
[    0.637755] software IO TLB: mapped [mem 0x80e70000-0x84e70000] (64MB)
[    0.637774] clocksource: tsc: mask: 0xffffffffffffffff max_cycles: 0x2e02c4a121d, max_idle_ns: 440795236083 ns
[    0.637783] clocksource: Switched to clocksource tsc
[    0.637838] check: Scanning for low memory corruption every 60 seconds
[    0.638250] Initialise system trusted keyrings
[    0.638256] Key type blacklist registered
[    0.638286] workingset: timestamp_bits=41 max_order=22 bucket_order=0
[    0.639151] zbud: loaded
[    0.667990] Key type asymmetric registered
[    0.667991] Asymmetric key parser 'x509' registered
[    0.667998] Block layer SCSI generic (bsg) driver version 0.4 loaded (major 244)
[    0.668021] io scheduler mq-deadline registered
[    0.668022] io scheduler kyber registered
[    0.668054] io scheduler bfq registered
[    0.668336] pcieport 0000:00:01.0: Signaling PME with IRQ 121
[    0.668484] pcieport 0000:00:1c.0: Signaling PME with IRQ 122
[    0.668638] pcieport 0000:00:1d.0: Signaling PME with IRQ 123
[    0.668679] shpchp: Standard Hot Plug PCI Controller Driver version: 0.4
[    0.668726] efifb: probing for efifb
[    0.668735] efifb: showing boot graphics
[    0.669772] efifb: framebuffer at 0xd1000000, using 3072k, total 3072k
[    0.669773] efifb: mode is 1024x768x32, linelength=4096, pages=1
[    0.669773] efifb: scrolling: redraw
[    0.669774] efifb: Truecolor: size=8:8:8:8, shift=24:16:8:0
[    0.669802] fbcon: Deferring console take-over
[    0.669803] fb0: EFI VGA frame buffer device
[    0.669808] intel_idle: MWAIT substates: 0x142120
[    0.669809] intel_idle: v0.4.1 model 0x5E
[    0.669982] intel_idle: lapic_timer_reliable_states 0xffffffff
[    0.670047] input: Sleep Button as /devices/LNXSYSTM:00/LNXSYBUS:00/PNP0C0E:00/input/input0
[    0.670054] ACPI: Sleep Button [SLPB]
[    0.670076] input: Power Button as /devices/LNXSYSTM:00/LNXSYBUS:00/PNP0C0C:00/input/input1
[    0.670080] ACPI: Power Button [PWRB]
[    0.670100] input: Power Button as /devices/LNXSYSTM:00/LNXPWRBN:00/input/input2
[    0.681123] ACPI: Power Button [PWRF]
[    0.681723] Serial: 8250/16550 driver, 4 ports, IRQ sharing enabled
[    0.683125] usbcore: registered new interface driver usbserial_generic
[    0.683128] usbserial: USB Serial support registered for generic
[    0.683144] rtc_cmos 00:03: RTC can wake from S4
[    0.683612] rtc_cmos 00:03: registered as rtc0
[    0.683626] rtc_cmos 00:03: alarms up to one month, y3k, 242 bytes nvram, hpet irqs
[    0.683659] intel_pstate: Intel P-state driver initializing
[    0.683773] intel_pstate: HWP enabled
[    0.683822] ledtrig-cpu: registered to indicate activity on CPUs
[    0.683837] intel_pmc_core:  initialized
[    0.683980] NET: Registered protocol family 10
[    0.689395] Segment Routing with IPv6
[    0.689409] NET: Registered protocol family 17
[    0.689849] RAS: Correctable Errors collector initialized.
[    0.689895] microcode: sig=0x506e3, pf=0x2, revision=0xc6
[    0.690059] microcode: Microcode Update Driver: v2.2.
[    0.690068] sched_clock: Marking stable (693014793, -2960348)->(693605043, -3550598)
[    0.690310] registered taskstats version 1
[    0.690315] Loading compiled-in X.509 certificates
[    0.693249] Loaded X.509 cert 'Build time autogenerated kernel key: 4c3f80d63f8d4acf2383dffca437d3264cfe1533'
[    0.693262] zswap: loaded using pool lzo/zbud
[    0.697915] Key type big_key registered
[    0.698653]   Magic number: 15:941:74
[    0.698823] rtc_cmos 00:03: setting system clock to 2019-04-17T11:03:38 UTC (1555499018)
[    0.699609] Freeing unused decrypted memory: 2040K
[    0.699841] Freeing unused kernel image memory: 1540K
[    0.724485] Write protecting the kernel read-only data: 18432k
[    0.725036] Freeing unused kernel image memory: 2016K
[    0.725204] Freeing unused kernel image memory: 324K
[    0.735809] x86/mm: Checked W+X mappings: passed, no W+X pages found.
[    0.735810] x86/mm: Checking user space page tables
[    0.748053] x86/mm: Checked W+X mappings: passed, no W+X pages found.
[    0.748055] Run /init as init process
[    0.848720] xhci_hcd 0000:00:14.0: xHCI Host Controller
[    0.848724] xhci_hcd 0000:00:14.0: new USB bus registered, assigned bus number 1
[    0.849790] xhci_hcd 0000:00:14.0: hcc params 0x200077c1 hci version 0x100 quirks 0x0000000001109810
[    0.849794] xhci_hcd 0000:00:14.0: cache line size of 64 is not supported
[    0.849927] usb usb1: New USB device found, idVendor=1d6b, idProduct=0002, bcdDevice= 5.00
[    0.849928] usb usb1: New USB device strings: Mfr=3, Product=2, SerialNumber=1
[    0.849929] usb usb1: Product: xHCI Host Controller
[    0.849930] usb usb1: Manufacturer: Linux 5.0.5-1-MANJARO xhci-hcd
[    0.849931] usb usb1: SerialNumber: 0000:00:14.0
[    0.850095] hub 1-0:1.0: USB hub found
[    0.850121] hub 1-0:1.0: 10 ports detected
[    0.851697] xhci_hcd 0000:00:14.0: xHCI Host Controller
[    0.851700] xhci_hcd 0000:00:14.0: new USB bus registered, assigned bus number 2
[    0.851702] xhci_hcd 0000:00:14.0: Host supports USB 3.0  SuperSpeed
[    0.851728] usb usb2: New USB device found, idVendor=1d6b, idProduct=0003, bcdDevice= 5.00
[    0.851730] usb usb2: New USB device strings: Mfr=3, Product=2, SerialNumber=1
[    0.851731] usb usb2: Product: xHCI Host Controller
[    0.851732] usb usb2: Manufacturer: Linux 5.0.5-1-MANJARO xhci-hcd
[    0.851732] usb usb2: SerialNumber: 0000:00:14.0
[    0.851798] hub 2-0:1.0: USB hub found
[    0.851805] hub 2-0:1.0: 4 ports detected
[    0.855385] SCSI subsystem initialized
[    0.861098] libata version 3.00 loaded.
[    0.863361] ahci 0000:00:17.0: version 3.0
[    0.863548] ahci 0000:00:17.0: AHCI 0001.0301 32 slots 4 ports 6 Gbps 0xf impl SATA mode
[    0.863550] ahci 0000:00:17.0: flags: 64bit ncq sntf led clo only pio slum part ems deso sadm sds apst
[    0.891683] scsi host0: ahci
[    0.892027] scsi host1: ahci
[    0.892304] scsi host2: ahci
[    0.892403] scsi host3: ahci
[    0.892459] ata1: SATA max UDMA/133 abar m2048@0xdf24b000 port 0xdf24b100 irq 125
[    0.892460] ata2: SATA max UDMA/133 abar m2048@0xdf24b000 port 0xdf24b180 irq 125
[    0.892462] ata3: SATA max UDMA/133 abar m2048@0xdf24b000 port 0xdf24b200 irq 125
[    0.892463] ata4: SATA max UDMA/133 abar m2048@0xdf24b000 port 0xdf24b280 irq 125
[    1.181101] usb 1-2: new full-speed USB device number 2 using xhci_hcd
[    1.204769] ata2: SATA link up 3.0 Gbps (SStatus 123 SControl 300)
[    1.204976] ata1: SATA link up 6.0 Gbps (SStatus 133 SControl 300)
[    1.205067] ata3: SATA link down (SStatus 4 SControl 300)
[    1.208131] ata4: SATA link down (SStatus 4 SControl 300)
[    1.212906] ata1.00: ATA-9: DREVO X1 SSD, P1222A, max UDMA/133
[    1.212911] ata1.00: 468862128 sectors, multi 1: LBA48 NCQ (depth 32), AA
[    1.216391] ata2.00: ATA-8: ST9750420AS, 0001SDM5, max UDMA/133
[    1.216397] ata2.00: 1465149168 sectors, multi 16: LBA48 NCQ (depth 32)
[    1.225185] ata1.00: configured for UDMA/133
[    1.225618] scsi 0:0:0:0: Direct-Access     ATA      DREVO X1 SSD     2A   PQ: 0 ANSI: 5
[    1.250252] ata2.00: configured for UDMA/133
[    1.250677] scsi 1:0:0:0: Direct-Access     ATA      ST9750420AS      SDM5 PQ: 0 ANSI: 5
[    1.264011] sd 1:0:0:0: [sdb] 1465149168 512-byte logical blocks: (750 GB/699 GiB)
[    1.264012] sd 1:0:0:0: [sdb] 4096-byte physical blocks
[    1.264018] sd 1:0:0:0: [sdb] Write Protect is off
[    1.264019] sd 0:0:0:0: [sda] 468862128 512-byte logical blocks: (240 GB/224 GiB)
[    1.264020] sd 1:0:0:0: [sdb] Mode Sense: 00 3a 00 00
[    1.264024] sd 0:0:0:0: [sda] Write Protect is off
[    1.264026] sd 0:0:0:0: [sda] Mode Sense: 00 3a 00 00
[    1.264028] sd 1:0:0:0: [sdb] Write cache: enabled, read cache: enabled, doesn't support DPO or FUA
[    1.264035] sd 0:0:0:0: [sda] Write cache: enabled, read cache: enabled, doesn't support DPO or FUA
[    1.264048] sd 0:0:0:0: [sda] Optimal transfer size 0 bytes < PAGE_SIZE (4096 bytes)
[    1.264051] sd 1:0:0:0: [sdb] Optimal transfer size 0 bytes < PAGE_SIZE (4096 bytes)
[    1.269515]  sda: sda1 sda2 sda3 sda4 sda5
[    1.270110] sd 0:0:0:0: [sda] Attached SCSI disk
[    1.286822]  sdb: sdb2
[    1.287690] sd 1:0:0:0: [sdb] Attached SCSI disk
[    1.325478] usb 1-2: New USB device found, idVendor=8087, idProduct=07dc, bcdDevice= 0.01
[    1.325484] usb 1-2: New USB device strings: Mfr=0, Product=0, SerialNumber=0
[    1.436510] random: fast init done
[    1.447771] usb 1-6: new high-speed USB device number 3 using xhci_hcd
[    1.588146] usb 1-6: New USB device found, idVendor=17cc, idProduct=1101, bcdDevice= 0.1b
[    1.588153] usb 1-6: New USB device strings: Mfr=12, Product=7, SerialNumber=13
[    1.588157] usb 1-6: Product: Traktor Kontrol S2
[    1.588161] usb 1-6: Manufacturer: Native Instruments
[    1.588164] usb 1-6: SerialNumber: 4AF00EB2
[    1.600375] hidraw: raw HID events driver (C) Jiri Kosina
[    1.607289] usbcore: registered new interface driver usbhid
[    1.607291] usbhid: USB HID core driver
[    1.608996] hid-generic 0003:17CC:1101.0001: hiddev0,hidraw0: USB HID v1.10 Device [Native Instruments Traktor Kontrol S2] on usb-0000:00:14.0-6/input3
[    1.632113] EXT4-fs (sda5): mounted filesystem with ordered data mode. Opts: (null)
[    1.711117] usb 1-7: new full-speed USB device number 4 using xhci_hcd
[    1.818945] systemd[1]: systemd 241.607-1-manjaro running in system mode. (+PAM +AUDIT -SELINUX -IMA -APPARMOR +SMACK -SYSVINIT +UTMP +LIBCRYPTSETUP +GCRYPT +GNUTLS +ACL +XZ +LZ4 +SECCOMP +BLKID +ELFUTILS +KMOD +IDN2 -IDN +PCRE2 default-hierarchy=hybrid)
[    1.834576] systemd[1]: Detected architecture x86-64.
[    1.841072] systemd[1]: Set hostname to <castes-gaming-pc>.
[    1.870083] usb 1-7: New USB device found, idVendor=0a12, idProduct=0001, bcdDevice=88.91
[    1.870085] usb 1-7: New USB device strings: Mfr=0, Product=2, SerialNumber=0
[    1.870087] usb 1-7: Product: CSR8510 A10
[    1.994450] usb 1-8: new full-speed USB device number 5 using xhci_hcd
[    2.097162] systemd[1]: Created slice system-systemd\x2dfsck.slice.
[    2.097225] systemd[1]: Started Dispatch Password Requests to Console Directory Watch.
[    2.097427] systemd[1]: Set up automount Arbitrary Executable File Formats File System Automount Point.
[    2.097491] systemd[1]: Listening on udev Kernel Socket.
[    2.097536] systemd[1]: Listening on LVM2 metadata daemon socket.
[    2.097544] systemd[1]: Reached target Swap.
[    2.097570] systemd[1]: Listening on Device-mapper event daemon FIFOs.
[    2.116846] EXT4-fs (sda5): re-mounted. Opts: discard
[    2.118693] vboxdrv: loading out-of-tree module taints kernel.
[    2.118804] vboxdrv: module verification failed: signature and/or required key missing - tainting kernel
[    2.121040] random: lvm: uninitialized urandom read (4 bytes read)
[    2.122628] vboxdrv: Found 4 processor cores
[    2.127744] random: systemd-random-: uninitialized urandom read (512 bytes read)
[    2.137497] usb 1-8: New USB device found, idVendor=046d, idProduct=c52b, bcdDevice=24.07
[    2.137499] usb 1-8: New USB device strings: Mfr=1, Product=2, SerialNumber=0
[    2.137500] usb 1-8: Product: USB Receiver
[    2.137501] usb 1-8: Manufacturer: Logitech
[    2.141323] vboxdrv: TSC mode is Invariant, tentative frequency 3191983635 Hz
[    2.141323] vboxdrv: Successfully loaded version 6.0.4 (interface 0x00290008)
[    2.142321] VBoxNetAdp: Successfully started.
[    2.143303] VBoxNetFlt: Successfully started.
[    2.147288] VBoxPciLinuxInit
[    2.147290] vboxpci: IOMMU not found (not registered)
[    2.155534] IPMI message handler: version 39.2
[    2.158428] ipmi device interface
[    2.263936] nvidia: module license 'NVIDIA' taints kernel.
[    2.263938] Disabling lock debugging due to kernel taint
[    2.274993] nvidia-nvlink: Nvlink Core is being initialized, major device number 240
[    2.275247] nvidia 0000:01:00.0: vgaarb: changed VGA decodes: olddecodes=io+mem,decodes=none:owns=io+mem
[    2.306192] audit: type=1130 audit(1555499020.103:2): pid=1 uid=0 auid=4294967295 ses=4294967295 msg='unit=systemd-journald comm="systemd" exe="/usr/lib/systemd/systemd" hostname=? addr=? terminal=? res=success'
[    2.312954] systemd-journald[268]: Received request to flush runtime journal from PID 1
[    2.375432] NVRM: loading NVIDIA UNIX x86_64 Kernel Module  418.43  Tue Feb 19 01:12:11 CST 2019
[    2.393891] Linux agpgart interface v0.103
[    2.444068] nvidia-modeset: Loading NVIDIA Kernel Mode Setting Driver for UNIX platforms  418.43  Tue Feb 19 01:05:14 CST 2019
[    2.447584] [drm] [nvidia-drm] [GPU ID 0x00000100] Loading driver
[    2.447585] [drm] Initialized nvidia-drm 0.0.0 20160202 for 0000:01:00.0 on minor 0
[    2.570726] audit: type=1130 audit(1555499020.366:3): pid=1 uid=0 auid=4294967295 ses=4294967295 msg='unit=systemd-journal-flush comm="systemd" exe="/usr/lib/systemd/systemd" hostname=? addr=? terminal=? res=success'
[    2.580450] audit: type=1130 audit(1555499020.376:4): pid=1 uid=0 auid=4294967295 ses=4294967295 msg='unit=systemd-udevd comm="systemd" exe="/usr/lib/systemd/systemd" hostname=? addr=? terminal=? res=success'
[    2.584187] vboxvideo: module is from the staging directory, the quality is unknown, you have been warned.
[    2.589627] audit: type=1130 audit(1555499020.383:5): pid=1 uid=0 auid=4294967295 ses=4294967295 msg='unit=systemd-modules-load comm="systemd" exe="/usr/lib/systemd/systemd" hostname=? addr=? terminal=? res=success'
[    2.595370] audit: type=1130 audit(1555499020.393:6): pid=1 uid=0 auid=4294967295 ses=4294967295 msg='unit=systemd-sysctl comm="systemd" exe="/usr/lib/systemd/systemd" hostname=? addr=? terminal=? res=success'
[    2.668094] input: PC Speaker as /devices/platform/pcspkr/input/input3
[    2.688193] i801_smbus 0000:00:1f.4: SMBus using PCI interrupt
[    2.689421] RAPL PMU: API unit is 2^-32 Joules, 5 fixed counters, 655360 ms ovfl timer
[    2.689422] RAPL PMU: hw unit of domain pp0-core 2^-14 Joules
[    2.689423] RAPL PMU: hw unit of domain package 2^-14 Joules
[    2.689423] RAPL PMU: hw unit of domain dram 2^-14 Joules
[    2.689424] RAPL PMU: hw unit of domain pp1-gpu 2^-14 Joules
[    2.689424] RAPL PMU: hw unit of domain psys 2^-14 Joules
[    2.706753] cryptd: max_cpu_qlen set to 1000
[    2.707976] mei_me 0000:00:16.0: enabling device (0000 -> 0002)
[    2.729044] e1000e: Intel(R) PRO/1000 Network Driver - 3.2.6-k
[    2.729045] e1000e: Copyright(c) 1999 - 2015 Intel Corporation.
[    2.729241] e1000e 0000:00:1f.6: Interrupt Throttling Rate (ints/sec) set to dynamic conservative mode
[    2.739785] AVX2 version of gcm_enc/dec engaged.
[    2.739786] AES CTR mode by8 optimization enabled
[    2.740454] iTCO_vendor_support: vendor-support=0
[    2.743288] iTCO_wdt: Intel TCO WatchDog Timer Driver v1.11
[    2.743400] iTCO_wdt: Found a Intel PCH TCO device (Version=4, TCOBASE=0x0400)
[    2.743680] iTCO_wdt: initialized. heartbeat=30 sec (nowayout=0)
[    2.770597] cfg80211: Loading compiled-in X.509 certificates for regulatory database
[    2.778112] random: crng init done
[    2.779065] snd_hda_intel 0000:01:00.1: Disabling MSI
[    2.779069] snd_hda_intel 0000:01:00.1: Handle vga_switcheroo audio client
[    2.779978] cfg80211: Loaded X.509 cert 'sforshee: 00b28ddf47aef9cea7'
[    2.803748] Intel(R) Wireless WiFi driver for Linux
[    2.803749] Copyright(c) 2003- 2015 Intel Corporation
[    2.803785] iwlwifi 0000:03:00.0: enabling device (0000 -> 0002)
[    2.804251] snd_hda_codec_realtek hdaudioC0D0: autoconfig for ALC892: line_outs=1 (0x14/0x0/0x0/0x0/0x0) type:line
[    2.804253] snd_hda_codec_realtek hdaudioC0D0:    speaker_outs=0 (0x0/0x0/0x0/0x0/0x0)
[    2.804254] snd_hda_codec_realtek hdaudioC0D0:    hp_outs=1 (0x1b/0x0/0x0/0x0/0x0)
[    2.804255] snd_hda_codec_realtek hdaudioC0D0:    mono: mono_out=0x0
[    2.804256] snd_hda_codec_realtek hdaudioC0D0:    inputs:
[    2.804257] snd_hda_codec_realtek hdaudioC0D0:      Front Mic=0x19
[    2.804258] snd_hda_codec_realtek hdaudioC0D0:      Rear Mic=0x18
[    2.804259] snd_hda_codec_realtek hdaudioC0D0:      Line=0x1a
[    2.809667] iwlwifi 0000:03:00.0: loaded firmware version 17.3216344376.0 op_mode iwlmvm
[    2.829845] input: HDA Intel PCH Front Mic as /devices/pci0000:00/0000:00:1f.3/sound/card0/input4
[    2.829880] input: HDA Intel PCH Rear Mic as /devices/pci0000:00/0000:00:1f.3/sound/card0/input5
[    2.829912] input: HDA Intel PCH Line as /devices/pci0000:00/0000:00:1f.3/sound/card0/input6
[    2.829942] input: HDA Intel PCH Line Out as /devices/pci0000:00/0000:00:1f.3/sound/card0/input7
[    2.829972] input: HDA Intel PCH Front Headphone as /devices/pci0000:00/0000:00:1f.3/sound/card0/input8
[    2.862447] logitech-djreceiver 0003:046D:C52B.0004: hiddev1,hidraw1: USB HID v1.11 Device [Logitech USB Receiver] on usb-0000:00:14.0-8/input2
[    2.890418] iwlwifi 0000:03:00.0: Detected Intel(R) Dual Band Wireless AC 3160, REV=0x164
[    2.908695] iwlwifi 0000:03:00.0: base HW address: e4:02:9b:78:8d:1d
[    2.916000] intel_rapl: Found RAPL domain package
[    2.916001] intel_rapl: Found RAPL domain core
[    2.916003] intel_rapl: Found RAPL domain dram
[    2.975839] input: Logitech Unifying Device. Wireless PID:4069 Keyboard as /devices/pci0000:00/0000:00:14.0/usb1/1-8/1-8:1.2/0003:046D:C52B.0004/0003:046D:4069.0005/input/input9
[    2.975923] input: Logitech Unifying Device. Wireless PID:4069 Mouse as /devices/pci0000:00/0000:00:14.0/usb1/1-8/1-8:1.2/0003:046D:C52B.0004/0003:046D:4069.0005/input/input10
[    2.976005] input: Logitech Unifying Device. Wireless PID:4069 Consumer Control as /devices/pci0000:00/0000:00:14.0/usb1/1-8/1-8:1.2/0003:046D:C52B.0004/0003:046D:4069.0005/input/input11
[    2.976071] input: Logitech Unifying Device. Wireless PID:4069 System Control as /devices/pci0000:00/0000:00:14.0/usb1/1-8/1-8:1.2/0003:046D:C52B.0004/0003:046D:4069.0005/input/input12
[    2.976108] hid-generic 0003:046D:4069.0005: input,hidraw2: USB HID v1.11 Keyboard [Logitech Unifying Device. Wireless PID:4069] on usb-0000:00:14.0-8:1
[    2.994401] audit: type=1130 audit(1555499020.789:7): pid=1 uid=0 auid=4294967295 ses=4294967295 msg='unit=lvm2-monitor comm="systemd" exe="/usr/lib/systemd/systemd" hostname=? addr=? terminal=? res=success'
[    2.996159] e1000e 0000:00:1f.6 0000:00:1f.6 (uninitialized): registered PHC clock
[    3.015958] loop: module loaded
[    3.028643] ieee80211 phy0: Selected rate control algorithm 'iwl-mvm-rs'
[    3.030937] audit: type=1130 audit(1555499020.826:8): pid=1 uid=0 auid=4294967295 ses=4294967295 msg='unit=systemd-rfkill comm="systemd" exe="/usr/lib/systemd/systemd" hostname=? addr=? terminal=? res=success'
[    3.033175] iwlwifi 0000:03:00.0 wlp3s0: renamed from wlan0
[    3.044065] squashfs: version 4.0 (2009/01/31) Phillip Lougher
[    3.072285] audit: type=1130 audit(1555499020.869:9): pid=1 uid=0 auid=4294967295 ses=4294967295 msg='unit=systemd-fsck@dev-disk-by\x2duuid-28E6\x2d9616 comm="systemd" exe="/usr/lib/systemd/systemd" hostname=? addr=? terminal=? res=success'
[    3.101057] e1000e 0000:00:1f.6 eth0: (PCI Express:2.5GT/s:Width x1) 70:85:c2:23:6a:c3
[    3.101065] e1000e 0000:00:1f.6 eth0: Intel(R) PRO/1000 Network Connection
[    3.101204] e1000e 0000:00:1f.6 eth0: MAC: 12, PHY: 12, PBA No: FFFFFF-0FF
[    3.107085] e1000e 0000:00:1f.6 enp0s31f6: renamed from eth0
[    3.114589] Bluetooth: Core ver 2.22
[    3.114602] NET: Registered protocol family 31
[    3.114602] Bluetooth: HCI device and connection manager initialized
[    3.114605] Bluetooth: HCI socket layer initialized
[    3.114607] Bluetooth: L2CAP socket layer initialized
[    3.114609] Bluetooth: SCO socket layer initialized
[    3.129471] usbcore: registered new interface driver btusb
[    3.141678] usbcore: registered new interface driver snd-usb-audio
[    3.144560] Bluetooth: hci0: read Intel version: 3707100100012d0d27
[    3.144562] Bluetooth: hci0: Intel device is already patched. patch num: 27
[    3.146502] audit: type=1130 audit(1555499020.943:10): pid=1 uid=0 auid=4294967295 ses=4294967295 msg='unit=systemd-journal-catalog-update comm="systemd" exe="/usr/lib/systemd/systemd" hostname=? addr=? terminal=? res=success'
[    3.157698] input: Logitech MX Master 2S as /devices/pci0000:00/0000:00:14.0/usb1/1-8/1-8:1.2/0003:046D:C52B.0004/0003:046D:4069.0005/input/input16
[    3.157853] logitech-hidpp-device 0003:046D:4069.0005: input,hidraw2: USB HID v1.11 Keyboard [Logitech MX Master 2S] on usb-0000:00:14.0-8:1
[    3.166863] mousedev: PS/2 mouse device common for all mice
[    3.469113] Bluetooth: BNEP (Ethernet Emulation) ver 1.3
[    3.469114] Bluetooth: BNEP filters: protocol multicast
[    3.469117] Bluetooth: BNEP socket layer initialized
[    3.491670] input: HDA NVidia HDMI/DP,pcm=3 as /devices/pci0000:00/0000:00:01.0/0000:01:00.1/sound/card1/input17
[    3.491704] input: HDA NVidia HDMI/DP,pcm=7 as /devices/pci0000:00/0000:00:01.0/0000:01:00.1/sound/card1/input18
[    3.491732] input: HDA NVidia HDMI/DP,pcm=8 as /devices/pci0000:00/0000:00:01.0/0000:01:00.1/sound/card1/input19
[    3.491760] input: HDA NVidia HDMI/DP,pcm=9 as /devices/pci0000:00/0000:00:01.0/0000:01:00.1/sound/card1/input20
[    6.786679] e1000e: enp0s31f6 NIC Link is Up 1000 Mbps Full Duplex, Flow Control: None
[    6.786736] IPv6: ADDRCONF(NETDEV_CHANGE): enp0s31f6: link becomes ready
[    7.028645] kauditd_printk_skb: 115 callbacks suppressed
[    7.028646] audit: type=1130 audit(1555499024.826:126): pid=1 uid=0 auid=4294967295 ses=4294967295 msg='unit=systemd-localed comm="systemd" exe="/usr/lib/systemd/systemd" hostname=? addr=? terminal=? res=success'
[    7.235705] audit: type=1130 audit(1555499025.033:127): pid=1 uid=0 auid=4294967295 ses=4294967295 msg='unit=rtkit-daemon comm="systemd" exe="/usr/lib/systemd/systemd" hostname=? addr=? terminal=? res=success'
[    7.282869] audit: type=1130 audit(1555499025.079:128): pid=1 uid=0 auid=4294967295 ses=4294967295 msg='unit=geoclue comm="systemd" exe="/usr/lib/systemd/systemd" hostname=? addr=? terminal=? res=success'
[    7.288063] audit: type=1130 audit(1555499025.086:129): pid=1 uid=0 auid=4294967295 ses=4294967295 msg='unit=upower comm="systemd" exe="/usr/lib/systemd/systemd" hostname=? addr=? terminal=? res=success'
[    7.395886] audit: type=1130 audit(1555499025.193:130): pid=1 uid=0 auid=4294967295 ses=4294967295 msg='unit=colord comm="systemd" exe="/usr/lib/systemd/systemd" hostname=? addr=? terminal=? res=success'
[    7.699256] audit: type=1130 audit(1555499025.496:131): pid=1 uid=0 auid=4294967295 ses=4294967295 msg='unit=fprintd comm="systemd" exe="/usr/lib/systemd/systemd" hostname=? addr=? terminal=? res=success'
[    8.162183] audit: type=1131 audit(1555499025.959:132): pid=1 uid=0 auid=4294967295 ses=4294967295 msg='unit=systemd-rfkill comm="systemd" exe="/usr/lib/systemd/systemd" hostname=? addr=? terminal=? res=success'
[    8.534302] Bluetooth: RFCOMM TTY layer initialized
[    8.534306] Bluetooth: RFCOMM socket layer initialized
[    8.534311] Bluetooth: RFCOMM ver 1.11
[   14.006710] audit: type=1131 audit(1555499031.803:133): pid=1 uid=0 auid=4294967295 ses=4294967295 msg='unit=NetworkManager-dispatcher comm="systemd" exe="/usr/lib/systemd/systemd" hostname=? addr=? terminal=? res=success'
[   30.817778] usb 1-4: new full-speed USB device number 6 using xhci_hcd
[   30.959302] usb 1-4: New USB device found, idVendor=0483, idProduct=4010, bcdDevice= 2.00
[   30.959309] usb 1-4: New USB device strings: Mfr=1, Product=2, SerialNumber=3
[   30.959313] usb 1-4: Product: 72M-RGB
[   30.959317] usb 1-4: Manufacturer: CATEX TECH.
[   30.959321] usb 1-4: SerialNumber: CA2017041
[   30.965028] input: CATEX TECH. 72M-RGB as /devices/pci0000:00/0000:00:14.0/usb1/1-4/1-4:1.0/0003:0483:4010.0006/input/input21
[   31.021770] hid-generic 0003:0483:4010.0006: input,hidraw3: USB HID v1.10 Keyboard [CATEX TECH. 72M-RGB] on usb-0000:00:14.0-4/input0
[   31.023207] hid-generic 0003:0483:4010.0007: hiddev2,hidraw4: USB HID v1.00 Device [CATEX TECH. 72M-RGB] on usb-0000:00:14.0-4/input1
[   31.025140] input: CATEX TECH. 72M-RGB Consumer Control as /devices/pci0000:00/0000:00:14.0/usb1/1-4/1-4:1.2/0003:0483:4010.0008/input/input22
[   31.081400] input: CATEX TECH. 72M-RGB System Control as /devices/pci0000:00/0000:00:14.0/usb1/1-4/1-4:1.2/0003:0483:4010.0008/input/input23
[   31.081675] input: CATEX TECH. 72M-RGB Keyboard as /devices/pci0000:00/0000:00:14.0/usb1/1-4/1-4:1.2/0003:0483:4010.0008/input/input24
[   31.082211] input: CATEX TECH. 72M-RGB Mouse as /devices/pci0000:00/0000:00:14.0/usb1/1-4/1-4:1.2/0003:0483:4010.0008/input/input25
[   31.082749] hid-generic 0003:0483:4010.0008: input,hidraw5: USB HID v1.10 Keyboard [CATEX TECH. 72M-RGB] on usb-0000:00:14.0-4/input2
[   37.402816] audit: type=1131 audit(1555499055.633:134): pid=1 uid=0 auid=4294967295 ses=4294967295 msg='unit=systemd-localed comm="systemd" exe="/usr/lib/systemd/systemd" hostname=? addr=? terminal=? res=success'
[   37.816190] audit: type=1131 audit(1555499056.047:135): pid=1 uid=0 auid=4294967295 ses=4294967295 msg='unit=systemd-hostnamed comm="systemd" exe="/usr/lib/systemd/systemd" hostname=? addr=? terminal=? res=success'
[   37.998943] audit: type=1131 audit(1555499056.230:136): pid=1 uid=0 auid=4294967295 ses=4294967295 msg='unit=fprintd comm="systemd" exe="/usr/lib/systemd/systemd" hostname=? addr=? terminal=? res=success'
[   39.207809] audit: type=1112 audit(1555499057.440:137): pid=1289 uid=0 auid=4294967295 ses=4294967295 msg='uid=1000 exe="/usr/lib/gdm-session-worker" hostname=? addr=? terminal=? res=failed'
[   41.264532] audit: type=1130 audit(1555499059.497:138): pid=1 uid=0 auid=4294967295 ses=4294967295 msg='unit=fprintd comm="systemd" exe="/usr/lib/systemd/systemd" hostname=? addr=? terminal=? res=success'
[   43.297675] audit: type=1006 audit(1555499061.527:139): pid=1307 uid=0 old-auid=4294967295 auid=1000 tty=(none) old-ses=4294967295 ses=2 res=1
[   43.316198] audit: type=1130 audit(1555499061.547:140): pid=1 uid=0 auid=4294967295 ses=4294967295 msg='unit=user-runtime-dir@1000 comm="systemd" exe="/usr/lib/systemd/systemd" hostname=? addr=? terminal=? res=success'
[   43.321326] audit: type=1006 audit(1555499061.553:141): pid=1312 uid=0 old-auid=4294967295 auid=1000 tty=(none) old-ses=4294967295 ses=3 res=1
[   43.363799] audit: type=1130 audit(1555499061.593:142): pid=1 uid=0 auid=4294967295 ses=4294967295 msg='unit=user@1000 comm="systemd" exe="/usr/lib/systemd/systemd" hostname=? addr=? terminal=? res=success'
[   43.385870] audit: type=1112 audit(1555499061.617:143): pid=1307 uid=0 auid=1000 ses=2 msg='uid=1000 exe="/usr/lib/gdm-session-worker" hostname=? addr=? terminal=? res=success'
[   44.137737] snd_hda_codec_hdmi hdaudioC1D0: HDMI: invalid ELD data byte 20
[   44.187751] snd_hda_codec_hdmi hdaudioC1D0: HDMI: invalid ELD data byte 2
[   44.772420] fuse init (API version 7.28)
[   44.851071] snd_hda_codec_hdmi hdaudioC1D0: HDMI: invalid ELD data byte 59
[   44.911068] snd_hda_codec_hdmi hdaudioC1D0: HDMI: invalid ELD data byte 3
[   44.941062] snd_hda_codec_hdmi hdaudioC1D0: HDMI: invalid ELD data byte 0
[   45.041069] snd_hda_codec_hdmi hdaudioC1D0: HDMI: invalid ELD data byte 7
[   45.873894] audit: type=1130 audit(1555499064.103:144): pid=1 uid=0 auid=4294967295 ses=4294967295 msg='unit=udisks2 comm="systemd" exe="/usr/lib/systemd/systemd" hostname=? addr=? terminal=? res=success'
[   46.098527] audit: type=1130 audit(1555499064.330:145): pid=1 uid=0 auid=4294967295 ses=4294967295 msg='unit=org.cups.cupsd comm="systemd" exe="/usr/lib/systemd/systemd" hostname=? addr=? terminal=? res=success'
[   46.312266] audit: type=1130 audit(1555499064.543:146): pid=1 uid=0 auid=4294967295 ses=4294967295 msg='unit=systemd-localed comm="systemd" exe="/usr/lib/systemd/systemd" hostname=? addr=? terminal=? res=success'
[   46.318875] audit: type=1130 audit(1555499064.550:147): pid=1 uid=0 auid=4294967295 ses=4294967295 msg='unit=systemd-hostnamed comm="systemd" exe="/usr/lib/systemd/systemd" hostname=? addr=? terminal=? res=success'
[   46.344629] rfkill: input handler disabled
[   50.884073] audit: type=1325 audit(1555499069.113:148): table=filter family=2 entries=64
[   50.887635] audit: type=1325 audit(1555499069.117:149): table=filter family=2 entries=65
[   50.894579] audit: type=1325 audit(1555499069.127:150): table=filter family=10 entries=58
[   50.900963] audit: type=1325 audit(1555499069.130:151): table=filter family=10 entries=59
[   60.201650] logitech-hidpp-device 0003:046D:4069.0005: HID++ 4.5 device connected.
[   60.433627] logitech-hidpp-device 0003:046D:4069.0005: multiplier = 8
[   68.006070] audit: type=1131 audit(1555499086.237:152): pid=1 uid=0 auid=4294967295 ses=4294967295 msg='unit=geoclue comm="systemd" exe="/usr/lib/systemd/systemd" hostname=? addr=? terminal=? res=success'
[   72.000957] audit: type=1131 audit(1555499090.230:153): pid=1 uid=0 auid=4294967295 ses=4294967295 msg='unit=fprintd comm="systemd" exe="/usr/lib/systemd/systemd" hostname=? addr=? terminal=? res=success'
[   77.059000] audit: type=1131 audit(1555499095.290:154): pid=1 uid=0 auid=4294967295 ses=4294967295 msg='unit=systemd-localed comm="systemd" exe="/usr/lib/systemd/systemd" hostname=? addr=? terminal=? res=success'
[   77.225696] audit: type=1131 audit(1555499095.457:155): pid=1 uid=0 auid=4294967295 ses=4294967295 msg='unit=systemd-hostnamed comm="systemd" exe="/usr/lib/systemd/systemd" hostname=? addr=? terminal=? res=success'
