smartctl 6.6 2016-05-31 r4324 [i686-linux-4.9.0-7-686] (local build)
Copyright (C) 2002-16, Bruce Allen, Christian Franke, www.smartmontools.org

=== START OF INFORMATION SECTION ===
Model Family:     Maxtor DiamondMax 10 (SATA/300)
Device Model:     Maxtor 6V080E0
Serial Number:    V66666BG
LU WWN Device Id: 0 150500 2ae42de3c
Firmware Version: VD222691
User Capacity:    81,964,302,336 bytes [81.9 GB]
Sector Size:      512 bytes logical/physical
Device is:        In smartctl database [for details use: -P show]
ATA Version is:   ATA/ATAPI-7 T13/1532D revision 0
Local Time is:    Tue Apr  2 18:36:56 2019 UTC
SMART support is: Available - device has SMART capability.
SMART support is: Enabled
AAM level is:     254 (maximum performance), recommended: 192
APM feature is:   Disabled
Rd look-ahead is: Enabled
Write cache is:   Enabled
ATA Security is:  Disabled, frozen [SEC2]
Wt Cache Reorder: Unavailable

=== START OF READ SMART DATA SECTION ===
SMART overall-health self-assessment test result: PASSED

General SMART Values:
Offline data collection status:  (0x80)	Offline data collection activity
					was never started.
					Auto Offline Data Collection: Enabled.
Self-test execution status:      (   0)	The previous self-test routine completed
					without error or no self-test has ever 
					been run.
Total time to complete Offline 
data collection: 		(  901) seconds.
Offline data collection
capabilities: 			 (0x5b) SMART execute Offline immediate.
					Auto Offline data collection on/off support.
					Suspend Offline collection upon new
					command.
					Offline surface scan supported.
					Self-test supported.
					No Conveyance Self-test supported.
					Selective Self-test supported.
SMART capabilities:            (0x0003)	Saves SMART data before entering
					power-saving mode.
					Supports SMART auto save timer.
Error logging capability:        (0x01)	Error logging supported.
					General Purpose Logging supported.
Short self-test routine 
recommended polling time: 	 (   2) minutes.
Extended self-test routine
recommended polling time: 	 (  35) minutes.
SCT capabilities: 	       (0x0021)	SCT Status supported.
					SCT Data Table supported.

SMART Attributes Data Structure revision number: 32
Vendor Specific SMART Attributes with Thresholds:
ID# ATTRIBUTE_NAME          FLAGS    VALUE WORST THRESH FAIL RAW_VALUE
  3 Spin_Up_Time            POS--K   224   224   063    -    10393
  4 Start_Stop_Count        -O--CK   253   253   000    -    591
  5 Reallocated_Sector_Ct   PO--CK   253   253   063    -    0
  7 Seek_Error_Rate         -O-R--   251   241   000    -    4
  8 Seek_Time_Performance   POS--K   244   241   187    -    46094
  9 Power_On_Hours          -O--CK   248   248   000    -    2002
 10 Spin_Retry_Count        PO-R-K   253   252   157    -    0
 11 Calibration_Retry_Count PO-R-K   253   252   223    -    0
 12 Power_Cycle_Count       -O--CK   252   252   000    -    597
189 High_Fly_Writes         -O-RCK   100   100   000    -    0
190 Airflow_Temperature_Cel -O---K   067   052   000    -    33 (Min/Max 28/33)
192 Power-Off_Retract_Count -O--CK   253   253   000    -    0
193 Load_Cycle_Count        -O--CK   253   253   000    -    0
194 Temperature_Celsius     -O--CK   038   253   000    -    33
195 Hardware_ECC_Recovered  -O-R--   253   252   000    -    1026
196 Reallocated_Event_Count ---R--   253   253   000    -    0
197 Current_Pending_Sector  ---R--   253   253   000    -    0
198 Offline_Uncorrectable   ---R--   253   253   000    -    0
199 UDMA_CRC_Error_Count    ---R--   199   199   000    -    0
200 Multi_Zone_Error_Rate   -O-R--   253   252   000    -    0
201 Soft_Read_Error_Rate    -O-R--   253   252   000    -    2
202 Data_Address_Mark_Errs  -O-R--   253   252   000    -    0
203 Run_Out_Cancel          PO-R--   253   252   180    -    0
204 Soft_ECC_Correction     -O-R--   253   252   000    -    0
205 Thermal_Asperity_Rate   -O-R--   253   252   000    -    0
207 Spin_High_Current       -O-R-K   253   252   000    -    0
208 Spin_Buzz               -O-R-K   253   252   000    -    0
210 Unknown_Attribute       -O--CK   253   252   000    -    0
211 Unknown_Attribute       -O--CK   253   252   000    -    0
212 Unknown_Attribute       -O--CK   253   252   000    -    0
                            ||||||_ K auto-keep
                            |||||__ C event count
                            ||||___ R error rate
                            |||____ S speed/performance
                            ||_____ O updated online
                            |______ P prefailure warning

ATA_READ_LOG_EXT (addr=0x00:0x00, page=0, n=1) failed: scsi error badly formed scsi parameters
Read GP Log Directory failed

SMART Log Directory Version 1 [multi-sector log support]
Address    Access  R/W   Size  Description
0x00           SL  R/O      1  Log Directory
0x01           SL  R/O      1  Summary SMART error log
0x02           SL  R/O      1  Comprehensive SMART error log
0x03           SL  R/O      4  Ext. Comprehensive SMART error log
0x06           SL  R/O      1  SMART self-test log
0x09           SL  R/W      1  Selective self-test log
0x10           SL  R/O      1  SATA NCQ Queued Error log
0x20           SL  R/O      1  Streaming performance log [OBS-8]
0x21           SL  R/O      1  Write stream error log
0x22           SL  R/O      1  Read stream error log

SMART Extended Comprehensive Error Log (GP Log 0x03) not supported

SMART Error Log Version: 1
No Errors Logged

SMART Extended Self-test Log (GP Log 0x07) not supported

SMART Self-test log structure revision number 1
No self-tests have been logged.  [To run self-tests, use: smartctl -t]

SMART Selective self-test log data structure revision number 1
 SPAN  MIN_LBA  MAX_LBA  CURRENT_TEST_STATUS
    1        0        0  Not_testing
    2        0        0  Not_testing
    3        0        0  Not_testing
    4        0        0  Not_testing
    5        0        0  Not_testing
Selective self-test flags (0x0):
  After scanning selected spans, do NOT read-scan remainder of disk.
If Selective self-test is pending on power-up, resume after 0 minute delay.

SCT Status Version:                  2
SCT Version (vendor specific):       1 (0x0001)
SCT Support Level:                   1
Device State:                        Active (0)
Current Temperature:                 33 Celsius
Power Cycle Max Temperature:         33 Celsius
Lifetime    Max Temperature:         62 Celsius

SCT Temperature History Version:     2
Temperature Sampling Period:         5 minutes
Temperature Logging Interval:        5 minutes
Min/Max recommended Temperature:      0/60 Celsius
Min/Max Temperature Limit:            0/60 Celsius
Temperature History Size (Index):    478 (477)

Index    Estimated Time   Temperature Celsius
   0    2019-04-01 02:50    39  ********************
   1    2019-04-01 02:55    38  *******************
   2    2019-04-01 03:00    39  ********************
 ...    ..( 25 skipped).    ..  ********************
  28    2019-04-01 05:10    39  ********************
  29    2019-04-01 05:15    40  *********************
  30    2019-04-01 05:20    39  ********************
 ...    ..( 13 skipped).    ..  ********************
  44    2019-04-01 06:30    39  ********************
  45    2019-04-01 06:35    40  *********************
  46    2019-04-01 06:40    39  ********************
  47    2019-04-01 06:45    40  *********************
  48    2019-04-01 06:50    40  *********************
  49    2019-04-01 06:55    40  *********************
  50    2019-04-01 07:00    39  ********************
 ...    ..( 32 skipped).    ..  ********************
  83    2019-04-01 09:45    39  ********************
  84    2019-04-01 09:50    40  *********************
  85    2019-04-01 09:55     ?  -
  86    2019-04-01 10:00    22  ***
  87    2019-04-01 10:05     ?  -
  88    2019-04-01 10:10    27  ********
  89    2019-04-01 10:15    30  ***********
  90    2019-04-01 10:20    32  *************
  91    2019-04-01 10:25    33  **************
  92    2019-04-01 10:30    34  ***************
  93    2019-04-01 10:35    35  ****************
  94    2019-04-01 10:40    36  *****************
  95    2019-04-01 10:45    37  ******************
 ...    ..( 22 skipped).    ..  ******************
 118    2019-04-01 12:40    37  ******************
 119    2019-04-01 12:45    38  *******************
 120    2019-04-01 12:50    38  *******************
 121    2019-04-01 12:55    37  ******************
 122    2019-04-01 13:00    37  ******************
 123    2019-04-01 13:05    37  ******************
 124    2019-04-01 13:10    38  *******************
 ...    ..(  2 skipped).    ..  *******************
 127    2019-04-01 13:25    38  *******************
 128    2019-04-01 13:30    37  ******************
 129    2019-04-01 13:35    38  *******************
 ...    ..( 50 skipped).    ..  *******************
 180    2019-04-01 17:50    38  *******************
 181    2019-04-01 17:55    39  ********************
 182    2019-04-01 18:00    38  *******************
 183    2019-04-01 18:05     ?  -
 184    2019-04-01 18:10    22  ***
 185    2019-04-01 18:15     ?  -
 186    2019-04-01 18:20    27  ********
 187    2019-04-01 18:25    30  ***********
 188    2019-04-01 18:30    32  *************
 189    2019-04-01 18:35    34  ***************
 190    2019-04-01 18:40    35  ****************
 191    2019-04-01 18:45    36  *****************
 192    2019-04-01 18:50    36  *****************
 193    2019-04-01 18:55    37  ******************
 194    2019-04-01 19:00    37  ******************
 195    2019-04-01 19:05    37  ******************
 196    2019-04-01 19:10    38  *******************
 197    2019-04-01 19:15    38  *******************
 198    2019-04-01 19:20    38  *******************
 199    2019-04-01 19:25    39  ********************
 ...    ..(  6 skipped).    ..  ********************
 206    2019-04-01 20:00    39  ********************
 207    2019-04-01 20:05    38  *******************
 208    2019-04-01 20:10    39  ********************
 209    2019-04-01 20:15    38  *******************
 210    2019-04-01 20:20    38  *******************
 211    2019-04-01 20:25    39  ********************
 ...    ..(  2 skipped).    ..  ********************
 214    2019-04-01 20:40    39  ********************
 215    2019-04-01 20:45    38  *******************
 ...    ..(  7 skipped).    ..  *******************
 223    2019-04-01 21:25    38  *******************
 224    2019-04-01 21:30    39  ********************
 225    2019-04-01 21:35    39  ********************
 226    2019-04-01 21:40    39  ********************
 227    2019-04-01 21:45    38  *******************
 ...    ..( 10 skipped).    ..  *******************
 238    2019-04-01 22:40    38  *******************
 239    2019-04-01 22:45    39  ********************
 ...    ..(  3 skipped).    ..  ********************
 243    2019-04-01 23:05    39  ********************
 244    2019-04-01 23:10    38  *******************
 ...    ..(  2 skipped).    ..  *******************
 247    2019-04-01 23:25    38  *******************
 248    2019-04-01 23:30    39  ********************
 ...    ..(  9 skipped).    ..  ********************
 258    2019-04-02 00:20    39  ********************
 259    2019-04-02 00:25    40  *********************
 260    2019-04-02 00:30    40  *********************
 261    2019-04-02 00:35    40  *********************
 262    2019-04-02 00:40     ?  -
 263    2019-04-02 00:45    39  ********************
 264    2019-04-02 00:50     ?  -
 265    2019-04-02 00:55    40  *********************
 ...    ..(  2 skipped).    ..  *********************
 268    2019-04-02 01:10    40  *********************
 269    2019-04-02 01:15    39  ********************
 ...    ..(  7 skipped).    ..  ********************
 277    2019-04-02 01:55    39  ********************
 278    2019-04-02 02:00     ?  -
 279    2019-04-02 02:05    22  ***
 280    2019-04-02 02:10     ?  -
 281    2019-04-02 02:15    25  ******
 282    2019-04-02 02:20    29  **********
 283    2019-04-02 02:25    31  ************
 284    2019-04-02 02:30    33  **************
 285    2019-04-02 02:35    35  ****************
 286    2019-04-02 02:40    37  ******************
 287    2019-04-02 02:45    38  *******************
 288    2019-04-02 02:50    39  ********************
 289    2019-04-02 02:55    39  ********************
 290    2019-04-02 03:00     ?  -
 291    2019-04-02 03:05    22  ***
 292    2019-04-02 03:10     ?  -
 293    2019-04-02 03:15    29  **********
 294    2019-04-02 03:20    31  ************
 295    2019-04-02 03:25    34  ***************
 296    2019-04-02 03:30    35  ****************
 297    2019-04-02 03:35    37  ******************
 298    2019-04-02 03:40    38  *******************
 299    2019-04-02 03:45    38  *******************
 300    2019-04-02 03:50    39  ********************
 301    2019-04-02 03:55    39  ********************
 302    2019-04-02 04:00    40  *********************
 ...    ..(  2 skipped).    ..  *********************
 305    2019-04-02 04:15    40  *********************
 306    2019-04-02 04:20    41  **********************
 ...    ..(  6 skipped).    ..  **********************
 313    2019-04-02 04:55    41  **********************
 314    2019-04-02 05:00    42  ***********************
 ...    ..( 22 skipped).    ..  ***********************
 337    2019-04-02 06:55    42  ***********************
 338    2019-04-02 07:00     ?  -
 339    2019-04-02 07:05    23  ****
 340    2019-04-02 07:10    21  **
 341    2019-04-02 07:15    21  **
 342    2019-04-02 07:20     ?  -
 343    2019-04-02 07:25    26  *******
 344    2019-04-02 07:30    29  **********
 345    2019-04-02 07:35    31  ************
 346    2019-04-02 07:40     ?  -
 347    2019-04-02 07:45    24  *****
 348    2019-04-02 07:50     ?  -
 349    2019-04-02 07:55    30  ***********
 350    2019-04-02 08:00    33  **************
 351    2019-04-02 08:05    35  ****************
 352    2019-04-02 08:10    37  ******************
 353    2019-04-02 08:15    38  *******************
 354    2019-04-02 08:20    39  ********************
 355    2019-04-02 08:25    39  ********************
 356    2019-04-02 08:30    40  *********************
 357    2019-04-02 08:35    40  *********************
 358    2019-04-02 08:40    40  *********************
 359    2019-04-02 08:45    41  **********************
 360    2019-04-02 08:50    41  **********************
 361    2019-04-02 08:55    41  **********************
 362    2019-04-02 09:00    42  ***********************
 363    2019-04-02 09:05    41  **********************
 364    2019-04-02 09:10    42  ***********************
 ...    ..(  3 skipped).    ..  ***********************
 368    2019-04-02 09:30    42  ***********************
 369    2019-04-02 09:35     ?  -
 370    2019-04-02 09:40    19  -
 371    2019-04-02 09:45    23  ****
 372    2019-04-02 09:50     ?  -
 373    2019-04-02 09:55    27  ********
 374    2019-04-02 10:00    29  **********
 375    2019-04-02 10:05    30  ***********
 376    2019-04-02 10:10    32  *************
 377    2019-04-02 10:15    33  **************
 378    2019-04-02 10:20    33  **************
 379    2019-04-02 10:25    34  ***************
 380    2019-04-02 10:30    34  ***************
 381    2019-04-02 10:35    34  ***************
 382    2019-04-02 10:40    35  ****************
 383    2019-04-02 10:45    36  *****************
 384    2019-04-02 10:50    36  *****************
 385    2019-04-02 10:55    37  ******************
 386    2019-04-02 11:00    38  *******************
 387    2019-04-02 11:05    38  *******************
 388    2019-04-02 11:10    39  ********************
 ...    ..(  2 skipped).    ..  ********************
 391    2019-04-02 11:25    39  ********************
 392    2019-04-02 11:30    40  *********************
 393    2019-04-02 11:35    39  ********************
 394    2019-04-02 11:40    39  ********************
 395    2019-04-02 11:45    39  ********************
 396    2019-04-02 11:50     ?  -
 397    2019-04-02 11:55    20  *
 398    2019-04-02 12:00     ?  -
 399    2019-04-02 12:05    24  *****
 400    2019-04-02 12:10    28  *********
 401    2019-04-02 12:15     ?  -
 402    2019-04-02 12:20    29  **********
 403    2019-04-02 12:25     ?  -
 404    2019-04-02 12:30    32  *************
 405    2019-04-02 12:35    34  ***************
 406    2019-04-02 12:40    35  ****************
 407    2019-04-02 12:45    36  *****************
 408    2019-04-02 12:50    36  *****************
 409    2019-04-02 12:55    37  ******************
 ...    ..(  2 skipped).    ..  ******************
 412    2019-04-02 13:10    37  ******************
 413    2019-04-02 13:15    38  *******************
 414    2019-04-02 13:20    38  *******************
 415    2019-04-02 13:25    38  *******************
 416    2019-04-02 13:30    39  ********************
 417    2019-04-02 13:35    40  *********************
 418    2019-04-02 13:40    41  **********************
 ...    ..(  2 skipped).    ..  **********************
 421    2019-04-02 13:55    41  **********************
 422    2019-04-02 14:00    40  *********************
 423    2019-04-02 14:05    39  ********************
 424    2019-04-02 14:10    39  ********************
 425    2019-04-02 14:15    38  *******************
 426    2019-04-02 14:20    38  *******************
 427    2019-04-02 14:25    38  *******************
 428    2019-04-02 14:30    39  ********************
 429    2019-04-02 14:35    38  *******************
 430    2019-04-02 14:40    39  ********************
 431    2019-04-02 14:45    39  ********************
 432    2019-04-02 14:50    39  ********************
 433    2019-04-02 14:55    40  *********************
 434    2019-04-02 15:00    40  *********************
 435    2019-04-02 15:05    41  **********************
 436    2019-04-02 15:10    41  **********************
 437    2019-04-02 15:15    41  **********************
 438    2019-04-02 15:20    42  ***********************
 ...    ..(  6 skipped).    ..  ***********************
 445    2019-04-02 15:55    42  ***********************
 446    2019-04-02 16:00    41  **********************
 447    2019-04-02 16:05    42  ***********************
 ...    ..(  3 skipped).    ..  ***********************
 451    2019-04-02 16:25    42  ***********************
 452    2019-04-02 16:30    41  **********************
 453    2019-04-02 16:35     ?  -
 454    2019-04-02 16:40    25  ******
 455    2019-04-02 16:45     ?  -
 456    2019-04-02 16:50    31  ************
 457    2019-04-02 16:55    34  ***************
 458    2019-04-02 17:00    35  ****************
 459    2019-04-02 17:05    36  *****************
 460    2019-04-02 17:10    37  ******************
 461    2019-04-02 17:15     ?  -
 462    2019-04-02 17:20    22  ***
 463    2019-04-02 17:25    28  *********
 464    2019-04-02 17:30     ?  -
 465    2019-04-02 17:35    32  *************
 466    2019-04-02 17:40    35  ****************
 467    2019-04-02 17:45     ?  -
 468    2019-04-02 17:50    33  **************
 469    2019-04-02 17:55    33  **************
 470    2019-04-02 18:00     ?  -
 471    2019-04-02 18:05    35  ****************
 472    2019-04-02 18:10     ?  -
 473    2019-04-02 18:15    35  ****************
 474    2019-04-02 18:20    28  *********
 475    2019-04-02 18:25     ?  -
 476    2019-04-02 18:30    31  ************
 477    2019-04-02 18:35    33  **************

SCT Error Recovery Control command not supported

Device Statistics (GP/SMART Log 0x04) not supported

SATA Phy Event Counters (GP Log 0x11) not supported

