smartctl 6.6 2016-05-31 r4324 [i686-linux-4.18.0-15-generic] (local build)
Copyright (C) 2002-16, Bruce Allen, Christian Franke, www.smartmontools.org

=== START OF INFORMATION SECTION ===
Model Family:     Fujitsu MJA BH
Device Model:     FUJITSU MJA2160BH G2
Serial Number:    K95BTA42BD8H
LU WWN Device Id: 5 00000e 0447dfa8d
Firmware Version: 0084001C
User Capacity:    160.041.885.696 bytes [160 GB]
Sector Size:      512 bytes logical/physical
Rotation Rate:    5400 rpm
Form Factor:      2.5 inches
Device is:        In smartctl database [for details use: -P show]
ATA Version is:   ATA8-ACS T13/1699-D revision 3f
SATA Version is:  SATA 2.6, 3.0 Gb/s (current: 3.0 Gb/s)
Local Time is:    Thu May  2 19:48:26 2019 UTC
SMART support is: Available - device has SMART capability.
SMART support is: Enabled
AAM level is:     254 (maximum performance), recommended: 254
APM level is:     128 (minimum power consumption without standby)
Rd look-ahead is: Enabled
Write cache is:   Enabled
ATA Security is:  Disabled, frozen [SEC2]
Wt Cache Reorder: Enabled

=== START OF READ SMART DATA SECTION ===
SMART overall-health self-assessment test result: PASSED

General SMART Values:
Offline data collection status:  (0x00)	Offline data collection activity
					was never started.
					Auto Offline Data Collection: Disabled.
Self-test execution status:      (   0)	The previous self-test routine completed
					without error or no self-test has ever 
					been run.
Total time to complete Offline 
data collection: 		(  508) seconds.
Offline data collection
capabilities: 			 (0x7b) SMART execute Offline immediate.
					Auto Offline data collection on/off support.
					Suspend Offline collection upon new
					command.
					Offline surface scan supported.
					Self-test supported.
					Conveyance Self-test supported.
					Selective Self-test supported.
SMART capabilities:            (0x0003)	Saves SMART data before entering
					power-saving mode.
					Supports SMART auto save timer.
Error logging capability:        (0x01)	Error logging supported.
					General Purpose Logging supported.
Short self-test routine 
recommended polling time: 	 (   2) minutes.
Extended self-test routine
recommended polling time: 	 (  72) minutes.
Conveyance self-test routine
recommended polling time: 	 (   2) minutes.
SCT capabilities: 	       (0x003d)	SCT Status supported.
					SCT Error Recovery Control supported.
					SCT Feature Control supported.
					SCT Data Table supported.

SMART Attributes Data Structure revision number: 16
Vendor Specific SMART Attributes with Thresholds:
ID# ATTRIBUTE_NAME          FLAGS    VALUE WORST THRESH FAIL RAW_VALUE
  1 Raw_Read_Error_Rate     POSR--   100   100   046    -    50270
  2 Throughput_Performance  P-S---   100   100   030    -    25231360
  3 Spin_Up_Time            PO----   100   100   025    -    0
  4 Start_Stop_Count        -O--CK   099   099   000    -    3215
  5 Reallocated_Sector_Ct   PO--CK   100   100   024    -    0 (2100 0)
  7 Seek_Error_Rate         POSR--   100   100   047    -    1565
  8 Seek_Time_Performance   P-S---   100   100   019    -    0
  9 Power_On_Hours          -O--CK   088   088   000    -    6251
 10 Spin_Retry_Count        PO--C-   100   100   020    -    0
 12 Power_Cycle_Count       -O--CK   100   100   000    -    3007
192 Power-Off_Retract_Count -O--CK   100   100   000    -    85
193 Load_Cycle_Count        -O--CK   100   100   000    -    19460
194 Temperature_Celsius     -O---K   100   100   000    -    33 (Min/Max 9/45)
195 Hardware_ECC_Recovered  -O-RC-   100   100   000    -    185
196 Reallocated_Event_Count -O--CK   100   100   000    -    0 (0 15680)
197 Current_Pending_Sector  -O--C-   100   100   000    -    0
198 Offline_Uncorrectable   ----C-   100   100   000    -    0
199 UDMA_CRC_Error_Count    -OSRCK   200   253   000    -    1
200 Multi_Zone_Error_Rate   POSR--   100   100   060    -    15690
203 Run_Out_Cancel          -O----   100   100   000    -    1529060392964
240 Head_Flying_Hours       -OSRCK   200   200   000    -    0
                            ||||||_ K auto-keep
                            |||||__ C event count
                            ||||___ R error rate
                            |||____ S speed/performance
                            ||_____ O updated online
                            |______ P prefailure warning

General Purpose Log Directory Version 1
SMART           Log Directory Version 1 [multi-sector log support]
Address    Access  R/W   Size  Description
0x00       GPL,SL  R/O      1  Log Directory
0x01       GPL,SL  R/O      1  Summary SMART error log
0x02       GPL,SL  R/O     51  Comprehensive SMART error log
0x03       GPL,SL  R/O     64  Ext. Comprehensive SMART error log
0x06       GPL,SL  R/O      1  SMART self-test log
0x07       GPL,SL  R/O      2  Extended self-test log
0x09       GPL,SL  R/W      1  Selective self-test log
0x10       GPL,SL  R/O      1  SATA NCQ Queued Error log
0x11       GPL,SL  R/O      1  SATA Phy Event Counters log
0x23       GPL,SL  R/O      1  Delayed sector log [OBS-8]
0x80-0x9f  GPL,SL  R/W     16  Host vendor specific log
0xa1       GPL,SL  VS       1  Device vendor specific log

SMART Extended Comprehensive Error Log Version: 1 (64 sectors)
Device Error Count: 1
	CR     = Command Register
	FEATR  = Features Register
	COUNT  = Count (was: Sector Count) Register
	LBA_48 = Upper bytes of LBA High/Mid/Low Registers ]  ATA-8
	LH     = LBA High (was: Cylinder High) Register    ]   LBA
	LM     = LBA Mid (was: Cylinder Low) Register      ] Register
	LL     = LBA Low (was: Sector Number) Register     ]
	DV     = Device (was: Device/Head) Register
	DC     = Device Control Register
	ER     = Error register
	ST     = Status register
Powered_Up_Time is measured from power on, and printed as
DDd+hh:mm:SS.sss where DD=days, hh=hours, mm=minutes,
SS=sec, and sss=millisec. It "wraps" after 49.710 days.

Error 1 [0] occurred at disk power-on lifetime: 2725 hours (113 days + 13 hours)
  When the command that caused the error occurred, the device was active or idle.

  After command completion occurred, registers were:
  ER -- ST COUNT  LBA_48  LH LM LL DV DC
  -- -- -- == -- == == == -- -- -- -- --
  84 -- 51 00 00 00 00 00 60 30 e7 40 00  Error: ICRC, ABRT at LBA = 0x006030e7 = 6303975

  Commands leading to the command that caused the error were:
  CR FEATR COUNT  LBA_48  LH LM LL DV DC  Powered_Up_Time  Command/Feature_Name
  -- == -- == -- == == == -- -- -- -- --  ---------------  --------------------
  c8 00 00 00 08 00 00 00 60 30 e0 40 00     00:00:07.853  READ DMA
  c8 00 00 00 08 00 00 00 60 30 d8 40 00     00:00:07.853  READ DMA
  c8 00 00 00 08 00 00 00 60 30 d0 40 00     00:00:07.852  READ DMA
  c8 00 00 00 08 00 00 00 60 30 c8 40 00     00:00:07.852  READ DMA
  c8 00 00 00 08 00 00 00 60 30 c0 40 00     00:00:07.852  READ DMA

SMART Extended Self-test Log Version: 1 (2 sectors)
Num  Test_Description    Status                  Remaining  LifeTime(hours)  LBA_of_first_error
# 1  Short offline       Completed without error       00%       488         -
# 2  Vendor (0x50)       Completed without error       00%         0         -

SMART Selective self-test log data structure revision number 1
 SPAN  MIN_LBA  MAX_LBA  CURRENT_TEST_STATUS
    1        0        0  Not_testing
    2        0        0  Not_testing
    3        0        0  Not_testing
    4        0        0  Not_testing
    5        0        0  Not_testing
Selective self-test flags (0x0):
  After scanning selected spans, do NOT read-scan remainder of disk.
If Selective self-test is pending on power-up, resume after 0 minute delay.

SCT Status Version:                  2
SCT Version (vendor specific):       0 (0x0000)
SCT Support Level:                   1
Device State:                        Active (0)
Current Temperature:                    33 Celsius
Power Cycle Min/Max Temperature:     32/33 Celsius
Lifetime    Min/Max Temperature:      9/45 Celsius
Under/Over Temperature Limit Count:   0/0

SCT Temperature History Version:     2
Temperature Sampling Period:         1 minute
Temperature Logging Interval:        1 minute
Min/Max recommended Temperature:      5/60 Celsius
Min/Max Temperature Limit:           -40/65 Celsius
Temperature History Size (Index):    478 (118)

Index    Estimated Time   Temperature Celsius
 119    2019-05-02 11:51    36  *****************
 120    2019-05-02 11:52    35  ****************
 ...    ..(  2 skipped).    ..  ****************
 123    2019-05-02 11:55    35  ****************
 124    2019-05-02 11:56    34  ***************
 125    2019-05-02 11:57     ?  -
 126    2019-05-02 11:58    33  **************
 ...    ..(  8 skipped).    ..  **************
 135    2019-05-02 12:07    33  **************
 136    2019-05-02 12:08    32  *************
 ...    ..(  7 skipped).    ..  *************
 144    2019-05-02 12:16    32  *************
 145    2019-05-02 12:17     ?  -
 146    2019-05-02 12:18    32  *************
 ...    ..( 10 skipped).    ..  *************
 157    2019-05-02 12:29    32  *************
 158    2019-05-02 12:30     ?  -
 159    2019-05-02 12:31    32  *************
 160    2019-05-02 12:32    32  *************
 161    2019-05-02 12:33     ?  -
 162    2019-05-02 12:34    31  ************
 ...    ..(  2 skipped).    ..  ************
 165    2019-05-02 12:37    31  ************
 166    2019-05-02 12:38     ?  -
 167    2019-05-02 12:39    31  ************
 168    2019-05-02 12:40     ?  -
 169    2019-05-02 12:41    31  ************
 ...    ..(  5 skipped).    ..  ************
 175    2019-05-02 12:47    31  ************
 176    2019-05-02 12:48     ?  -
 177    2019-05-02 12:49    31  ************
 178    2019-05-02 12:50     ?  -
 179    2019-05-02 12:51    30  ***********
 180    2019-05-02 12:52    31  ************
 181    2019-05-02 12:53     ?  -
 182    2019-05-02 12:54    31  ************
 ...    ..(  3 skipped).    ..  ************
 186    2019-05-02 12:58    31  ************
 187    2019-05-02 12:59     ?  -
 188    2019-05-02 13:00    31  ************
 189    2019-05-02 13:01     ?  -
 190    2019-05-02 13:02    31  ************
 ...    ..(  5 skipped).    ..  ************
 196    2019-05-02 13:08    31  ************
 197    2019-05-02 13:09     ?  -
 198    2019-05-02 13:10    31  ************
 199    2019-05-02 13:11    31  ************
 200    2019-05-02 13:12     ?  -
 201    2019-05-02 13:13    31  ************
 ...    ..(  2 skipped).    ..  ************
 204    2019-05-02 13:16    31  ************
 205    2019-05-02 13:17     ?  -
 206    2019-05-02 13:18    31  ************
 207    2019-05-02 13:19    31  ************
 208    2019-05-02 13:20     ?  -
 209    2019-05-02 13:21    31  ************
 210    2019-05-02 13:22     ?  -
 211    2019-05-02 13:23    31  ************
 212    2019-05-02 13:24     ?  -
 213    2019-05-02 13:25    31  ************
 214    2019-05-02 13:26    30  ***********
 215    2019-05-02 13:27    31  ************
 216    2019-05-02 13:28    30  ***********
 217    2019-05-02 13:29    31  ************
 218    2019-05-02 13:30    31  ************
 219    2019-05-02 13:31    31  ************
 220    2019-05-02 13:32     ?  -
 221    2019-05-02 13:33    31  ************
 222    2019-05-02 13:34    30  ***********
 223    2019-05-02 13:35     ?  -
 224    2019-05-02 13:36    30  ***********
 225    2019-05-02 13:37     ?  -
 226    2019-05-02 13:38    30  ***********
 227    2019-05-02 13:39    30  ***********
 228    2019-05-02 13:40     ?  -
 229    2019-05-02 13:41    30  ***********
 230    2019-05-02 13:42    30  ***********
 231    2019-05-02 13:43    30  ***********
 232    2019-05-02 13:44    31  ************
 233    2019-05-02 13:45     ?  -
 234    2019-05-02 13:46    31  ************
 235    2019-05-02 13:47     ?  -
 236    2019-05-02 13:48    30  ***********
 237    2019-05-02 13:49    30  ***********
 238    2019-05-02 13:50    31  ************
 239    2019-05-02 13:51    31  ************
 240    2019-05-02 13:52     ?  -
 241    2019-05-02 13:53    30  ***********
 242    2019-05-02 13:54    30  ***********
 243    2019-05-02 13:55    31  ************
 244    2019-05-02 13:56    30  ***********
 245    2019-05-02 13:57    31  ************
 ...    ..(  7 skipped).    ..  ************
 253    2019-05-02 14:05    31  ************
 254    2019-05-02 14:06     ?  -
 255    2019-05-02 14:07    31  ************
 256    2019-05-02 14:08    31  ************
 257    2019-05-02 14:09     ?  -
 258    2019-05-02 14:10    31  ************
 259    2019-05-02 14:11    31  ************
 260    2019-05-02 14:12    30  ***********
 ...    ..(  7 skipped).    ..  ***********
 268    2019-05-02 14:20    30  ***********
 269    2019-05-02 14:21     ?  -
 270    2019-05-02 14:22    30  ***********
 271    2019-05-02 14:23    30  ***********
 272    2019-05-02 14:24     ?  -
 273    2019-05-02 14:25    30  ***********
 ...    ..(  2 skipped).    ..  ***********
 276    2019-05-02 14:28    30  ***********
 277    2019-05-02 14:29     ?  -
 278    2019-05-02 14:30    30  ***********
 279    2019-05-02 14:31    30  ***********
 280    2019-05-02 14:32     ?  -
 281    2019-05-02 14:33    30  ***********
 ...    ..(  2 skipped).    ..  ***********
 284    2019-05-02 14:36    30  ***********
 285    2019-05-02 14:37     ?  -
 286    2019-05-02 14:38    30  ***********
 287    2019-05-02 14:39    30  ***********
 288    2019-05-02 14:40     ?  -
 289    2019-05-02 14:41    30  ***********
 290    2019-05-02 14:42     ?  -
 291    2019-05-02 14:43    30  ***********
 ...    ..(  4 skipped).    ..  ***********
 296    2019-05-02 14:48    30  ***********
 297    2019-05-02 14:49     ?  -
 298    2019-05-02 14:50    30  ***********
 299    2019-05-02 14:51     ?  -
 300    2019-05-02 14:52    30  ***********
 301    2019-05-02 14:53     ?  -
 302    2019-05-02 14:54    30  ***********
 303    2019-05-02 14:55    30  ***********
 304    2019-05-02 14:56     ?  -
 305    2019-05-02 14:57    30  ***********
 306    2019-05-02 14:58    30  ***********
 307    2019-05-02 14:59    30  ***********
 308    2019-05-02 15:00     ?  -
 309    2019-05-02 15:01    30  ***********
 310    2019-05-02 15:02    30  ***********
 311    2019-05-02 15:03     ?  -
 312    2019-05-02 15:04    30  ***********
 313    2019-05-02 15:05    30  ***********
 314    2019-05-02 15:06     ?  -
 315    2019-05-02 15:07    30  ***********
 ...    ..(  2 skipped).    ..  ***********
 318    2019-05-02 15:10    30  ***********
 319    2019-05-02 15:11     ?  -
 320    2019-05-02 15:12    30  ***********
 321    2019-05-02 15:13    30  ***********
 322    2019-05-02 15:14    30  ***********
 323    2019-05-02 15:15     ?  -
 324    2019-05-02 15:16    30  ***********
 325    2019-05-02 15:17     ?  -
 326    2019-05-02 15:18    29  **********
 327    2019-05-02 15:19     ?  -
 328    2019-05-02 15:20    29  **********
 329    2019-05-02 15:21    30  ***********
 330    2019-05-02 15:22    30  ***********
 331    2019-05-02 15:23     ?  -
 332    2019-05-02 15:24    30  ***********
 ...    ..( 10 skipped).    ..  ***********
 343    2019-05-02 15:35    30  ***********
 344    2019-05-02 15:36     ?  -
 345    2019-05-02 15:37    30  ***********
 ...    ..(  4 skipped).    ..  ***********
 350    2019-05-02 15:42    30  ***********
 351    2019-05-02 15:43     ?  -
 352    2019-05-02 15:44    30  ***********
 ...    ..(  8 skipped).    ..  ***********
 361    2019-05-02 15:53    30  ***********
 362    2019-05-02 15:54    31  ************
 363    2019-05-02 15:55     ?  -
 364    2019-05-02 15:56    30  ***********
 365    2019-05-02 15:57    30  ***********
 366    2019-05-02 15:58    31  ************
 ...    ..(  2 skipped).    ..  ************
 369    2019-05-02 16:01    31  ************
 370    2019-05-02 16:02    30  ***********
 371    2019-05-02 16:03    30  ***********
 372    2019-05-02 16:04    30  ***********
 373    2019-05-02 16:05     ?  -
 374    2019-05-02 16:06    30  ***********
 375    2019-05-02 16:07    30  ***********
 376    2019-05-02 16:08     ?  -
 377    2019-05-02 16:09    30  ***********
 ...    ..(  2 skipped).    ..  ***********
 380    2019-05-02 16:12    30  ***********
 381    2019-05-02 16:13     ?  -
 382    2019-05-02 16:14    30  ***********
 383    2019-05-02 16:15     ?  -
 384    2019-05-02 16:16    30  ***********
 385    2019-05-02 16:17     ?  -
 386    2019-05-02 16:18    30  ***********
 ...    ..(  4 skipped).    ..  ***********
 391    2019-05-02 16:23    30  ***********
 392    2019-05-02 16:24     ?  -
 393    2019-05-02 16:25    30  ***********
 394    2019-05-02 16:26    30  ***********
 395    2019-05-02 16:27     ?  -
 396    2019-05-02 16:28    30  ***********
 ...    ..(  4 skipped).    ..  ***********
 401    2019-05-02 16:33    30  ***********
 402    2019-05-02 16:34     ?  -
 403    2019-05-02 16:35    30  ***********
 404    2019-05-02 16:36    30  ***********
 405    2019-05-02 16:37     ?  -
 406    2019-05-02 16:38    30  ***********
 ...    ..(  4 skipped).    ..  ***********
 411    2019-05-02 16:43    30  ***********
 412    2019-05-02 16:44     ?  -
 413    2019-05-02 16:45    25  ******
 414    2019-05-02 16:46     ?  -
 415    2019-05-02 16:47    24  *****
 416    2019-05-02 16:48     ?  -
 417    2019-05-02 16:49    25  ******
 418    2019-05-02 16:50     ?  -
 419    2019-05-02 16:51    25  ******
 420    2019-05-02 16:52     ?  -
 421    2019-05-02 16:53    26  *******
 422    2019-05-02 16:54     ?  -
 423    2019-05-02 16:55    29  **********
 424    2019-05-02 16:56    29  **********
 425    2019-05-02 16:57    30  ***********
 426    2019-05-02 16:58    30  ***********
 427    2019-05-02 16:59    31  ************
 428    2019-05-02 17:00     ?  -
 429    2019-05-02 17:01    31  ************
 430    2019-05-02 17:02     ?  -
 431    2019-05-02 17:03    35  ****************
 432    2019-05-02 17:04    34  ***************
 433    2019-05-02 17:05    35  ****************
 434    2019-05-02 17:06    35  ****************
 435    2019-05-02 17:07    35  ****************
 436    2019-05-02 17:08    36  *****************
 437    2019-05-02 17:09    35  ****************
 438    2019-05-02 17:10    36  *****************
 439    2019-05-02 17:11    36  *****************
 440    2019-05-02 17:12    37  ******************
 ...    ..( 14 skipped).    ..  ******************
 455    2019-05-02 17:27    37  ******************
 456    2019-05-02 17:28     ?  -
 457    2019-05-02 17:29    33  **************
 ...    ..(  6 skipped).    ..  **************
 464    2019-05-02 17:36    33  **************
 465    2019-05-02 17:37     ?  -
 466    2019-05-02 17:38    24  *****
 467    2019-05-02 17:39    24  *****
 468    2019-05-02 17:40    25  ******
 469    2019-05-02 17:41    26  *******
 470    2019-05-02 17:42    26  *******
 471    2019-05-02 17:43    27  ********
 472    2019-05-02 17:44    27  ********
 473    2019-05-02 17:45    28  *********
 474    2019-05-02 17:46    28  *********
 475    2019-05-02 17:47    28  *********
 476    2019-05-02 17:48    29  **********
 477    2019-05-02 17:49    29  **********
   0    2019-05-02 17:50    30  ***********
   1    2019-05-02 17:51    30  ***********
   2    2019-05-02 17:52    32  *************
   3    2019-05-02 17:53    32  *************
   4    2019-05-02 17:54    32  *************
   5    2019-05-02 17:55    33  **************
 ...    ..(  7 skipped).    ..  **************
  13    2019-05-02 18:03    33  **************
  14    2019-05-02 18:04    34  ***************
 ...    ..(  2 skipped).    ..  ***************
  17    2019-05-02 18:07    34  ***************
  18    2019-05-02 18:08     ?  -
  19    2019-05-02 18:09    25  ******
  20    2019-05-02 18:10    26  *******
  21    2019-05-02 18:11    27  ********
  22    2019-05-02 18:12    28  *********
  23    2019-05-02 18:13    29  **********
  24    2019-05-02 18:14    30  ***********
  25    2019-05-02 18:15    30  ***********
  26    2019-05-02 18:16    30  ***********
  27    2019-05-02 18:17    31  ************
  28    2019-05-02 18:18    31  ************
  29    2019-05-02 18:19    32  *************
  30    2019-05-02 18:20    33  **************
 ...    ..(  2 skipped).    ..  **************
  33    2019-05-02 18:23    33  **************
  34    2019-05-02 18:24    34  ***************
  35    2019-05-02 18:25    33  **************
  36    2019-05-02 18:26    34  ***************
 ...    ..(  6 skipped).    ..  ***************
  43    2019-05-02 18:33    34  ***************
  44    2019-05-02 18:34    35  ****************
  45    2019-05-02 18:35    34  ***************
  46    2019-05-02 18:36    34  ***************
  47    2019-05-02 18:37    34  ***************
  48    2019-05-02 18:38    33  **************
 ...    ..( 11 skipped).    ..  **************
  60    2019-05-02 18:50    33  **************
  61    2019-05-02 18:51    34  ***************
  62    2019-05-02 18:52    34  ***************
  63    2019-05-02 18:53    33  **************
  64    2019-05-02 18:54    33  **************
  65    2019-05-02 18:55    34  ***************
  66    2019-05-02 18:56    33  **************
 ...    ..( 11 skipped).    ..  **************
  78    2019-05-02 19:08    33  **************
  79    2019-05-02 19:09     ?  -
  80    2019-05-02 19:10    22  ***
  81    2019-05-02 19:11    22  ***
  82    2019-05-02 19:12    23  ****
  83    2019-05-02 19:13    24  *****
  84    2019-05-02 19:14    26  *******
  85    2019-05-02 19:15    26  *******
  86    2019-05-02 19:16    27  ********
  87    2019-05-02 19:17    27  ********
  88    2019-05-02 19:18    28  *********
  89    2019-05-02 19:19    28  *********
  90    2019-05-02 19:20    28  *********
  91    2019-05-02 19:21    29  **********
  92    2019-05-02 19:22    29  **********
  93    2019-05-02 19:23    30  ***********
  94    2019-05-02 19:24    30  ***********
  95    2019-05-02 19:25    30  ***********
  96    2019-05-02 19:26    31  ************
  97    2019-05-02 19:27    31  ************
  98    2019-05-02 19:28    32  *************
 ...    ..(  2 skipped).    ..  *************
 101    2019-05-02 19:31    32  *************
 102    2019-05-02 19:32    33  **************
 ...    ..(  2 skipped).    ..  **************
 105    2019-05-02 19:35    33  **************
 106    2019-05-02 19:36     ?  -
 107    2019-05-02 19:37    33  **************
 108    2019-05-02 19:38     ?  -
 109    2019-05-02 19:39    33  **************
 110    2019-05-02 19:40     ?  -
 111    2019-05-02 19:41    32  *************
 112    2019-05-02 19:42    32  *************
 113    2019-05-02 19:43     ?  -
 114    2019-05-02 19:44    33  **************
 115    2019-05-02 19:45    33  **************
 116    2019-05-02 19:46     ?  -
 117    2019-05-02 19:47    33  **************
 118    2019-05-02 19:48    33  **************

SCT Error Recovery Control:
           Read: Disabled
          Write: Disabled

Device Statistics (GP/SMART Log 0x04) not supported

SATA Phy Event Counters (GP Log 0x11)
ID      Size     Value  Description
0x0001  4            0  Command failed due to ICRC error
0x0002  4            0  R_ERR response for data FIS
0x0003  4            0  R_ERR response for device-to-host data FIS
0x0004  4            0  R_ERR response for host-to-device data FIS
0x0005  4            0  R_ERR response for non-data FIS
0x0006  4            0  R_ERR response for device-to-host non-data FIS
0x0008  4            0  Device-to-host non-data FIS retries
0x0009  4          116  Transition from drive PhyRdy to drive PhyNRdy
0x000a  4            2  Device-to-host register FISes sent due to a COMRESET
0x000b  4            0  CRC errors within host-to-device FIS
0x000d  4            0  Non-CRC errors within host-to-device FIS
0x000f  4            0  R_ERR response for host-to-device data FIS, CRC
0x0010  4            0  R_ERR response for host-to-device data FIS, non-CRC

